Archive member included to satisfy reference by file (symbol)

/home/tuan/AK_kit/gcc-arm-none-eabi-10.3-2021.10-x86_64-linux/gcc-arm-none-eabi-10.3-2021.10/arm-none-eabi/lib/thumb/v7-m/nofp/libc.a(lib_a-memcmp.o)
                              build_ak-base-kit-stm32l151-boot/app.o (memcmp)
/home/tuan/AK_kit/gcc-arm-none-eabi-10.3-2021.10-x86_64-linux/gcc-arm-none-eabi-10.3-2021.10/arm-none-eabi/lib/thumb/v7-m/nofp/libc.a(lib_a-memcpy.o)
                              build_ak-base-kit-stm32l151-boot/sys_boot.o (memcpy)
/home/tuan/AK_kit/gcc-arm-none-eabi-10.3-2021.10-x86_64-linux/gcc-arm-none-eabi-10.3-2021.10/arm-none-eabi/lib/thumb/v7-m/nofp/libc.a(lib_a-memset.o)
                              build_ak-base-kit-stm32l151-boot/system.o (memset)
/home/tuan/AK_kit/gcc-arm-none-eabi-10.3-2021.10-x86_64-linux/gcc-arm-none-eabi-10.3-2021.10/arm-none-eabi/lib/thumb/v7-m/nofp/libc.a(lib_a-strlen-stub.o)
                              build_ak-base-kit-stm32l151-boot/Print.o (strlen)
/home/tuan/AK_kit/gcc-arm-none-eabi-10.3-2021.10-x86_64-linux/gcc-arm-none-eabi-10.3-2021.10/arm-none-eabi/lib/thumb/v7-m/nofp/libstdc++_nano.a(pure.o)
                              build_ak-base-kit-stm32l151-boot/Print.o (__cxa_pure_virtual)
/home/tuan/AK_kit/gcc-arm-none-eabi-10.3-2021.10-x86_64-linux/gcc-arm-none-eabi-10.3-2021.10/arm-none-eabi/lib/thumb/v7-m/nofp/libstdc++_nano.a(eh_terminate.o)
                              /home/tuan/AK_kit/gcc-arm-none-eabi-10.3-2021.10-x86_64-linux/gcc-arm-none-eabi-10.3-2021.10/arm-none-eabi/lib/thumb/v7-m/nofp/libstdc++_nano.a(pure.o) (std::terminate())
/home/tuan/AK_kit/gcc-arm-none-eabi-10.3-2021.10-x86_64-linux/gcc-arm-none-eabi-10.3-2021.10/arm-none-eabi/lib/thumb/v7-m/nofp/libstdc++_nano.a(eh_unex_handler.o)
                              /home/tuan/AK_kit/gcc-arm-none-eabi-10.3-2021.10-x86_64-linux/gcc-arm-none-eabi-10.3-2021.10/arm-none-eabi/lib/thumb/v7-m/nofp/libstdc++_nano.a(eh_terminate.o) (__cxxabiv1::__unexpected_handler)
/home/tuan/AK_kit/gcc-arm-none-eabi-10.3-2021.10-x86_64-linux/gcc-arm-none-eabi-10.3-2021.10/arm-none-eabi/lib/thumb/v7-m/nofp/libstdc++_nano.a(eh_term_handler.o)
                              /home/tuan/AK_kit/gcc-arm-none-eabi-10.3-2021.10-x86_64-linux/gcc-arm-none-eabi-10.3-2021.10/arm-none-eabi/lib/thumb/v7-m/nofp/libstdc++_nano.a(eh_terminate.o) (__cxxabiv1::__terminate_handler)
/home/tuan/AK_kit/gcc-arm-none-eabi-10.3-2021.10-x86_64-linux/gcc-arm-none-eabi-10.3-2021.10/lib/gcc/arm-none-eabi/10.3.1/thumb/v7-m/nofp/libgcc.a(_arm_muldf3.o)
                              build_ak-base-kit-stm32l151-boot/Print.o (__aeabi_dmul)
/home/tuan/AK_kit/gcc-arm-none-eabi-10.3-2021.10-x86_64-linux/gcc-arm-none-eabi-10.3-2021.10/lib/gcc/arm-none-eabi/10.3.1/thumb/v7-m/nofp/libgcc.a(_arm_addsubdf3.o)
                              build_ak-base-kit-stm32l151-boot/Print.o (__aeabi_dsub)
/home/tuan/AK_kit/gcc-arm-none-eabi-10.3-2021.10-x86_64-linux/gcc-arm-none-eabi-10.3-2021.10/lib/gcc/arm-none-eabi/10.3.1/thumb/v7-m/nofp/libgcc.a(_arm_muldivdf3.o)
                              build_ak-base-kit-stm32l151-boot/Print.o (__aeabi_ddiv)
/home/tuan/AK_kit/gcc-arm-none-eabi-10.3-2021.10-x86_64-linux/gcc-arm-none-eabi-10.3-2021.10/lib/gcc/arm-none-eabi/10.3.1/thumb/v7-m/nofp/libgcc.a(_arm_cmpdf2.o)
                              build_ak-base-kit-stm32l151-boot/Print.o (__aeabi_dcmplt)
/home/tuan/AK_kit/gcc-arm-none-eabi-10.3-2021.10-x86_64-linux/gcc-arm-none-eabi-10.3-2021.10/lib/gcc/arm-none-eabi/10.3.1/thumb/v7-m/nofp/libgcc.a(_arm_unorddf2.o)
                              build_ak-base-kit-stm32l151-boot/Print.o (__aeabi_dcmpun)
/home/tuan/AK_kit/gcc-arm-none-eabi-10.3-2021.10-x86_64-linux/gcc-arm-none-eabi-10.3-2021.10/lib/gcc/arm-none-eabi/10.3.1/thumb/v7-m/nofp/libgcc.a(_arm_fixdfsi.o)
                              build_ak-base-kit-stm32l151-boot/Print.o (__aeabi_d2iz)
/home/tuan/AK_kit/gcc-arm-none-eabi-10.3-2021.10-x86_64-linux/gcc-arm-none-eabi-10.3-2021.10/lib/gcc/arm-none-eabi/10.3.1/thumb/v7-m/nofp/libgcc.a(_arm_fixunsdfsi.o)
                              build_ak-base-kit-stm32l151-boot/Print.o (__aeabi_d2uiz)
/home/tuan/AK_kit/gcc-arm-none-eabi-10.3-2021.10-x86_64-linux/gcc-arm-none-eabi-10.3-2021.10/arm-none-eabi/lib/thumb/v7-m/nofp/libg.a(lib_a-abort.o)
                              /home/tuan/AK_kit/gcc-arm-none-eabi-10.3-2021.10-x86_64-linux/gcc-arm-none-eabi-10.3-2021.10/arm-none-eabi/lib/thumb/v7-m/nofp/libstdc++_nano.a(eh_terminate.o) (abort)
/home/tuan/AK_kit/gcc-arm-none-eabi-10.3-2021.10-x86_64-linux/gcc-arm-none-eabi-10.3-2021.10/arm-none-eabi/lib/thumb/v7-m/nofp/libg.a(lib_a-signal.o)
                              /home/tuan/AK_kit/gcc-arm-none-eabi-10.3-2021.10-x86_64-linux/gcc-arm-none-eabi-10.3-2021.10/arm-none-eabi/lib/thumb/v7-m/nofp/libg.a(lib_a-abort.o) (raise)
/home/tuan/AK_kit/gcc-arm-none-eabi-10.3-2021.10-x86_64-linux/gcc-arm-none-eabi-10.3-2021.10/arm-none-eabi/lib/thumb/v7-m/nofp/libg.a(lib_a-signalr.o)
[...]
Memory Configuration

Name             Origin             Length             Attributes
FLASH            0x0000000008000000 0x0000000000002000 xr
BSF              0x0000000008002000 0x0000000000001000 xr
SRAM             0x0000000020000000 0x0000000000004000 xrw
*default*        0x0000000000000000 0xffffffffffffffff

Linker script and memory map

                0x0000000000000000                HEAP_SIZE = 0x0
                0x0000000000000000                . = ALIGN (0x4)

.start_boot_share_data_flash
                0x0000000008002000        0x0
                0x0000000008002000                _start_boot_share_data_flash = .

.start_flash    0x0000000008000000        0x0
                0x0000000008000000                _start_flash = .

.isr_vector     0x0000000008000000       0xf4
 *(.isr_vector)
 .isr_vector    0x0000000008000000       0xf4 build_ak-base-kit-stm32l151-boot/system.o
                0x0000000008000000                isr_vector

.text           0x00000000080000f8     0x1912
 *(.text)
 .text          0x00000000080000f8       0xec /home/tuan/AK_kit/gcc-arm-none-eabi-10.3-2021.10-x86_64-linux/gcc-arm-none-eabi-10.3-2021.10/arm-none-eabi/lib/thumb/v7-m/nofp/libc.a(lib_a-memcpy.o)
                0x00000000080000f8                memcpy
 *(.text*)
 .text.xprintf  0x00000000080001e4      0x1ec build_ak-base-kit-stm32l151-boot/xprintf.o
                0x00000000080001e4                xprintf
 .text.led_init
                0x00000000080003d0       0x20 build_ak-base-kit-stm32l151-boot/led.o
                0x00000000080003d0                led_init
 .text.led_off  0x00000000080003f0        0xc build_ak-base-kit-stm32l151-boot/led.o
                0x00000000080003f0                led_off
 .text.led_blink_set
                0x00000000080003fc       0x18 build_ak-base-kit-stm32l151-boot/led.o
                0x00000000080003fc                led_blink_set
 .text.led_blink_reset
                0x0000000008000414       0x14 build_ak-base-kit-stm32l151-boot/led.o
                0x0000000008000414                led_blink_reset
 .text.led_blink_polling
                0x0000000008000428       0x44 build_ak-base-kit-stm32l151-boot/led.o
                0x0000000008000428                led_blink_polling
 .text.flash_wait_to_idle
                0x000000000800046c       0x48 build_ak-base-kit-stm32l151-boot/flash.o
 .text.flash_read
                0x00000000080004b4       0x4c build_ak-base-kit-stm32l151-boot/flash.o
                0x00000000080004b4                flash_read
 .text.sys_boot_init
                0x0000000008000500       0x14 build_ak-base-kit-stm32l151-boot/sys_boot.o
                0x0000000008000500                sys_boot_init
 .text.sys_boot_get
                0x0000000008000514        0xc build_ak-base-kit-stm32l151-boot/sys_boot.o
                0x0000000008000514                sys_boot_get
 .text.sys_boot_set
                0x0000000008000520       0x34 build_ak-base-kit-stm32l151-boot/sys_boot.o
                0x0000000008000520                sys_boot_set
 .text.GPIO_Init
                0x0000000008000554       0x9c build_ak-base-kit-stm32l151-boot/stm32l1xx_gpio.o
                0x0000000008000554                GPIO_Init
 .text.GPIO_ReadInputDataBit
                0x00000000080005f0        0xc build_ak-base-kit-stm32l151-boot/stm32l1xx_gpio.o
                0x00000000080005f0                GPIO_ReadInputDataBit
 .text.GPIO_SetBits
                0x00000000080005fc        0x4 build_ak-base-kit-stm32l151-boot/stm32l1xx_gpio.o
                0x00000000080005fc                GPIO_SetBits
 .text.GPIO_ResetBits
                0x0000000008000600        0x4 build_ak-base-kit-stm32l151-boot/stm32l1xx_gpio.o
                0x0000000008000600                GPIO_ResetBits
 .text.GPIO_PinAFConfig
                0x0000000008000604       0x28 build_ak-base-kit-stm32l151-boot/stm32l1xx_gpio.o
                0x0000000008000604                GPIO_PinAFConfig
 .text.RCC_GetClocksFreq
                0x000000000800062c       0xb0 build_ak-base-kit-stm32l151-boot/stm32l1xx_rcc.o
                0x000000000800062c                RCC_GetClocksFreq
 .text.RCC_AHBPeriphClockCmd
                0x00000000080006dc       0x18 build_ak-base-kit-stm32l151-boot/stm32l1xx_rcc.o
                0x00000000080006dc                RCC_AHBPeriphClockCmd
 .text.RCC_APB2PeriphClockCmd
                0x00000000080006f4       0x18 build_ak-base-kit-stm32l151-boot/stm32l1xx_rcc.o
                0x00000000080006f4                RCC_APB2PeriphClockCmd
 .text.RCC_APB1PeriphClockCmd
                0x000000000800070c       0x18 build_ak-base-kit-stm32l151-boot/stm32l1xx_rcc.o
                0x000000000800070c                RCC_APB1PeriphClockCmd
 .text.RCC_GetFlagStatus
                0x0000000008000724       0x20 build_ak-base-kit-stm32l151-boot/stm32l1xx_rcc.o
                0x0000000008000724                RCC_GetFlagStatus
 .text.RCC_ClearFlag
                0x0000000008000744       0x10 build_ak-base-kit-stm32l151-boot/stm32l1xx_rcc.o
                0x0000000008000744                RCC_ClearFlag
 .text.USART_Init
                0x0000000008000754       0xc0 build_ak-base-kit-stm32l151-boot/stm32l1xx_usart.o
                0x0000000008000754                USART_Init
 .text.USART_Cmd
                0x0000000008000814       0x1c build_ak-base-kit-stm32l151-boot/stm32l1xx_usart.o
                0x0000000008000814                USART_Cmd
 .text.USART_SendData
                0x0000000008000830        0x8 build_ak-base-kit-stm32l151-boot/stm32l1xx_usart.o
                0x0000000008000830                USART_SendData
 .text.USART_ReceiveData
                0x0000000008000838        0x8 build_ak-base-kit-stm32l151-boot/stm32l1xx_usart.o
                0x0000000008000838                USART_ReceiveData
 .text.USART_ITConfig
                0x0000000008000840       0x34 build_ak-base-kit-stm32l151-boot/stm32l1xx_usart.o
                0x0000000008000840                USART_ITConfig
 .text.USART_GetFlagStatus
                0x0000000008000874        0xc build_ak-base-kit-stm32l151-boot/stm32l1xx_usart.o
                0x0000000008000874                USART_GetFlagStatus
 .text.USART_GetITStatus
                0x0000000008000880       0x44 build_ak-base-kit-stm32l151-boot/stm32l1xx_usart.o
                0x0000000008000880                USART_GetITStatus
 .text.USART_ClearITPendingBit
                0x00000000080008c4       0x10 build_ak-base-kit-stm32l151-boot/stm32l1xx_usart.o
                0x00000000080008c4                USART_ClearITPendingBit
 .text.SPI_Init
                0x00000000080008d4       0x54 build_ak-base-kit-stm32l151-boot/stm32l1xx_spi.o
                0x00000000080008d4                SPI_Init
 .text.SPI_Cmd  0x0000000008000928       0x1c build_ak-base-kit-stm32l151-boot/stm32l1xx_spi.o
                0x0000000008000928                SPI_Cmd
 .text.SPI_I2S_ReceiveData
                0x0000000008000944        0x8 build_ak-base-kit-stm32l151-boot/stm32l1xx_spi.o
                0x0000000008000944                SPI_I2S_ReceiveData
 .text.SPI_I2S_SendData
                0x000000000800094c        0x4 build_ak-base-kit-stm32l151-boot/stm32l1xx_spi.o
                0x000000000800094c                SPI_I2S_SendData
 .text.SPI_I2S_GetFlagStatus
                0x0000000008000950        0xc build_ak-base-kit-stm32l151-boot/stm32l1xx_spi.o
                0x0000000008000950                SPI_I2S_GetFlagStatus
 .text.NVIC_Init
                0x000000000800095c       0x70 build_ak-base-kit-stm32l151-boot/misc.o
                0x000000000800095c                NVIC_Init
 .text.FLASH_Unlock
                0x00000000080009cc       0x38 build_ak-base-kit-stm32l151-boot/stm32l1xx_flash.o
                0x00000000080009cc                FLASH_Unlock
 .text.FLASH_ClearFlag
                0x0000000008000a04        0xc build_ak-base-kit-stm32l151-boot/stm32l1xx_flash.o
                0x0000000008000a04                FLASH_ClearFlag
 .text.FLASH_WaitForLastOperation
                0x0000000008000a10       0x94 build_ak-base-kit-stm32l151-boot/stm32l1xx_flash.o
                0x0000000008000a10                FLASH_WaitForLastOperation
 .text.FLASH_ErasePage
                0x0000000008000aa4       0x48 build_ak-base-kit-stm32l151-boot/stm32l1xx_flash.o
                0x0000000008000aa4                FLASH_ErasePage
 .text.FLASH_FastProgramWord
                0x0000000008000aec       0x24 build_ak-base-kit-stm32l151-boot/stm32l1xx_flash.o
                0x0000000008000aec                FLASH_FastProgramWord
 .text.IWDG_WriteAccessCmd
                0x0000000008000b10        0xc build_ak-base-kit-stm32l151-boot/stm32l1xx_iwdg.o
                0x0000000008000b10                IWDG_WriteAccessCmd
 .text.IWDG_SetPrescaler
                0x0000000008000b1c        0xc build_ak-base-kit-stm32l151-boot/stm32l1xx_iwdg.o
                0x0000000008000b1c                IWDG_SetPrescaler
 .text.IWDG_SetReload
                0x0000000008000b28        0xc build_ak-base-kit-stm32l151-boot/stm32l1xx_iwdg.o
                0x0000000008000b28                IWDG_SetReload
 .text.IWDG_ReloadCounter
                0x0000000008000b34       0x10 build_ak-base-kit-stm32l151-boot/stm32l1xx_iwdg.o
                0x0000000008000b34                IWDG_ReloadCounter
 .text.IWDG_Enable
                0x0000000008000b44       0x10 build_ak-base-kit-stm32l151-boot/stm32l1xx_iwdg.o
                0x0000000008000b44                IWDG_Enable
 .text.disable_interrupts
                0x0000000008000b54       0x10 build_ak-base-kit-stm32l151-boot/stm32l.o
                0x0000000008000b54                disable_interrupts
 .text.entry_critical
                0x0000000008000b64       0x14 build_ak-base-kit-stm32l151-boot/stm32l.o
                0x0000000008000b64                entry_critical
 .text.exit_critical
                0x0000000008000b78       0x14 build_ak-base-kit-stm32l151-boot/stm32l.o
                0x0000000008000b78                exit_critical
 .text.default_handler
                0x0000000008000b8c        0x4 build_ak-base-kit-stm32l151-boot/system.o
                0x0000000008000b8c                svc_handler
                0x0000000008000b8c                default_handler
                0x0000000008000b8c                dg_monitor_handler
                0x0000000008000b8c                pendsv_handler
 .text.nmi_handler
                0x0000000008000b90        0x4 build_ak-base-kit-stm32l151-boot/system.o
                0x0000000008000b90                nmi_handler
 .text.shell_handler
                0x0000000008000b94       0x20 build_ak-base-kit-stm32l151-boot/system.o
 .text.reset_handler
                0x0000000008000bb4       0x8c build_ak-base-kit-stm32l151-boot/system.o
                0x0000000008000bb4                reset_handler
 .text.systick_handler
                0x0000000008000c40        0x4 build_ak-base-kit-stm32l151-boot/system.o
                0x0000000008000c40                systick_handler
 .text.usage_fault_handler
                0x0000000008000c44        0x4 build_ak-base-kit-stm32l151-boot/system.o
                0x0000000008000c44                usage_fault_handler
 .text.hard_fault_handler
                0x0000000008000c48        0x4 build_ak-base-kit-stm32l151-boot/system.o
                0x0000000008000c48                hard_fault_handler
 .text.mem_manage_handler
                0x0000000008000c4c        0x4 build_ak-base-kit-stm32l151-boot/system.o
                0x0000000008000c4c                mem_manage_handler
 .text.bus_fault_handler
                0x0000000008000c50        0x4 build_ak-base-kit-stm32l151-boot/system.o
                0x0000000008000c50                bus_fault_handler
 .text.xputchar
                0x0000000008000c54       0x2c build_ak-base-kit-stm32l151-boot/sys_cfg.o
 .text.sys_cfg_tick
                0x0000000008000c80       0x4c build_ak-base-kit-stm32l151-boot/sys_cfg.o
                0x0000000008000c80                sys_cfg_tick
 .text.sys_cfg_console
                0x0000000008000ccc       0xc4 build_ak-base-kit-stm32l151-boot/sys_cfg.o
                0x0000000008000ccc                sys_cfg_console
 .text.sys_ctrl_shell_put_char
                0x0000000008000d90       0x2c build_ak-base-kit-stm32l151-boot/sys_cfg.o
                0x0000000008000d90                sys_ctrl_shell_put_char
 .text.sys_ctrl_shell_get_char
                0x0000000008000dbc       0x2c build_ak-base-kit-stm32l151-boot/sys_cfg.o
                0x0000000008000dbc                sys_ctrl_shell_get_char
 .text.sys_ctrl_reset
                0x0000000008000de8       0x20 build_ak-base-kit-stm32l151-boot/sys_cfg.o
                0x0000000008000de8                sys_ctrl_reset
 .text.sys_ctrl_delay_us
                0x0000000008000e08       0x1c build_ak-base-kit-stm32l151-boot/sys_cfg.o
                0x0000000008000e08                sys_ctrl_delay_us
 .text.sys_ctrl_delay_ms
                0x0000000008000e24       0x28 build_ak-base-kit-stm32l151-boot/sys_cfg.o
                0x0000000008000e24                sys_ctrl_delay_ms
 .text.sys_ctrl_independent_watchdog_init
                0x0000000008000e4c       0x30 build_ak-base-kit-stm32l151-boot/sys_cfg.o
                0x0000000008000e4c                sys_ctrl_independent_watchdog_init
 .text.sys_ctrl_independent_watchdog_reset
                0x0000000008000e7c       0x14 build_ak-base-kit-stm32l151-boot/sys_cfg.o
                0x0000000008000e7c                sys_ctrl_independent_watchdog_reset
 .text.sys_ctrl_get_firmware_info
                0x0000000008000e90       0x48 build_ak-base-kit-stm32l151-boot/sys_cfg.o
                0x0000000008000e90                sys_ctrl_get_firmware_info
 .text.sys_ctrl_jump_to_app
                0x0000000008000ed8       0x34 build_ak-base-kit-stm32l151-boot/sys_cfg.o
                0x0000000008000ed8                sys_ctrl_jump_to_app
 .text.io_button_mode_init
                0x0000000008000f0c       0x28 build_ak-base-kit-stm32l151-boot/io_cfg.o
                0x0000000008000f0c                io_button_mode_init
 .text.io_button_mode_read
                0x0000000008000f34        0xc build_ak-base-kit-stm32l151-boot/io_cfg.o
                0x0000000008000f34                io_button_mode_read
 .text.led_life_init
                0x0000000008000f40       0x2c build_ak-base-kit-stm32l151-boot/io_cfg.o
                0x0000000008000f40                led_life_init
 .text.led_life_on
                0x0000000008000f6c       0x10 build_ak-base-kit-stm32l151-boot/io_cfg.o
                0x0000000008000f6c                led_life_on
 .text.led_life_off
                0x0000000008000f7c       0x10 build_ak-base-kit-stm32l151-boot/io_cfg.o
                0x0000000008000f7c                led_life_off
 .text.flash_io_ctrl_init
                0x0000000008000f8c       0x2c build_ak-base-kit-stm32l151-boot/io_cfg.o
                0x0000000008000f8c                flash_io_ctrl_init
 .text.flash_cs_low
                0x0000000008000fb8       0x10 build_ak-base-kit-stm32l151-boot/io_cfg.o
                0x0000000008000fb8                flash_cs_low
 .text.flash_cs_high
                0x0000000008000fc8       0x10 build_ak-base-kit-stm32l151-boot/io_cfg.o
                0x0000000008000fc8                flash_cs_high
 .text.flash_transfer
                0x0000000008000fd8       0x34 build_ak-base-kit-stm32l151-boot/io_cfg.o
                0x0000000008000fd8                flash_transfer
 .text.internal_flash_unlock
                0x000000000800100c       0x14 build_ak-base-kit-stm32l151-boot/io_cfg.o
                0x000000000800100c                internal_flash_unlock
 .text.internal_flash_erase_pages_cal
                0x0000000008001020       0x2c build_ak-base-kit-stm32l151-boot/io_cfg.o
                0x0000000008001020                internal_flash_erase_pages_cal
 .text.internal_flash_write_cal
                0x000000000800104c       0x54 build_ak-base-kit-stm32l151-boot/io_cfg.o
                0x000000000800104c                internal_flash_write_cal
 .text.SystemInit
                0x00000000080010a0      0x110 build_ak-base-kit-stm32l151-boot/system_stm32l1xx.o
                0x00000000080010a0                SystemInit
 .text._ZL43jump_to_application_before_reset_peripheralv
                0x00000000080011b0       0x60 build_ak-base-kit-stm32l151-boot/app.o
 .text._Z29uart_boot_cmd_checksum_fw_resPv
                0x0000000008001210       0x54 build_ak-base-kit-stm32l151-boot/app.o
                0x0000000008001210                uart_boot_cmd_checksum_fw_res(void*)
 .text._Z27uart_boot_cmd_handshake_resPv
                0x0000000008001264       0x4c build_ak-base-kit-stm32l151-boot/app.o
                0x0000000008001264                uart_boot_cmd_handshake_res(void*)
 .text._Z24uart_boot_cmd_update_resPv
                0x00000000080012b0       0xb4 build_ak-base-kit-stm32l151-boot/app.o
                0x00000000080012b0                uart_boot_cmd_update_res(void*)
 .text._Z29uart_boot_cmd_transfer_fw_resPv
                0x0000000008001364       0x90 build_ak-base-kit-stm32l151-boot/app.o
                0x0000000008001364                uart_boot_cmd_transfer_fw_res(void*)
 .text.sys_irq_shell
                0x00000000080013f4       0x10 build_ak-base-kit-stm32l151-boot/app.o
                0x00000000080013f4                sys_irq_shell
 .text.boot_main
                0x0000000008001404      0x1e0 build_ak-base-kit-stm32l151-boot/app.o
                0x0000000008001404                boot_main
 .text.sys_irq_timer_10ms
                0x00000000080015e4        0xc build_ak-base-kit-stm32l151-boot/app.o
                0x00000000080015e4                sys_irq_timer_10ms
 .text._Z14uart_boot_initPFvPvE
                0x00000000080015f0       0x14 build_ak-base-kit-stm32l151-boot/uart_boot.o
                0x00000000080015f0                uart_boot_init(void (*)(void*))
 .text._Z25set_uart_boot_cmd_handlerPFvPvE
                0x0000000008001604       0x10 build_ak-base-kit-stm32l151-boot/uart_boot.o
                0x0000000008001604                set_uart_boot_cmd_handler(void (*)(void*))
 .text._Z21uart_boot_is_requiredv
                0x0000000008001614       0x1c build_ak-base-kit-stm32l151-boot/uart_boot.o
                0x0000000008001614                uart_boot_is_required()
 .text._Z15uart_boot_writePhh
                0x0000000008001630       0x3c build_ak-base-kit-stm32l151-boot/uart_boot.o
                0x0000000008001630                uart_boot_write(unsigned char*, unsigned char)
 .text._Z25uart_boot_rx_frame_parserh
                0x000000000800166c       0xa0 build_ak-base-kit-stm32l151-boot/uart_boot.o
                0x000000000800166c                uart_boot_rx_frame_parser(unsigned char)
 .text._Z31uart_boot_data_cmd_get_len_usedP20uart_boot_data_cmd_t
                0x000000000800170c        0x8 build_ak-base-kit-stm32l151-boot/uart_boot.o
                0x000000000800170c                uart_boot_data_cmd_get_len_used(uart_boot_data_cmd_t*)
 .text._ZN8SPIClass5beginEv
                0x0000000008001714       0xb4 build_ak-base-kit-stm32l151-boot/SPI.o
                0x0000000008001714                SPIClass::begin()
 .text.startup._GLOBAL__sub_I__ZN8SPIClassC2Ev
                0x00000000080017c8       0x10 build_ak-base-kit-stm32l151-boot/SPI.o
 .text.memcmp   0x00000000080017d8       0x68 /home/tuan/AK_kit/gcc-arm-none-eabi-10.3-2021.10-x86_64-linux/gcc-arm-none-eabi-10.3-2021.10/arm-none-eabi/lib/thumb/v7-m/nofp/libc.a(lib_a-memcmp.o)
                0x00000000080017d8                memcmp
 .text.memset   0x0000000008001840       0xa4 /home/tuan/AK_kit/gcc-arm-none-eabi-10.3-2021.10-x86_64-linux/gcc-arm-none-eabi-10.3-2021.10/arm-none-eabi/lib/thumb/v7-m/nofp/libc.a(lib_a-memset.o)
                0x0000000008001840                memset
 *fill*         0x00000000080018e4        0x4 
 .text.memset.__stub
                0x00000000080018e8        0x8 linker stubs
 *(.rodata)
 *(.rodata*)
 .rodata.boot_main.str1.4
                0x00000000080018f0      0x112 build_ak-base-kit-stm32l151-boot/app.o
 *fill*         0x0000000008001a02        0x2 
 .rodata.str1.4
                0x0000000008001a04        0x6 build_ak-base-kit-stm32l151-boot/app.o
 *(.glue_7)
 .glue_7        0x0000000008001a0a        0x0 linker stubs
 *(.glue_7t)
 .glue_7t       0x0000000008001a0a        0x0 linker stubs
 *(.init)
 *(.fini)
                0x0000000008001a0a                _etext = .

.vfp11_veneer   0x0000000008001a0c        0x0
 .vfp11_veneer  0x0000000008001a0c        0x0 linker stubs

.v4_bx          0x0000000008001a0c        0x0
 .v4_bx         0x0000000008001a0c        0x0 linker stubs

.iplt           0x0000000008001a0c        0x0
 .iplt          0x0000000008001a0c        0x0 build_ak-base-kit-stm32l151-boot/xprintf.o

.rel.dyn        0x0000000008001a0c        0x0
 .rel.iplt      0x0000000008001a0c        0x0 build_ak-base-kit-stm32l151-boot/xprintf.o

.preinit_array  0x0000000008001a0a        0x0
                [!provide]                        PROVIDE (__preinit_array_start = .)
 *(SORT_BY_NAME(.preinit_array.*))
 *(.preinit_array*)
                [!provide]                        PROVIDE (__preinit_array_end = .)

.init_array     0x0000000008001a0c        0x4
                [!provide]                        PROVIDE (__init_array_start = .)
 *(SORT_BY_NAME(.init_array.*))
 *(.init_array*)
 .init_array    0x0000000008001a0c        0x4 build_ak-base-kit-stm32l151-boot/SPI.o
                [!provide]                        PROVIDE (__init_array_end = .)

.fini_array     0x0000000008001a10        0x0
                [!provide]                        PROVIDE (__fini_array_start = .)
 *(.fini_array*)
 *(SORT_BY_NAME(.fini_array.*))
                [!provide]                        PROVIDE (__fini_array_end = .)

.end_flash      0x0000000008001a10        0x0
                0x0000000008001a10                _end_flash = .

.start_ram      0x0000000020000000        0x0
                0x0000000020000000                _start_ram = .

.data           0x0000000020000000      0x318 load address 0x0000000008001a10
                0x0000000020000000                _data = .
                0x0000000008001a10                _ldata = LOADADDR (.data)
 *(vtable)
 *(.data)
 *(.data*)
 .data.APBAHBPrescTable
                0x0000000020000000       0x10 build_ak-base-kit-stm32l151-boot/stm32l1xx_rcc.o
 .data.PLLMulTable
                0x0000000020000010        0x9 build_ak-base-kit-stm32l151-boot/stm32l1xx_rcc.o
 *fill*         0x0000000020000019        0x3 
 .data.SystemCoreClock
                0x000000002000001c        0x4 build_ak-base-kit-stm32l151-boot/system_stm32l1xx.o
                0x000000002000001c                SystemCoreClock
 .data.boot_version
                0x0000000020000020        0x4 build_ak-base-kit-stm32l151-boot/app.o
                0x0000000020000020                boot_version
 *(.RamFunc)
 .RamFunc       0x0000000020000024      0x2f4 build_ak-base-kit-stm32l151-boot/stm32l1xx_flash_ramfunc.o
                0x00000000200000bc                FLASH_RUNPowerDownCmd
                0x00000000200000f8                FLASH_EraseParallelPage
                0x000000002000014c                FLASH_ProgramHalfPage
                0x00000000200001c0                FLASH_ProgramParallelHalfPage
                0x0000000020000260                DATA_EEPROM_EraseDoubleWord
                0x00000000200002b8                DATA_EEPROM_ProgramDoubleWord
 *(.RamFunc*)
                0x0000000020000318                _edata = .

.igot.plt       0x0000000020000318        0x0 load address 0x0000000008001d28
 .igot.plt      0x0000000020000318        0x0 build_ak-base-kit-stm32l151-boot/xprintf.o

non_clear_ram   0x0000000020000318        0x1 load address 0x0000000008001d28
 non_clear_ram  0x0000000020000318        0x1 build_ak-base-kit-stm32l151-boot/system.o
                0x0000000020000318                power_on_reset

.non_clear_ram  0x0000000020000319        0x0
                0x0000000020000319                _non_clear_ram = .
 *(.non_clear_ram)
 *(.non_clear_ram*)
                0x0000000020000319                _enon_clear_ram = .

.bss            0x000000002000031c      0x1e6 load address 0x0000000008001d2c
                0x000000002000031c                _bss = .
 *(.bss)
 *(.bss*)
 .bss.xfunc_out
                0x000000002000031c        0x4 build_ak-base-kit-stm32l151-boot/xprintf.o
                0x000000002000031c                xfunc_out
 .bss.sys_boot_obj
                0x0000000020000320       0x58 build_ak-base-kit-stm32l151-boot/sys_boot.o
 .bss.nest_entry_critical_counter
                0x0000000020000378        0x4 build_ak-base-kit-stm32l151-boot/stm32l.o
 .bss.sys_ctrl_jump_to_app_req
                0x000000002000037c        0x4 build_ak-base-kit-stm32l151-boot/sys_cfg.o
                0x000000002000037c                sys_ctrl_jump_to_app_req
 .bss._ZL17transfer_fw_index
                0x0000000020000380        0x4 build_ak-base-kit-stm32l151-boot/app.o
 .bss.app_sys_boot
                0x0000000020000384       0x58 build_ak-base-kit-stm32l151-boot/app.o
                0x0000000020000384                app_sys_boot
 .bss.led_life  0x00000000200003dc       0x1c build_ak-base-kit-stm32l151-boot/app.o
                0x00000000200003dc                led_life
 .bss._ZL15uart_boot_frame
                0x00000000200003f8      0x108 build_ak-base-kit-stm32l151-boot/uart_boot.o
 .bss.SPI       0x0000000020000500        0x2 build_ak-base-kit-stm32l151-boot/SPI.o
                0x0000000020000500                SPI
 *(COMMON)
                0x0000000020000502                _ebss = .

.heap           0x0000000020000502        0x2 load address 0x0000000008001f12
                0x0000000020000502                __heap_start__ = .
                0x0000000020000502                . = (. + HEAP_SIZE)
                0x0000000020000504                . = ALIGN (0x4)
 *fill*         0x0000000020000502        0x2 
                0x0000000020000504                __heap_end__ = .

.end_ram        0x0000000020000504        0x0
                0x0000000020000504                _end_ram = .
                0x0000000020004000                _estack = (ORIGIN (SRAM) + LENGTH (SRAM))

/DISCARD/
 libc.a(*)
 libm.a(*)
 libg.a(*)
 libgcc.a(*)
LOAD /home/tuan/AK_kit/gcc-arm-none-eabi-10.3-2021.10-x86_64-linux/gcc-arm-none-eabi-10.3-2021.10/arm-none-eabi/lib/thumb/v7-m/nofp/libc.a
LOAD /home/tuan/AK_kit/gcc-arm-none-eabi-10.3-2021.10-x86_64-linux/gcc-arm-none-eabi-10.3-2021.10/arm-none-eabi/lib/thumb/v7-m/nofp/libm.a
LOAD /home/tuan/AK_kit/gcc-arm-none-eabi-10.3-2021.10-x86_64-linux/gcc-arm-none-eabi-10.3-2021.10/arm-none-eabi/lib/thumb/v7-m/nofp/libstdc++_nano.a
LOAD /home/tuan/AK_kit/gcc-arm-none-eabi-10.3-2021.10-x86_64-linux/gcc-arm-none-eabi-10.3-2021.10/lib/gcc/arm-none-eabi/10.3.1/thumb/v7-m/nofp/libgcc.a
LOAD /home/tuan/AK_kit/gcc-arm-none-eabi-10.3-2021.10-x86_64-linux/gcc-arm-none-eabi-10.3-2021.10/lib/gcc/arm-none-eabi/10.3.1/thumb/v7-m/nofp/libgcov.a
LOAD /home/tuan/AK_kit/gcc-arm-none-eabi-10.3-2021.10-x86_64-linux/gcc-arm-none-eabi-10.3-2021.10/arm-none-eabi/lib/thumb/v7-m/nofp/libg.a
LOAD /home/tuan/AK_kit/gcc-arm-none-eabi-10.3-2021.10-x86_64-linux/gcc-arm-none-eabi-10.3-2021.10/arm-none-eabi/lib/thumb/v7-m/nofp/librdpmon.a
LOAD build_ak-base-kit-stm32l151-boot/xprintf.o
LOAD build_ak-base-kit-stm32l151-boot/led.o
LOAD build_ak-base-kit-stm32l151-boot/flash.o
LOAD build_ak-base-kit-stm32l151-boot/sys_dbg.o
LOAD build_ak-base-kit-stm32l151-boot/sys_boot.o
LOAD build_ak-base-kit-stm32l151-boot/stm32l1xx_gpio.o
LOAD build_ak-base-kit-stm32l151-boot/stm32l1xx_rcc.o
LOAD build_ak-base-kit-stm32l151-boot/stm32l1xx_usart.o
LOAD build_ak-base-kit-stm32l151-boot/stm32l1xx_spi.o
LOAD build_ak-base-kit-stm32l151-boot/misc.o
LOAD build_ak-base-kit-stm32l151-boot/stm32l1xx_exti.o
LOAD build_ak-base-kit-stm32l151-boot/stm32l1xx_syscfg.o
LOAD build_ak-base-kit-stm32l151-boot/stm32l1xx_tim.o
LOAD build_ak-base-kit-stm32l151-boot/stm32l1xx_adc.o
LOAD build_ak-base-kit-stm32l151-boot/stm32l1xx_rtc.o
LOAD build_ak-base-kit-stm32l151-boot/stm32l1xx_pwr.o
LOAD build_ak-base-kit-stm32l151-boot/stm32l1xx_flash.o
LOAD build_ak-base-kit-stm32l151-boot/stm32l1xx_iwdg.o
LOAD build_ak-base-kit-stm32l151-boot/stm32l1xx_comp.o
LOAD build_ak-base-kit-stm32l151-boot/stm32l1xx_dac.o
LOAD build_ak-base-kit-stm32l151-boot/stm32l1xx_flash_ramfunc.o
LOAD build_ak-base-kit-stm32l151-boot/stm32l.o
LOAD build_ak-base-kit-stm32l151-boot/system.o
LOAD build_ak-base-kit-stm32l151-boot/sys_cfg.o
LOAD build_ak-base-kit-stm32l151-boot/io_cfg.o
LOAD build_ak-base-kit-stm32l151-boot/system_stm32l1xx.o
LOAD build_ak-base-kit-stm32l151-boot/app.o
LOAD build_ak-base-kit-stm32l151-boot/uart_boot.o
LOAD build_ak-base-kit-stm32l151-boot/eeprom.o
LOAD build_ak-base-kit-stm32l151-boot/SPI.o
LOAD build_ak-base-kit-stm32l151-boot/wiring_digital.o
LOAD build_ak-base-kit-stm32l151-boot/wiring_shift.o
LOAD build_ak-base-kit-stm32l151-boot/Print.o
LOAD /home/tuan/AK_kit/gcc-arm-none-eabi-10.3-2021.10-x86_64-linux/gcc-arm-none-eabi-10.3-2021.10/arm-none-eabi/lib/thumb/v7-m/nofp/libc.a
LOAD /home/tuan/AK_kit/gcc-arm-none-eabi-10.3-2021.10-x86_64-linux/gcc-arm-none-eabi-10.3-2021.10/arm-none-eabi/lib/thumb/v7-m/nofp/libm.a
LOAD /home/tuan/AK_kit/gcc-arm-none-eabi-10.3-2021.10-x86_64-linux/gcc-arm-none-eabi-10.3-2021.10/arm-none-eabi/lib/thumb/v7-m/nofp/libstdc++_nano.a
LOAD /home/tuan/AK_kit/gcc-arm-none-eabi-10.3-2021.10-x86_64-linux/gcc-arm-none-eabi-10.3-2021.10/lib/gcc/arm-none-eabi/10.3.1/thumb/v7-m/nofp/libgcc.a
LOAD /home/tuan/AK_kit/gcc-arm-none-eabi-10.3-2021.10-x86_64-linux/gcc-arm-none-eabi-10.3-2021.10/lib/gcc/arm-none-eabi/10.3.1/thumb/v7-m/nofp/libgcov.a
LOAD /home/tuan/AK_kit/gcc-arm-none-eabi-10.3-2021.10-x86_64-linux/gcc-arm-none-eabi-10.3-2021.10/arm-none-eabi/lib/thumb/v7-m/nofp/libg.a
LOAD /home/tuan/AK_kit/gcc-arm-none-eabi-10.3-2021.10-x86_64-linux/gcc-arm-none-eabi-10.3-2021.10/arm-none-eabi/lib/thumb/v7-m/nofp/librdpmon.a
OUTPUT(build_ak-base-kit-stm32l151-boot/ak-base-kit-stm32l151-boot.axf elf32-littlearm)
LOAD linker stubs
LOAD /home/tuan/AK_kit/gcc-arm-none-eabi-10.3-2021.10-x86_64-linux/gcc-arm-none-eabi-10.3-2021.10/arm-none-eabi/lib/thumb/v7-m/nofp/libc.a
LOAD /home/tuan/AK_kit/gcc-arm-none-eabi-10.3-2021.10-x86_64-linux/gcc-arm-none-eabi-10.3-2021.10/arm-none-eabi/lib/thumb/v7-m/nofp/libm.a
LOAD /home/tuan/AK_kit/gcc-arm-none-eabi-10.3-2021.10-x86_64-linux/gcc-arm-none-eabi-10.3-2021.10/arm-none-eabi/lib/thumb/v7-m/nofp/libg.a
LOAD /home/tuan/AK_kit/gcc-arm-none-eabi-10.3-2021.10-x86_64-linux/gcc-arm-none-eabi-10.3-2021.10/lib/gcc/arm-none-eabi/10.3.1/thumb/v7-m/nofp/libgcc.a

.debug_info     0x0000000000000000     0xda58
 .debug_info    0x0000000000000000      0x40f build_ak-base-kit-stm32l151-boot/xprintf.o
 .debug_info    0x000000000000040f      0x3c2 build_ak-base-kit-stm32l151-boot/led.o
 .debug_info    0x00000000000007d1      0x845 build_ak-base-kit-stm32l151-boot/flash.o
 .debug_info    0x0000000000001016      0x38f build_ak-base-kit-stm32l151-boot/sys_boot.o
 .debug_info    0x00000000000013a5      0x84d build_ak-base-kit-stm32l151-boot/stm32l1xx_gpio.o
 .debug_info    0x0000000000001bf2      0xbd3 build_ak-base-kit-stm32l151-boot/stm32l1xx_rcc.o
 .debug_info    0x00000000000027c5      0xbe0 build_ak-base-kit-stm32l151-boot/stm32l1xx_usart.o
 .debug_info    0x00000000000033a5      0xa9a build_ak-base-kit-stm32l151-boot/stm32l1xx_spi.o
 .debug_info    0x0000000000003e3f      0x57c build_ak-base-kit-stm32l151-boot/misc.o
 .debug_info    0x00000000000043bb     0x1a44 build_ak-base-kit-stm32l151-boot/stm32l1xx_flash.o
 .debug_info    0x0000000000005dff      0x201 build_ak-base-kit-stm32l151-boot/stm32l1xx_iwdg.o
 .debug_info    0x0000000000006000      0x616 build_ak-base-kit-stm32l151-boot/stm32l1xx_flash_ramfunc.o
 .debug_info    0x0000000000006616      0x158 build_ak-base-kit-stm32l151-boot/stm32l.o
 .debug_info    0x000000000000676e      0x503 build_ak-base-kit-stm32l151-boot/system.o
 .debug_info    0x0000000000006c71     0x1423 build_ak-base-kit-stm32l151-boot/sys_cfg.o
 .debug_info    0x0000000000008094     0x141d build_ak-base-kit-stm32l151-boot/io_cfg.o
 .debug_info    0x00000000000094b1      0x5d1 build_ak-base-kit-stm32l151-boot/system_stm32l1xx.o
 .debug_info    0x0000000000009a82     0x2ecd build_ak-base-kit-stm32l151-boot/app.o
 .debug_info    0x000000000000c94f      0x536 build_ak-base-kit-stm32l151-boot/uart_boot.o
 .debug_info    0x000000000000ce85      0xbd3 build_ak-base-kit-stm32l151-boot/SPI.o

.debug_abbrev   0x0000000000000000     0x2ef5
 .debug_abbrev  0x0000000000000000      0x210 build_ak-base-kit-stm32l151-boot/xprintf.o
 .debug_abbrev  0x0000000000000210      0x170 build_ak-base-kit-stm32l151-boot/led.o
 .debug_abbrev  0x0000000000000380      0x17c build_ak-base-kit-stm32l151-boot/flash.o
 .debug_abbrev  0x00000000000004fc      0x174 build_ak-base-kit-stm32l151-boot/sys_boot.o
 .debug_abbrev  0x0000000000000670      0x221 build_ak-base-kit-stm32l151-boot/stm32l1xx_gpio.o
 .debug_abbrev  0x0000000000000891      0x2ac build_ak-base-kit-stm32l151-boot/stm32l1xx_rcc.o
 .debug_abbrev  0x0000000000000b3d      0x1eb build_ak-base-kit-stm32l151-boot/stm32l1xx_usart.o
 .debug_abbrev  0x0000000000000d28      0x210 build_ak-base-kit-stm32l151-boot/stm32l1xx_spi.o
 .debug_abbrev  0x0000000000000f38      0x187 build_ak-base-kit-stm32l151-boot/misc.o
 .debug_abbrev  0x00000000000010bf      0x371 build_ak-base-kit-stm32l151-boot/stm32l1xx_flash.o
 .debug_abbrev  0x0000000000001430      0x13b build_ak-base-kit-stm32l151-boot/stm32l1xx_iwdg.o
 .debug_abbrev  0x000000000000156b      0x216 build_ak-base-kit-stm32l151-boot/stm32l1xx_flash_ramfunc.o
 .debug_abbrev  0x0000000000001781       0x96 build_ak-base-kit-stm32l151-boot/stm32l.o
 .debug_abbrev  0x0000000000001817      0x2b2 build_ak-base-kit-stm32l151-boot/system.o
 .debug_abbrev  0x0000000000001ac9      0x405 build_ak-base-kit-stm32l151-boot/sys_cfg.o
 .debug_abbrev  0x0000000000001ece      0x31d build_ak-base-kit-stm32l151-boot/io_cfg.o
 .debug_abbrev  0x00000000000021eb      0x197 build_ak-base-kit-stm32l151-boot/system_stm32l1xx.o
 .debug_abbrev  0x0000000000002382      0x5b9 build_ak-base-kit-stm32l151-boot/app.o
 .debug_abbrev  0x000000000000293b      0x2be build_ak-base-kit-stm32l151-boot/uart_boot.o
 .debug_abbrev  0x0000000000002bf9      0x2fc build_ak-base-kit-stm32l151-boot/SPI.o

.debug_loc      0x0000000000000000     0x6274
 .debug_loc     0x0000000000000000      0x3cf build_ak-base-kit-stm32l151-boot/xprintf.o
 .debug_loc     0x00000000000003cf      0x2a8 build_ak-base-kit-stm32l151-boot/led.o
 .debug_loc     0x0000000000000677      0x3c9 build_ak-base-kit-stm32l151-boot/flash.o
 .debug_loc     0x0000000000000a40       0x64 build_ak-base-kit-stm32l151-boot/sys_boot.o
 .debug_loc     0x0000000000000aa4      0x412 build_ak-base-kit-stm32l151-boot/stm32l1xx_gpio.o
 .debug_loc     0x0000000000000eb6      0x854 build_ak-base-kit-stm32l151-boot/stm32l1xx_rcc.o
 .debug_loc     0x000000000000170a      0x7f3 build_ak-base-kit-stm32l151-boot/stm32l1xx_usart.o
 .debug_loc     0x0000000000001efd      0x69e build_ak-base-kit-stm32l151-boot/stm32l1xx_spi.o
 .debug_loc     0x000000000000259b      0x193 build_ak-base-kit-stm32l151-boot/misc.o
 .debug_loc     0x000000000000272e     0x233e build_ak-base-kit-stm32l151-boot/stm32l1xx_flash.o
 .debug_loc     0x0000000000004a6c       0x4f build_ak-base-kit-stm32l151-boot/stm32l1xx_iwdg.o
 .debug_loc     0x0000000000004abb      0x50e build_ak-base-kit-stm32l151-boot/stm32l1xx_flash_ramfunc.o
 .debug_loc     0x0000000000004fc9       0x15 build_ak-base-kit-stm32l151-boot/system.o
 .debug_loc     0x0000000000004fde      0x121 build_ak-base-kit-stm32l151-boot/sys_cfg.o
 .debug_loc     0x00000000000050ff      0x6d3 build_ak-base-kit-stm32l151-boot/io_cfg.o
 .debug_loc     0x00000000000057d2      0x175 build_ak-base-kit-stm32l151-boot/system_stm32l1xx.o
 .debug_loc     0x0000000000005947      0x424 build_ak-base-kit-stm32l151-boot/app.o
 .debug_loc     0x0000000000005d6b      0x31e build_ak-base-kit-stm32l151-boot/uart_boot.o
 .debug_loc     0x0000000000006089      0x1eb build_ak-base-kit-stm32l151-boot/SPI.o

.debug_aranges  0x0000000000000000      0xaa0
 .debug_aranges
                0x0000000000000000       0x28 build_ak-base-kit-stm32l151-boot/xprintf.o
 .debug_aranges
                0x0000000000000028       0x50 build_ak-base-kit-stm32l151-boot/led.o
 .debug_aranges
                0x0000000000000078       0x50 build_ak-base-kit-stm32l151-boot/flash.o
 .debug_aranges
                0x00000000000000c8       0x30 build_ak-base-kit-stm32l151-boot/sys_boot.o
 .debug_aranges
                0x00000000000000f8       0x88 build_ak-base-kit-stm32l151-boot/stm32l1xx_gpio.o
 .debug_aranges
                0x0000000000000180      0x148 build_ak-base-kit-stm32l151-boot/stm32l1xx_rcc.o
 .debug_aranges
                0x00000000000002c8      0x100 build_ak-base-kit-stm32l151-boot/stm32l1xx_usart.o
 .debug_aranges
                0x00000000000003c8       0xd0 build_ak-base-kit-stm32l151-boot/stm32l1xx_spi.o
 .debug_aranges
                0x0000000000000498       0x40 build_ak-base-kit-stm32l151-boot/misc.o
 .debug_aranges
                0x00000000000004d8      0x188 build_ak-base-kit-stm32l151-boot/stm32l1xx_flash.o
 .debug_aranges
                0x0000000000000660       0x48 build_ak-base-kit-stm32l151-boot/stm32l1xx_iwdg.o
 .debug_aranges
                0x00000000000006a8       0x50 build_ak-base-kit-stm32l151-boot/stm32l1xx_flash_ramfunc.o
 .debug_aranges
                0x00000000000006f8       0x40 build_ak-base-kit-stm32l151-boot/stm32l.o
 .debug_aranges
                0x0000000000000738       0x58 build_ak-base-kit-stm32l151-boot/system.o
 .debug_aranges
                0x0000000000000790       0xb0 build_ak-base-kit-stm32l151-boot/sys_cfg.o
 .debug_aranges
                0x0000000000000840      0x128 build_ak-base-kit-stm32l151-boot/io_cfg.o
 .debug_aranges
                0x0000000000000968       0x28 build_ak-base-kit-stm32l151-boot/system_stm32l1xx.o
 .debug_aranges
                0x0000000000000990       0x58 build_ak-base-kit-stm32l151-boot/app.o
 .debug_aranges
                0x00000000000009e8       0x48 build_ak-base-kit-stm32l151-boot/uart_boot.o
 .debug_aranges
                0x0000000000000a30       0x70 build_ak-base-kit-stm32l151-boot/SPI.o

.debug_ranges   0x0000000000000000      0xe80
 .debug_ranges  0x0000000000000000       0xd0 build_ak-base-kit-stm32l151-boot/xprintf.o
 .debug_ranges  0x00000000000000d0       0x40 build_ak-base-kit-stm32l151-boot/led.o
 .debug_ranges  0x0000000000000110       0x40 build_ak-base-kit-stm32l151-boot/flash.o
 .debug_ranges  0x0000000000000150       0x20 build_ak-base-kit-stm32l151-boot/sys_boot.o
 .debug_ranges  0x0000000000000170       0x78 build_ak-base-kit-stm32l151-boot/stm32l1xx_gpio.o
 .debug_ranges  0x00000000000001e8      0x158 build_ak-base-kit-stm32l151-boot/stm32l1xx_rcc.o
 .debug_ranges  0x0000000000000340       0xf0 build_ak-base-kit-stm32l151-boot/stm32l1xx_usart.o
 .debug_ranges  0x0000000000000430       0xc0 build_ak-base-kit-stm32l151-boot/stm32l1xx_spi.o
 .debug_ranges  0x00000000000004f0       0x30 build_ak-base-kit-stm32l151-boot/misc.o
 .debug_ranges  0x0000000000000520      0x3c0 build_ak-base-kit-stm32l151-boot/stm32l1xx_flash.o
 .debug_ranges  0x00000000000008e0       0x38 build_ak-base-kit-stm32l151-boot/stm32l1xx_iwdg.o
 .debug_ranges  0x0000000000000918       0x80 build_ak-base-kit-stm32l151-boot/stm32l1xx_flash_ramfunc.o
 .debug_ranges  0x0000000000000998       0x30 build_ak-base-kit-stm32l151-boot/stm32l.o
 .debug_ranges  0x00000000000009c8       0x60 build_ak-base-kit-stm32l151-boot/system.o
 .debug_ranges  0x0000000000000a28       0xd0 build_ak-base-kit-stm32l151-boot/sys_cfg.o
 .debug_ranges  0x0000000000000af8      0x118 build_ak-base-kit-stm32l151-boot/io_cfg.o
 .debug_ranges  0x0000000000000c10       0x30 build_ak-base-kit-stm32l151-boot/system_stm32l1xx.o
 .debug_ranges  0x0000000000000c40      0x140 build_ak-base-kit-stm32l151-boot/app.o
 .debug_ranges  0x0000000000000d80       0x88 build_ak-base-kit-stm32l151-boot/uart_boot.o
 .debug_ranges  0x0000000000000e08       0x78 build_ak-base-kit-stm32l151-boot/SPI.o

.debug_line     0x0000000000000000     0x86f8
 .debug_line    0x0000000000000000      0x593 build_ak-base-kit-stm32l151-boot/xprintf.o
 .debug_line    0x0000000000000593      0x39a build_ak-base-kit-stm32l151-boot/led.o
 .debug_line    0x000000000000092d      0x493 build_ak-base-kit-stm32l151-boot/flash.o
 .debug_line    0x0000000000000dc0      0x1e1 build_ak-base-kit-stm32l151-boot/sys_boot.o
 .debug_line    0x0000000000000fa1      0x654 build_ak-base-kit-stm32l151-boot/stm32l1xx_gpio.o
 .debug_line    0x00000000000015f5      0xaa9 build_ak-base-kit-stm32l151-boot/stm32l1xx_rcc.o
 .debug_line    0x000000000000209e      0x9cd build_ak-base-kit-stm32l151-boot/stm32l1xx_usart.o
 .debug_line    0x0000000000002a6b      0x809 build_ak-base-kit-stm32l151-boot/stm32l1xx_spi.o
 .debug_line    0x0000000000003274      0x3bd build_ak-base-kit-stm32l151-boot/misc.o
 .debug_line    0x0000000000003631     0x153b build_ak-base-kit-stm32l151-boot/stm32l1xx_flash.o
 .debug_line    0x0000000000004b6c      0x296 build_ak-base-kit-stm32l151-boot/stm32l1xx_iwdg.o
 .debug_line    0x0000000000004e02      0x67f build_ak-base-kit-stm32l151-boot/stm32l1xx_flash_ramfunc.o
 .debug_line    0x0000000000005481      0x177 build_ak-base-kit-stm32l151-boot/stm32l.o
 .debug_line    0x00000000000055f8      0x432 build_ak-base-kit-stm32l151-boot/system.o
 .debug_line    0x0000000000005a2a      0x8f5 build_ak-base-kit-stm32l151-boot/sys_cfg.o
 .debug_line    0x000000000000631f      0x9fc build_ak-base-kit-stm32l151-boot/io_cfg.o
 .debug_line    0x0000000000006d1b      0x459 build_ak-base-kit-stm32l151-boot/system_stm32l1xx.o
 .debug_line    0x0000000000007174      0xbe5 build_ak-base-kit-stm32l151-boot/app.o
 .debug_line    0x0000000000007d59      0x44d build_ak-base-kit-stm32l151-boot/uart_boot.o
 .debug_line    0x00000000000081a6      0x552 build_ak-base-kit-stm32l151-boot/SPI.o

.debug_str      0x0000000000000000     0x40ad
 .debug_str     0x0000000000000000      0x1df build_ak-base-kit-stm32l151-boot/xprintf.o
                                        0x24a (size before relaxing)
 .debug_str     0x00000000000001df       0xc1 build_ak-base-kit-stm32l151-boot/led.o
                                        0x24c (size before relaxing)
 .debug_str     0x00000000000002a0      0x131 build_ak-base-kit-stm32l151-boot/flash.o
                                        0x2b3 (size before relaxing)
 .debug_str     0x00000000000003d1      0x1a0 build_ak-base-kit-stm32l151-boot/sys_boot.o
                                        0x38b (size before relaxing)
 .debug_str     0x0000000000000571      0x320 build_ak-base-kit-stm32l151-boot/stm32l1xx_gpio.o
                                        0x509 (size before relaxing)
 .debug_str     0x0000000000000891      0x515 build_ak-base-kit-stm32l151-boot/stm32l1xx_rcc.o
                                        0x73a (size before relaxing)
 .debug_str     0x0000000000000da6      0x467 build_ak-base-kit-stm32l151-boot/stm32l1xx_usart.o
                                        0x6fa (size before relaxing)
 .debug_str     0x000000000000120d      0x37e build_ak-base-kit-stm32l151-boot/stm32l1xx_spi.o
                                        0x667 (size before relaxing)
 .debug_str     0x000000000000158b      0x225 build_ak-base-kit-stm32l151-boot/misc.o
                                        0x3f9 (size before relaxing)
 .debug_str     0x00000000000017b0      0x617 build_ak-base-kit-stm32l151-boot/stm32l1xx_flash.o
                                        0x80c (size before relaxing)
 .debug_str     0x0000000000001dc7       0xf0 build_ak-base-kit-stm32l151-boot/stm32l1xx_iwdg.o
                                        0x297 (size before relaxing)
 .debug_str     0x0000000000001eb7      0x155 build_ak-base-kit-stm32l151-boot/stm32l1xx_flash_ramfunc.o
                                        0x3f2 (size before relaxing)
 .debug_str     0x000000000000200c       0x81 build_ak-base-kit-stm32l151-boot/stm32l.o
                                        0x205 (size before relaxing)
 .debug_str     0x000000000000208d      0x1c0 build_ak-base-kit-stm32l151-boot/system.o
                                        0x424 (size before relaxing)
 .debug_str     0x000000000000224d      0x69c build_ak-base-kit-stm32l151-boot/sys_cfg.o
                                        0xe02 (size before relaxing)
 .debug_str     0x00000000000028e9      0x3ab build_ak-base-kit-stm32l151-boot/io_cfg.o
                                        0xd43 (size before relaxing)
 .debug_str     0x0000000000002c94       0x43 build_ak-base-kit-stm32l151-boot/system_stm32l1xx.o
                                        0x367 (size before relaxing)
 .debug_str     0x0000000000002cd7     0x120c build_ak-base-kit-stm32l151-boot/app.o
                                       0x187b (size before relaxing)
 .debug_str     0x0000000000003ee3       0x63 build_ak-base-kit-stm32l151-boot/uart_boot.o
                                        0x4c7 (size before relaxing)
 .debug_str     0x0000000000003f46      0x167 build_ak-base-kit-stm32l151-boot/SPI.o
                                        0x848 (size before relaxing)

.comment        0x0000000000000000       0x49
 .comment       0x0000000000000000       0x49 build_ak-base-kit-stm32l151-boot/xprintf.o
                                         0x4a (size before relaxing)
 .comment       0x0000000000000049       0x4a build_ak-base-kit-stm32l151-boot/led.o
 .comment       0x0000000000000049       0x4a build_ak-base-kit-stm32l151-boot/flash.o
 .comment       0x0000000000000049       0x4a build_ak-base-kit-stm32l151-boot/sys_boot.o
 .comment       0x0000000000000049       0x4a build_ak-base-kit-stm32l151-boot/stm32l1xx_gpio.o
 .comment       0x0000000000000049       0x4a build_ak-base-kit-stm32l151-boot/stm32l1xx_rcc.o
 .comment       0x0000000000000049       0x4a build_ak-base-kit-stm32l151-boot/stm32l1xx_usart.o
 .comment       0x0000000000000049       0x4a build_ak-base-kit-stm32l151-boot/stm32l1xx_spi.o
 .comment       0x0000000000000049       0x4a build_ak-base-kit-stm32l151-boot/misc.o
 .comment       0x0000000000000049       0x4a build_ak-base-kit-stm32l151-boot/stm32l1xx_flash.o
 .comment       0x0000000000000049       0x4a build_ak-base-kit-stm32l151-boot/stm32l1xx_iwdg.o
 .comment       0x0000000000000049       0x4a build_ak-base-kit-stm32l151-boot/stm32l1xx_flash_ramfunc.o
 .comment       0x0000000000000049       0x4a build_ak-base-kit-stm32l151-boot/stm32l.o
 .comment       0x0000000000000049       0x4a build_ak-base-kit-stm32l151-boot/system.o
 .comment       0x0000000000000049       0x4a build_ak-base-kit-stm32l151-boot/sys_cfg.o
 .comment       0x0000000000000049       0x4a build_ak-base-kit-stm32l151-boot/io_cfg.o
 .comment       0x0000000000000049       0x4a build_ak-base-kit-stm32l151-boot/system_stm32l1xx.o
 .comment       0x0000000000000049       0x4a build_ak-base-kit-stm32l151-boot/app.o
 .comment       0x0000000000000049       0x4a build_ak-base-kit-stm32l151-boot/uart_boot.o
 .comment       0x0000000000000049       0x4a build_ak-base-kit-stm32l151-boot/SPI.o

.ARM.attributes
                0x0000000000000000       0x2b
 .ARM.attributes
                0x0000000000000000       0x2d build_ak-base-kit-stm32l151-boot/xprintf.o
 .ARM.attributes
                0x000000000000002d       0x2d build_ak-base-kit-stm32l151-boot/led.o
 .ARM.attributes
                0x000000000000005a       0x2d build_ak-base-kit-stm32l151-boot/flash.o
 .ARM.attributes
                0x0000000000000087       0x2d build_ak-base-kit-stm32l151-boot/sys_boot.o
 .ARM.attributes
                0x00000000000000b4       0x2d build_ak-base-kit-stm32l151-boot/stm32l1xx_gpio.o
 .ARM.attributes
                0x00000000000000e1       0x2d build_ak-base-kit-stm32l151-boot/stm32l1xx_rcc.o
 .ARM.attributes
                0x000000000000010e       0x2d build_ak-base-kit-stm32l151-boot/stm32l1xx_usart.o
 .ARM.attributes
                0x000000000000013b       0x2d build_ak-base-kit-stm32l151-boot/stm32l1xx_spi.o
 .ARM.attributes
                0x0000000000000168       0x2d build_ak-base-kit-stm32l151-boot/misc.o
 .ARM.attributes
                0x0000000000000195       0x2d build_ak-base-kit-stm32l151-boot/stm32l1xx_flash.o
 .ARM.attributes
                0x00000000000001c2       0x2d build_ak-base-kit-stm32l151-boot/stm32l1xx_iwdg.o
 .ARM.attributes
                0x00000000000001ef       0x2d build_ak-base-kit-stm32l151-boot/stm32l1xx_flash_ramfunc.o
 .ARM.attributes
                0x000000000000021c       0x2d build_ak-base-kit-stm32l151-boot/stm32l.o
 .ARM.attributes
                0x0000000000000249       0x2d build_ak-base-kit-stm32l151-boot/system.o
 .ARM.attributes
                0x0000000000000276       0x2d build_ak-base-kit-stm32l151-boot/sys_cfg.o
 .ARM.attributes
                0x00000000000002a3       0x2d build_ak-base-kit-stm32l151-boot/io_cfg.o
 .ARM.attributes
                0x00000000000002d0       0x2d build_ak-base-kit-stm32l151-boot/system_stm32l1xx.o
 .ARM.attributes
                0x00000000000002fd       0x2d build_ak-base-kit-stm32l151-boot/app.o
 .ARM.attributes
                0x000000000000032a       0x2d build_ak-base-kit-stm32l151-boot/uart_boot.o
 .ARM.attributes
                0x0000000000000357       0x2d build_ak-base-kit-stm32l151-boot/SPI.o
 .ARM.attributes
                0x0000000000000384       0x2d /home/tuan/AK_kit/gcc-arm-none-eabi-10.3-2021.10-x86_64-linux/gcc-arm-none-eabi-10.3-2021.10/arm-none-eabi/lib/thumb/v7-m/nofp/libc.a(lib_a-memcmp.o)
 .ARM.attributes
                0x00000000000003b1       0x1b /home/tuan/AK_kit/gcc-arm-none-eabi-10.3-2021.10-x86_64-linux/gcc-arm-none-eabi-10.3-2021.10/arm-none-eabi/lib/thumb/v7-m/nofp/libc.a(lib_a-memcpy.o)
 .ARM.attributes
                0x00000000000003cc       0x2d /home/tuan/AK_kit/gcc-arm-none-eabi-10.3-2021.10-x86_64-linux/gcc-arm-none-eabi-10.3-2021.10/arm-none-eabi/lib/thumb/v7-m/nofp/libc.a(lib_a-memset.o)

.debug_frame    0x0000000000000000     0x1b18
 .debug_frame   0x0000000000000000       0x84 build_ak-base-kit-stm32l151-boot/xprintf.o
 .debug_frame   0x0000000000000084       0xb0 build_ak-base-kit-stm32l151-boot/led.o
 .debug_frame   0x0000000000000134       0xfc build_ak-base-kit-stm32l151-boot/flash.o
 .debug_frame   0x0000000000000230       0x4c build_ak-base-kit-stm32l151-boot/sys_boot.o
 .debug_frame   0x000000000000027c      0x150 build_ak-base-kit-stm32l151-boot/stm32l1xx_gpio.o
 .debug_frame   0x00000000000003cc      0x284 build_ak-base-kit-stm32l151-boot/stm32l1xx_rcc.o
 .debug_frame   0x0000000000000650      0x22c build_ak-base-kit-stm32l151-boot/stm32l1xx_usart.o
 .debug_frame   0x000000000000087c      0x1bc build_ak-base-kit-stm32l151-boot/stm32l1xx_spi.o
 .debug_frame   0x0000000000000a38       0x70 build_ak-base-kit-stm32l151-boot/misc.o
 .debug_frame   0x0000000000000aa8      0x508 build_ak-base-kit-stm32l151-boot/stm32l1xx_flash.o
 .debug_frame   0x0000000000000fb0       0x70 build_ak-base-kit-stm32l151-boot/stm32l1xx_iwdg.o
 .debug_frame   0x0000000000001020       0xd4 build_ak-base-kit-stm32l151-boot/stm32l1xx_flash_ramfunc.o
 .debug_frame   0x00000000000010f4       0x60 build_ak-base-kit-stm32l151-boot/stm32l.o
 .debug_frame   0x0000000000001154       0xfc build_ak-base-kit-stm32l151-boot/system.o
 .debug_frame   0x0000000000001250      0x22c build_ak-base-kit-stm32l151-boot/sys_cfg.o
 .debug_frame   0x000000000000147c      0x354 build_ak-base-kit-stm32l151-boot/io_cfg.o
 .debug_frame   0x00000000000017d0       0x44 build_ak-base-kit-stm32l151-boot/system_stm32l1xx.o
 .debug_frame   0x0000000000001814      0x114 build_ak-base-kit-stm32l151-boot/app.o
 .debug_frame   0x0000000000001928       0xa4 build_ak-base-kit-stm32l151-boot/uart_boot.o
 .debug_frame   0x00000000000019cc       0xf8 build_ak-base-kit-stm32l151-boot/SPI.o
 .debug_frame   0x0000000000001ac4       0x28 /home/tuan/AK_kit/gcc-arm-none-eabi-10.3-2021.10-x86_64-linux/gcc-arm-none-eabi-10.3-2021.10/arm-none-eabi/lib/thumb/v7-m/nofp/libc.a(lib_a-memcmp.o)
 .debug_frame   0x0000000000001aec       0x2c /home/tuan/AK_kit/gcc-arm-none-eabi-10.3-2021.10-x86_64-linux/gcc-arm-none-eabi-10.3-2021.10/arm-none-eabi/lib/thumb/v7-m/nofp/libc.a(lib_a-memset.o)
