sources/app/app.cpp:246:6:void jump_to_application_before_reset_peripheral()	24	static
sources/app/app.cpp:408:6:void uart_boot_cmd_checksum_fw_res(void*)	16	static
sources/app/app.cpp:274:6:void uart_boot_cmd_handshake_res(void*)	16	static
sources/app/app.cpp:296:6:void uart_boot_cmd_update_res(void*)	160	static
sources/app/app.cpp:346:6:void uart_boot_cmd_transfer_fw_res(void*)	32	static
sources/app/app.cpp:47:6:void sys_irq_shell()	8	static
sources/app/app.cpp:52:5:int boot_main()	152	static
sources/app/app.cpp:263:6:void sys_irq_timer_10ms()	0	static
