sources/platform/stm32l/io_cfg.c:23:6:io_button_mode_init	16	static
sources/platform/stm32l/io_cfg.c:36:6:io_button_up_init	16	static
sources/platform/stm32l/io_cfg.c:49:6:io_button_down_init	16	static
sources/platform/stm32l/io_cfg.c:62:9:io_button_mode_read	0	static
sources/platform/stm32l/io_cfg.c:66:9:io_button_up_read	0	static
sources/platform/stm32l/io_cfg.c:70:9:io_button_down_read	0	static
sources/platform/stm32l/io_cfg.c:77:6:led_life_init	16	static
sources/platform/stm32l/io_cfg.c:90:6:led_life_on	0	static
sources/platform/stm32l/io_cfg.c:94:6:led_life_off	0	static
sources/platform/stm32l/io_cfg.c:101:6:nrf24l01_io_ctrl_init	48	static
sources/platform/stm32l/io_cfg.c:152:6:nrf24l01_ce_low	0	static
sources/platform/stm32l/io_cfg.c:156:6:nrf24l01_ce_high	0	static
sources/platform/stm32l/io_cfg.c:160:6:nrf24l01_csn_low	0	static
sources/platform/stm32l/io_cfg.c:164:6:nrf24l01_csn_high	0	static
sources/platform/stm32l/io_cfg.c:171:6:flash_io_ctrl_init	16	static
sources/platform/stm32l/io_cfg.c:184:6:flash_cs_low	0	static
sources/platform/stm32l/io_cfg.c:188:6:flash_cs_high	0	static
sources/platform/stm32l/io_cfg.c:192:9:flash_transfer	8	static
sources/platform/stm32l/io_cfg.c:209:6:ssd1306_clk_input_mode	16	static
sources/platform/stm32l/io_cfg.c:221:6:ssd1306_clk_output_mode	16	static
sources/platform/stm32l/io_cfg.c:234:6:ssd1306_clk_digital_write_low	0	static
sources/platform/stm32l/io_cfg.c:238:6:ssd1306_clk_digital_write_high	0	static
sources/platform/stm32l/io_cfg.c:242:6:ssd1306_data_input_mode	16	static
sources/platform/stm32l/io_cfg.c:254:6:ssd1306_data_output_mode	16	static
sources/platform/stm32l/io_cfg.c:265:6:ssd1306_data_digital_write_low	0	static
sources/platform/stm32l/io_cfg.c:269:6:ssd1306_data_digital_write_high	0	static
sources/platform/stm32l/io_cfg.c:273:5:ssd1306_data_digital_read	8	static
sources/platform/stm32l/io_cfg.c:282:9:io_eeprom_read	16	static
sources/platform/stm32l/io_cfg.c:298:9:io_eeprom_write	24	static
sources/platform/stm32l/io_cfg.c:328:9:io_eeprom_erase	16	static
sources/platform/stm32l/io_cfg.c:362:6:erase_internal_flash	16	static
sources/platform/stm32l/io_cfg.c:377:6:internal_flash_unlock	8	static
sources/platform/stm32l/io_cfg.c:383:6:internal_flash_lock	0	static
sources/platform/stm32l/io_cfg.c:387:6:internal_flash_erase_pages_cal	16	static
sources/platform/stm32l/io_cfg.c:402:9:internal_flash_write_cal	32	static
