sources/platform/stm32l/sys_cfg.c:134:6:xputchar	8	static
sources/platform/stm32l/sys_cfg.c:36:6:sys_cfg_clock	8	static
sources/platform/stm32l/sys_cfg.c:47:6:sys_cfg_tick	24	static
sources/platform/stm32l/sys_cfg.c:66:6:sys_cfg_console	56	static
sources/platform/stm32l/sys_cfg.c:119:6:sys_cfg_svc	16	static
sources/platform/stm32l/sys_cfg.c:128:6:sys_cfg_update_info	0	static
sources/platform/stm32l/sys_cfg.c:145:6:sys_ctrl_shell_put_char	8	static
sources/platform/stm32l/sys_cfg.c:156:9:sys_ctrl_shell_get_char	8	static
sources/platform/stm32l/sys_cfg.c:166:6:sys_ctrl_reset	0	static
sources/platform/stm32l/sys_cfg.c:170:6:sys_ctrl_delay_us	16	static
sources/platform/stm32l/sys_cfg.c:176:6:sys_ctrl_delay_ms	16	static
sources/platform/stm32l/sys_cfg.c:200:6:sys_ctrl_independent_watchdog_init	8	static
sources/platform/stm32l/sys_cfg.c:211:6:sys_ctrl_independent_watchdog_reset	8	static
sources/platform/stm32l/sys_cfg.c:220:6:sys_ctrl_soft_watchdog_init	32	static
sources/platform/stm32l/sys_cfg.c:243:6:sys_ctrl_soft_watchdog_reset	8	static
sources/platform/stm32l/sys_cfg.c:249:6:sys_ctrl_soft_watchdog_enable	8	static
sources/platform/stm32l/sys_cfg.c:255:6:sys_ctrl_soft_watchdog_disable	8	static
sources/platform/stm32l/sys_cfg.c:261:6:sys_ctrl_soft_watchdog_increase_counter	0	static
sources/platform/stm32l/sys_cfg.c:268:6:sys_ctrl_get_firmware_info	4	static
sources/platform/stm32l/sys_cfg.c:290:6:sys_ctrl_jump_to_app	24	static
