sources/app/uart_boot.cpp:18:6:void uart_boot_init(pf_uart_boot_cmd_handler)	0	static
sources/app/uart_boot.cpp:25:6:void set_uart_boot_cmd_handler(pf_uart_boot_cmd_handler)	0	static
sources/app/uart_boot.cpp:31:10:uint32_t uart_boot_is_required()	8	static
sources/app/uart_boot.cpp:40:6:void uart_boot_write(uint8_t*, uint8_t)	24	static
sources/app/uart_boot.cpp:49:6:void uart_boot_rx_frame_parser(uint8_t)	4	static
sources/app/uart_boot.cpp:102:9:uint8_t uart_boot_data_cmd_get_len_used(uart_boot_data_cmd_t*)	0	static
