Archive member included to satisfy reference by file (symbol)

/home/tuan/toolchain_AK/gcc-arm-none-eabi-10.3-2021.10-x86_64-linux/gcc-arm-none-eabi-10.3-2021.10/arm-none-eabi/lib/thumb/v7-m/nofp/libc.a(lib_a-atof.o)
                              build_ak-kit-fly-and-shoot-application/WString.o (atof)
/home/tuan/toolchain_AK/gcc-arm-none-eabi-10.3-2021.10-x86_64-linux/gcc-arm-none-eabi-10.3-2021.10/arm-none-eabi/lib/thumb/v7-m/nofp/libc.a(lib_a-atol.o)
                              build_ak-kit-fly-and-shoot-application/WString.o (atol)
/home/tuan/toolchain_AK/gcc-arm-none-eabi-10.3-2021.10-x86_64-linux/gcc-arm-none-eabi-10.3-2021.10/arm-none-eabi/lib/thumb/v7-m/nofp/libc.a(lib_a-isspace.o)
                              build_ak-kit-fly-and-shoot-application/WString.o (isspace)
/home/tuan/toolchain_AK/gcc-arm-none-eabi-10.3-2021.10-x86_64-linux/gcc-arm-none-eabi-10.3-2021.10/arm-none-eabi/lib/thumb/v7-m/nofp/libc.a(lib_a-malloc.o)
                              build_ak-kit-fly-and-shoot-application/message.o (malloc)
/home/tuan/toolchain_AK/gcc-arm-none-eabi-10.3-2021.10-x86_64-linux/gcc-arm-none-eabi-10.3-2021.10/arm-none-eabi/lib/thumb/v7-m/nofp/libc.a(lib_a-mallocr.o)
                              /home/tuan/toolchain_AK/gcc-arm-none-eabi-10.3-2021.10-x86_64-linux/gcc-arm-none-eabi-10.3-2021.10/arm-none-eabi/lib/thumb/v7-m/nofp/libc.a(lib_a-malloc.o) (_malloc_r)
/home/tuan/toolchain_AK/gcc-arm-none-eabi-10.3-2021.10-x86_64-linux/gcc-arm-none-eabi-10.3-2021.10/arm-none-eabi/lib/thumb/v7-m/nofp/libc.a(lib_a-memcmp.o)
                              build_ak-kit-fly-and-shoot-application/mbmfuncfiles.o (memcmp)
/home/tuan/toolchain_AK/gcc-arm-none-eabi-10.3-2021.10-x86_64-linux/gcc-arm-none-eabi-10.3-2021.10/arm-none-eabi/lib/thumb/v7-m/nofp/libc.a(lib_a-memcpy.o)
                              build_ak-kit-fly-and-shoot-application/message.o (memcpy)
/home/tuan/toolchain_AK/gcc-arm-none-eabi-10.3-2021.10-x86_64-linux/gcc-arm-none-eabi-10.3-2021.10/arm-none-eabi/lib/thumb/v7-m/nofp/libc.a(lib_a-memmove.o)
                              build_ak-kit-fly-and-shoot-application/scr_game_over.o (memmove)
/home/tuan/toolchain_AK/gcc-arm-none-eabi-10.3-2021.10-x86_64-linux/gcc-arm-none-eabi-10.3-2021.10/arm-none-eabi/lib/thumb/v7-m/nofp/libc.a(lib_a-memset.o)
                              build_ak-kit-fly-and-shoot-application/task.o (memset)
/home/tuan/toolchain_AK/gcc-arm-none-eabi-10.3-2021.10-x86_64-linux/gcc-arm-none-eabi-10.3-2021.10/arm-none-eabi/lib/thumb/v7-m/nofp/libc.a(lib_a-mlock.o)
                              /home/tuan/toolchain_AK/gcc-arm-none-eabi-10.3-2021.10-x86_64-linux/gcc-arm-none-eabi-10.3-2021.10/arm-none-eabi/lib/thumb/v7-m/nofp/libc.a(lib_a-mallocr.o) (__malloc_lock)
/home/tuan/toolchain_AK/gcc-arm-none-eabi-10.3-2021.10-x86_64-linux/gcc-arm-none-eabi-10.3-2021.10/arm-none-eabi/lib/thumb/v7-m/nofp/libc.a(lib_a-rand.o)
                              build_ak-kit-fly-and-shoot-application/WMath.o (srand)
/home/tuan/toolchain_AK/gcc-arm-none-eabi-10.3-2021.10-x86_64-linux/gcc-arm-none-eabi-10.3-2021.10/arm-none-eabi/lib/thumb/v7-m/nofp/libc.a(lib_a-realloc.o)
                              build_ak-kit-fly-and-shoot-application/WString.o (realloc)
/home/tuan/toolchain_AK/gcc-arm-none-eabi-10.3-2021.10-x86_64-linux/gcc-arm-none-eabi-10.3-2021.10/arm-none-eabi/lib/thumb/v7-m/nofp/libc.a(lib_a-reallocr.o)
                              /home/tuan/toolchain_AK/gcc-arm-none-eabi-10.3-2021.10-x86_64-linux/gcc-arm-none-eabi-10.3-2021.10/arm-none-eabi/lib/thumb/v7-m/nofp/libc.a(lib_a-realloc.o) (_realloc_r)
/home/tuan/toolchain_AK/gcc-arm-none-eabi-10.3-2021.10-x86_64-linux/gcc-arm-none-eabi-10.3-2021.10/arm-none-eabi/lib/thumb/v7-m/nofp/libc.a(lib_a-sbrkr.o)
                              /home/tuan/toolchain_AK/gcc-arm-none-eabi-10.3-2021.10-x86_64-linux/gcc-arm-none-eabi-10.3-2021.10/arm-none-eabi/lib/thumb/v7-m/nofp/libc.a(lib_a-mallocr.o) (_sbrk_r)
/home/tuan/toolchain_AK/gcc-arm-none-eabi-10.3-2021.10-x86_64-linux/gcc-arm-none-eabi-10.3-2021.10/arm-none-eabi/lib/thumb/v7-m/nofp/libc.a(lib_a-sprintf.o)
                              build_ak-kit-fly-and-shoot-application/scr_history.o (sprintf)
/home/tuan/toolchain_AK/gcc-arm-none-eabi-10.3-2021.10-x86_64-linux/gcc-arm-none-eabi-10.3-2021.10/arm-none-eabi/lib/thumb/v7-m/nofp/libc.a(lib_a-strcat.o)
                              build_ak-kit-fly-and-shoot-application/dtostrf.o (strcat)
/home/tuan/toolchain_AK/gcc-arm-none-eabi-10.3-2021.10-x86_64-linux/gcc-arm-none-eabi-10.3-2021.10/arm-none-eabi/lib/thumb/v7-m/nofp/libc.a(lib_a-strchr.o)
                              build_ak-kit-fly-and-shoot-application/WString.o (strchr)
/home/tuan/toolchain_AK/gcc-arm-none-eabi-10.3-2021.10-x86_64-linux/gcc-arm-none-eabi-10.3-2021.10/arm-none-eabi/lib/thumb/v7-m/nofp/libc.a(lib_a-strcmp.o)
                              build_ak-kit-fly-and-shoot-application/cmd_line.o (strcmp)
[...]
Memory Configuration

Name             Origin             Length             Attributes
BSF              0x0000000008002000 0x0000000000001000 xr
FLASH            0x0000000008003000 0x000000000001d000 xr
SRAM             0x0000000020000000 0x0000000000004000 xrw
*default*        0x0000000000000000 0xffffffffffffffff

Linker script and memory map

                0x0000000000000800                HEAP_SIZE = 0x800

.start_boot_share_data_flash
                0x0000000008002000        0x0
                0x0000000008002000                _start_boot_share_data_flash = .

.start_flash    0x0000000008003000        0x0
                0x0000000008003000                _start_flash = .

.isr_vector     0x0000000008003000       0xf4
                0x0000000008003000                _isr_vector = .
 *(.isr_vector)
 .isr_vector    0x0000000008003000       0xf4 build_ak-kit-fly-and-shoot-application/system.o
                0x0000000008003000                isr_vector
                0x00000000080030f4                . = ALIGN (0x4)

.text           0x00000000080030f8    0x15768
                0x00000000080030f8                . = ALIGN (0x4)
 *(.text)
 .text          0x00000000080030f8       0xec /home/tuan/toolchain_AK/gcc-arm-none-eabi-10.3-2021.10-x86_64-linux/gcc-arm-none-eabi-10.3-2021.10/arm-none-eabi/lib/thumb/v7-m/nofp/libc.a(lib_a-memcpy.o)
                0x00000000080030f8                memcpy
 .text          0x00000000080031e4      0x1bc /home/tuan/toolchain_AK/gcc-arm-none-eabi-10.3-2021.10-x86_64-linux/gcc-arm-none-eabi-10.3-2021.10/arm-none-eabi/lib/thumb/v7-m/nofp/libc.a(lib_a-strcmp.o)
                0x00000000080031e4                strcmp
 .text          0x00000000080033a0      0x378 /home/tuan/toolchain_AK/gcc-arm-none-eabi-10.3-2021.10-x86_64-linux/gcc-arm-none-eabi-10.3-2021.10/lib/gcc/arm-none-eabi/10.3.1/thumb/v7-m/nofp/libgcc.a(_arm_addsubdf3.o)
                0x00000000080033a0                __aeabi_drsub
                0x00000000080033a8                __aeabi_dsub
                0x00000000080033a8                __subdf3
                0x00000000080033ac                __adddf3
                0x00000000080033ac                __aeabi_dadd
                0x0000000008003624                __aeabi_ui2d
                0x0000000008003624                __floatunsidf
                0x0000000008003644                __floatsidf
                0x0000000008003644                __aeabi_i2d
                0x0000000008003668                __extendsfdf2
                0x0000000008003668                __aeabi_f2d
                0x00000000080036ac                __aeabi_ul2d
                0x00000000080036ac                __floatundidf
                0x00000000080036bc                __floatdidf
                0x00000000080036bc                __aeabi_l2d
 .text          0x0000000008003718      0x424 /home/tuan/toolchain_AK/gcc-arm-none-eabi-10.3-2021.10-x86_64-linux/gcc-arm-none-eabi-10.3-2021.10/lib/gcc/arm-none-eabi/10.3.1/thumb/v7-m/nofp/libgcc.a(_arm_muldivdf3.o)
                0x0000000008003718                __aeabi_dmul
                0x0000000008003718                __muldf3
                0x000000000800396c                __aeabi_ddiv
                0x000000000800396c                __divdf3
 .text          0x0000000008003b3c      0x110 /home/tuan/toolchain_AK/gcc-arm-none-eabi-10.3-2021.10-x86_64-linux/gcc-arm-none-eabi-10.3-2021.10/lib/gcc/arm-none-eabi/10.3.1/thumb/v7-m/nofp/libgcc.a(_arm_cmpdf2.o)
                0x0000000008003b3c                __gtdf2
                0x0000000008003b3c                __gedf2
                0x0000000008003b44                __ltdf2
                0x0000000008003b44                __ledf2
                0x0000000008003b4c                __cmpdf2
                0x0000000008003b4c                __eqdf2
                0x0000000008003b4c                __nedf2
                0x0000000008003bc8                __aeabi_cdrcmple
                0x0000000008003bd8                __aeabi_cdcmple
                0x0000000008003bd8                __aeabi_cdcmpeq
                0x0000000008003be8                __aeabi_dcmpeq
                0x0000000008003bfc                __aeabi_dcmplt
                0x0000000008003c10                __aeabi_dcmple
                0x0000000008003c24                __aeabi_dcmpge
                0x0000000008003c38                __aeabi_dcmpgt
 .text          0x0000000008003c4c       0x2c /home/tuan/toolchain_AK/gcc-arm-none-eabi-10.3-2021.10-x86_64-linux/gcc-arm-none-eabi-10.3-2021.10/lib/gcc/arm-none-eabi/10.3.1/thumb/v7-m/nofp/libgcc.a(_arm_unorddf2.o)
                0x0000000008003c4c                __aeabi_dcmpun
                0x0000000008003c4c                __unorddf2
 .text          0x0000000008003c78       0x50 /home/tuan/toolchain_AK/gcc-arm-none-eabi-10.3-2021.10-x86_64-linux/gcc-arm-none-eabi-10.3-2021.10/lib/gcc/arm-none-eabi/10.3.1/thumb/v7-m/nofp/libgcc.a(_arm_fixdfsi.o)
                0x0000000008003c78                __fixdfsi
                0x0000000008003c78                __aeabi_d2iz
 .text          0x0000000008003cc8       0x40 /home/tuan/toolchain_AK/gcc-arm-none-eabi-10.3-2021.10-x86_64-linux/gcc-arm-none-eabi-10.3-2021.10/lib/gcc/arm-none-eabi/10.3.1/thumb/v7-m/nofp/libgcc.a(_arm_fixunsdfsi.o)
                0x0000000008003cc8                __fixunsdfsi
                0x0000000008003cc8                __aeabi_d2uiz
 .text          0x0000000008003d08      0x21c /home/tuan/toolchain_AK/gcc-arm-none-eabi-10.3-2021.10-x86_64-linux/gcc-arm-none-eabi-10.3-2021.10/lib/gcc/arm-none-eabi/10.3.1/thumb/v7-m/nofp/libgcc.a(_arm_addsubsf3.o)
                0x0000000008003d08                __aeabi_frsub
                0x0000000008003d10                __subsf3
                0x0000000008003d10                __aeabi_fsub
                0x0000000008003d14                __aeabi_fadd
                0x0000000008003d14                __addsf3
                0x0000000008003e74                __aeabi_ui2f
                0x0000000008003e74                __floatunsisf
                0x0000000008003e7c                __aeabi_i2f
                0x0000000008003e7c                __floatsisf
                0x0000000008003e98                __floatundisf
                0x0000000008003e98                __aeabi_ul2f
                0x0000000008003ea8                __floatdisf
                0x0000000008003ea8                __aeabi_l2f
 .text          0x0000000008003f24       0x30 /home/tuan/toolchain_AK/gcc-arm-none-eabi-10.3-2021.10-x86_64-linux/gcc-arm-none-eabi-10.3-2021.10/lib/gcc/arm-none-eabi/10.3.1/thumb/v7-m/nofp/libgcc.a(_aeabi_uldivmod.o)
                0x0000000008003f24                __aeabi_uldivmod
 .text          0x0000000008003f54      0x2d4 /home/tuan/toolchain_AK/gcc-arm-none-eabi-10.3-2021.10-x86_64-linux/gcc-arm-none-eabi-10.3-2021.10/lib/gcc/arm-none-eabi/10.3.1/thumb/v7-m/nofp/libgcc.a(_udivmoddi4.o)
                0x0000000008003f54                __udivmoddi4
 .text          0x0000000008004228        0x4 /home/tuan/toolchain_AK/gcc-arm-none-eabi-10.3-2021.10-x86_64-linux/gcc-arm-none-eabi-10.3-2021.10/lib/gcc/arm-none-eabi/10.3.1/thumb/v7-m/nofp/libgcc.a(_dvmd_tls.o)
                0x0000000008004228                __aeabi_ldiv0
                0x0000000008004228                __aeabi_idiv0
 *(.text*)
 .text.fsm_dispatch
                0x000000000800422c        0x6 build_ak-kit-fly-and-shoot-application/fsm.o
                0x000000000800422c                fsm_dispatch
 *fill*         0x0000000008004232        0x2 
 .text.task_create
                0x0000000008004234       0x3c build_ak-kit-fly-and-shoot-application/task.o
                0x0000000008004234                task_create
 .text.task_polling_create
                0x0000000008004270       0x34 build_ak-kit-fly-and-shoot-application/task.o
                0x0000000008004270                task_polling_create
 .text.task_post
                0x00000000080042a4       0x84 build_ak-kit-fly-and-shoot-application/task.o
                0x00000000080042a4                task_post
 .text.task_remove_msg
                0x0000000008004328       0xb4 build_ak-kit-fly-and-shoot-application/task.o
                0x0000000008004328                task_remove_msg
 .text.task_post_pure_msg
                0x00000000080043dc       0x18 build_ak-kit-fly-and-shoot-application/task.o
                0x00000000080043dc                task_post_pure_msg
 .text.task_post_common_msg
                0x00000000080043f4       0x2a build_ak-kit-fly-and-shoot-application/task.o
                0x00000000080043f4                task_post_common_msg
 *fill*         0x000000000800441e        0x2 
 .text.task_entry_interrupt
                0x0000000008004420       0x1c build_ak-kit-fly-and-shoot-application/task.o
                0x0000000008004420                task_entry_interrupt
 .text.task_exit_interrupt
                0x000000000800443c       0x24 build_ak-kit-fly-and-shoot-application/task.o
                0x000000000800443c                task_exit_interrupt
 .text.task_init
                0x0000000008004460       0x40 build_ak-kit-fly-and-shoot-application/task.o
                0x0000000008004460                task_init
 .text.task_polling_run
                0x00000000080044a0       0x34 build_ak-kit-fly-and-shoot-application/task.o
                0x00000000080044a0                task_polling_run
 .text.task_run
                0x00000000080044d4      0x138 build_ak-kit-fly-and-shoot-application/task.o
                0x00000000080044d4                task_run
 .text.get_current_task_id
                0x000000000800460c        0xc build_ak-kit-fly-and-shoot-application/task.o
                0x000000000800460c                get_current_task_id
 .text.get_current_task_info
                0x0000000008004618        0x8 build_ak-kit-fly-and-shoot-application/task.o
                0x0000000008004618                get_current_task_info
 .text.get_current_active_object
                0x0000000008004620        0x8 build_ak-kit-fly-and-shoot-application/task.o
                0x0000000008004620                get_current_active_object
 .text.timer_remove_msg
                0x0000000008004628       0x64 build_ak-kit-fly-and-shoot-application/timer.o
 .text.task_timer_tick
                0x000000000800468c       0x7c build_ak-kit-fly-and-shoot-application/timer.o
                0x000000000800468c                task_timer_tick
 .text.timer_init
                0x0000000008004708       0x6c build_ak-kit-fly-and-shoot-application/timer.o
                0x0000000008004708                timer_init
 .text.timer_tick
                0x0000000008004774       0x38 build_ak-kit-fly-and-shoot-application/timer.o
                0x0000000008004774                timer_tick
 .text.timer_set
                0x00000000080047ac       0x98 build_ak-kit-fly-and-shoot-application/timer.o
                0x00000000080047ac                timer_set
 .text.timer_remove_attr
                0x0000000008004844       0x18 build_ak-kit-fly-and-shoot-application/timer.o
                0x0000000008004844                timer_remove_attr
 .text.free_common_msg
                0x000000000800485c       0x28 build_ak-kit-fly-and-shoot-application/message.o
 .text.free_pure_msg
                0x0000000008004884       0x28 build_ak-kit-fly-and-shoot-application/message.o
 .text.free_dynamic_msg
                0x00000000080048ac       0x30 build_ak-kit-fly-and-shoot-application/message.o
 .text.msg_init
                0x00000000080048dc      0x100 build_ak-kit-fly-and-shoot-application/message.o
                0x00000000080048dc                msg_init
 .text.msg_force_free
                0x00000000080049dc       0x44 build_ak-kit-fly-and-shoot-application/message.o
                0x00000000080049dc                msg_force_free
 .text.msg_inc_ref_count
                0x0000000008004a20       0x2c build_ak-kit-fly-and-shoot-application/message.o
                0x0000000008004a20                msg_inc_ref_count
 .text.msg_dec_ref_count
                0x0000000008004a4c       0x28 build_ak-kit-fly-and-shoot-application/message.o
                0x0000000008004a4c                msg_dec_ref_count
 .text.msg_free
                0x0000000008004a74       0x58 build_ak-kit-fly-and-shoot-application/message.o
                0x0000000008004a74                msg_free
 .text.ak_malloc
                0x0000000008004acc       0x50 build_ak-kit-fly-and-shoot-application/message.o
                0x0000000008004acc                ak_malloc
 .text.ak_free  0x0000000008004b1c        0x4 build_ak-kit-fly-and-shoot-application/message.o
                0x0000000008004b1c                ak_free
 .text.get_pure_msg
                0x0000000008004b20       0x5c build_ak-kit-fly-and-shoot-application/message.o
                0x0000000008004b20                get_pure_msg
 .text.get_common_msg
                0x0000000008004b7c       0x60 build_ak-kit-fly-and-shoot-application/message.o
                0x0000000008004b7c                get_common_msg
 .text.set_data_common_msg
                0x0000000008004bdc       0x4c build_ak-kit-fly-and-shoot-application/message.o
                0x0000000008004bdc                set_data_common_msg
 .text.get_data_common_msg
                0x0000000008004c28       0x28 build_ak-kit-fly-and-shoot-application/message.o
                0x0000000008004c28                get_data_common_msg
 .text.get_data_len_common_msg
                0x0000000008004c50       0x28 build_ak-kit-fly-and-shoot-application/message.o
                0x0000000008004c50                get_data_len_common_msg
 .text.get_dynamic_msg
                0x0000000008004c78       0x64 build_ak-kit-fly-and-shoot-application/message.o
                0x0000000008004c78                get_dynamic_msg
 .text.set_data_dynamic_msg
                0x0000000008004cdc       0x3c build_ak-kit-fly-and-shoot-application/message.o
                0x0000000008004cdc                set_data_dynamic_msg
 .text.get_data_dynamic_msg
                0x0000000008004d18       0x28 build_ak-kit-fly-and-shoot-application/message.o
                0x0000000008004d18                get_data_dynamic_msg
 .text.get_data_len_dynamic_msg
                0x0000000008004d40        0x4 build_ak-kit-fly-and-shoot-application/message.o
                0x0000000008004d40                get_data_len_dynamic_msg
 .text.log_queue_init
                0x0000000008004d44       0x2e build_ak-kit-fly-and-shoot-application/log_queue.o
                0x0000000008004d44                log_queue_init
 .text.log_queue_len
                0x0000000008004d72        0x4 build_ak-kit-fly-and-shoot-application/log_queue.o
                0x0000000008004d72                log_queue_len
 .text.log_queue_put
                0x0000000008004d76       0x5c build_ak-kit-fly-and-shoot-application/log_queue.o
                0x0000000008004d76                log_queue_put
 .text.log_queue_get
                0x0000000008004dd2       0x30 build_ak-kit-fly-and-shoot-application/log_queue.o
                0x0000000008004dd2                log_queue_get
 .text.fifo_init
                0x0000000008004e02       0x12 build_ak-kit-fly-and-shoot-application/fifo.o
                0x0000000008004e02                fifo_init
 .text.fifo_availble
                0x0000000008004e14        0x4 build_ak-kit-fly-and-shoot-application/fifo.o
                0x0000000008004e14                fifo_availble
 .text.fifo_is_full
                0x0000000008004e18        0xc build_ak-kit-fly-and-shoot-application/fifo.o
                0x0000000008004e18                fifo_is_full
 .text.fifo_put
                0x0000000008004e24       0x54 build_ak-kit-fly-and-shoot-application/fifo.o
                0x0000000008004e24                fifo_put
 .text.fifo_get
                0x0000000008004e78       0x50 build_ak-kit-fly-and-shoot-application/fifo.o
                0x0000000008004e78                fifo_get
 .text.ring_buffer_char_init
                0x0000000008004ec8        0xc build_ak-kit-fly-and-shoot-application/ring_buffer.o
                0x0000000008004ec8                ring_buffer_char_init
 .text.ring_buffer_char_is_empty
                0x0000000008004ed4        0xa build_ak-kit-fly-and-shoot-application/ring_buffer.o
                0x0000000008004ed4                ring_buffer_char_is_empty
 .text.ring_buffer_char_put
                0x0000000008004ede       0x36 build_ak-kit-fly-and-shoot-application/ring_buffer.o
                0x0000000008004ede                ring_buffer_char_put
 .text.ring_buffer_char_get
                0x0000000008004f14       0x26 build_ak-kit-fly-and-shoot-application/ring_buffer.o
                0x0000000008004f14                ring_buffer_char_get
 .text.mem_read
                0x0000000008004f3a       0x18 build_ak-kit-fly-and-shoot-application/utils.o
                0x0000000008004f3a                mem_read
 .text.mem_write
                0x0000000008004f52       0x1a build_ak-kit-fly-and-shoot-application/utils.o
                0x0000000008004f52                mem_write
 *fill*         0x0000000008004f6c        0x4 
 .text.ilog10   0x0000000008004f70       0xd8 build_ak-kit-fly-and-shoot-application/xprintf.o
 .text.i10x     0x0000000008005048       0x78 build_ak-kit-fly-and-shoot-application/xprintf.o
 .text.xfputc   0x00000000080050c0       0x30 build_ak-kit-fly-and-shoot-application/xprintf.o
                0x00000000080050c0                xfputc
 .text.xputc    0x00000000080050f0       0x10 build_ak-kit-fly-and-shoot-application/xprintf.o
                0x00000000080050f0                xputc
 .text.xvfprintf
                0x0000000008005100      0x580 build_ak-kit-fly-and-shoot-application/xprintf.o
 .text.xprintf  0x0000000008005680       0x24 build_ak-kit-fly-and-shoot-application/xprintf.o
                0x0000000008005680                xprintf
 .text.cmd_line_parser
                0x00000000080056a4       0x7c build_ak-kit-fly-and-shoot-application/cmd_line.o
                0x00000000080056a4                cmd_line_parser
 .text.button_init
                0x0000000008005720       0x34 build_ak-kit-fly-and-shoot-application/button.o
                0x0000000008005720                button_init
 .text.button_enable
                0x0000000008005754        0x6 build_ak-kit-fly-and-shoot-application/button.o
                0x0000000008005754                button_enable
 .text.button_timer_polling
                0x000000000800575a       0x76 build_ak-kit-fly-and-shoot-application/button.o
                0x000000000800575a                button_timer_polling
 .text.flash_wait_to_idle
                0x00000000080057d0       0x32 build_ak-kit-fly-and-shoot-application/flash.o
 .text.flash_set_write_enable.constprop.0
                0x0000000008005802       0x14 build_ak-kit-fly-and-shoot-application/flash.o
 .text.flash_is_connected
                0x0000000008005816       0x22 build_ak-kit-fly-and-shoot-application/flash.o
                0x0000000008005816                flash_is_connected
 .text.flash_read
                0x0000000008005838       0x5e build_ak-kit-fly-and-shoot-application/flash.o
                0x0000000008005838                flash_read
 .text.flash_write
                0x0000000008005896       0x6c build_ak-kit-fly-and-shoot-application/flash.o
                0x0000000008005896                flash_write
 .text.flash_erase_sector
                0x0000000008005902       0x48 build_ak-kit-fly-and-shoot-application/flash.o
                0x0000000008005902                flash_erase_sector
 .text.flash_erase_block_64k
                0x000000000800594a       0x46 build_ak-kit-fly-and-shoot-application/flash.o
                0x000000000800594a                flash_erase_block_64k
 .text.led_init
                0x0000000008005990       0x20 build_ak-kit-fly-and-shoot-application/led.o
                0x0000000008005990                led_init
 .text.led_on   0x00000000080059b0        0xc build_ak-kit-fly-and-shoot-application/led.o
                0x00000000080059b0                led_on
 .text.led_off  0x00000000080059bc        0xc build_ak-kit-fly-and-shoot-application/led.o
                0x00000000080059bc                led_off
 .text.led_toggle
                0x00000000080059c8       0x12 build_ak-kit-fly-and-shoot-application/led.o
                0x00000000080059c8                led_toggle
 *fill*         0x00000000080059da        0x2 
 .text.BUZZER_Init
                0x00000000080059dc       0xe0 build_ak-kit-fly-and-shoot-application/buzzer.o
                0x00000000080059dc                BUZZER_Init
 .text.BUZZER_Disable
                0x0000000008005abc       0x38 build_ak-kit-fly-and-shoot-application/buzzer.o
                0x0000000008005abc                BUZZER_Disable
 .text.BUZZER_Enable
                0x0000000008005af4       0x84 build_ak-kit-fly-and-shoot-application/buzzer.o
                0x0000000008005af4                BUZZER_Enable
 .text.buzzer_irq
                0x0000000008005b78       0x98 build_ak-kit-fly-and-shoot-application/buzzer.o
                0x0000000008005b78                buzzer_irq
 .text.BUZZER_PlayTones
                0x0000000008005c10       0x1c build_ak-kit-fly-and-shoot-application/buzzer.o
                0x0000000008005c10                BUZZER_PlayTones
 .text.sys_dbg_cpu_dump
                0x0000000008005c2c       0x4c build_ak-kit-fly-and-shoot-application/sys_dbg.o
                0x0000000008005c2c                sys_dbg_cpu_dump
 .text.sys_dbg_stack_space_dump
                0x0000000008005c78       0x30 build_ak-kit-fly-and-shoot-application/sys_dbg.o
                0x0000000008005c78                sys_dbg_stack_space_dump
 .text.sys_dbg_fatal
                0x0000000008005ca8      0x3cc build_ak-kit-fly-and-shoot-application/sys_dbg.o
                0x0000000008005ca8                sys_dbg_fatal
 .text.sys_boot_init
                0x0000000008006074       0x14 build_ak-kit-fly-and-shoot-application/sys_boot.o
                0x0000000008006074                sys_boot_init
 .text.sys_boot_get
                0x0000000008006088        0xc build_ak-kit-fly-and-shoot-application/sys_boot.o
                0x0000000008006088                sys_boot_get
 .text.sys_boot_set
                0x0000000008006094       0x34 build_ak-kit-fly-and-shoot-application/sys_boot.o
                0x0000000008006094                sys_boot_set
 .text.eMBMReleaseHdl
                0x00000000080060c8       0x58 build_ak-kit-fly-and-shoot-application/mbm.o
 .text.bMBMResponseTimeoutCB
                0x0000000008006120       0x18 build_ak-kit-fly-and-shoot-application/mbm.o
 .text.bMBMIsHdlValid
                0x0000000008006138       0x18 build_ak-kit-fly-and-shoot-application/mbm.o
                0x0000000008006138                bMBMIsHdlValid
 .text.eMBMSerialInitExt
                0x0000000008006150       0xcc build_ak-kit-fly-and-shoot-application/mbm.o
                0x0000000008006150                eMBMSerialInitExt
 .text.usMBMCRC16
                0x000000000800621c       0x2c build_ak-kit-fly-and-shoot-application/mbmcrc.o
                0x000000000800621c                usMBMCRC16
 .text.bMBMSerialWaitCB
                0x0000000008006248       0x3c build_ak-kit-fly-and-shoot-application/mbmrtu.o
 .text.bMBMSerialRTUT35CB
                0x0000000008006284       0x58 build_ak-kit-fly-and-shoot-application/mbmrtu.o
 .text.bMBMSerialRTUTransmitterEmptyAPIV1CB
                0x00000000080062dc       0xb2 build_ak-kit-fly-and-shoot-application/mbmrtu.o
 .text.bMBMSerialRTUReceiverAPIV1CB
                0x000000000800638e       0xa0 build_ak-kit-fly-and-shoot-application/mbmrtu.o
 *fill*         0x000000000800642e        0x2 
 .text.eMBMSerialRTUFrameCloseInternal
                0x0000000008006430       0x90 build_ak-kit-fly-and-shoot-application/mbmrtu.o
 .text.eMBMSerialRTUFrameReceive
                0x00000000080064c0       0xc4 build_ak-kit-fly-and-shoot-application/mbmrtu.o
 .text.eMBMSerialRTUFrameSend
                0x0000000008006584       0xd0 build_ak-kit-fly-and-shoot-application/mbmrtu.o
 .text.eMBMSerialRTUFrameClose
                0x0000000008006654       0x18 build_ak-kit-fly-and-shoot-application/mbmrtu.o
 .text.eMBMSerialRTUInit
                0x000000000800666c      0x118 build_ak-kit-fly-and-shoot-application/mbmrtu.o
                0x000000000800666c                eMBMSerialRTUInit
 .text.eMBPEventCreate
                0x0000000008006784       0x5c build_ak-kit-fly-and-shoot-application/mbportevent.o
                0x0000000008006784                eMBPEventCreate
 .text.eMBPEventPost
                0x00000000080067e0       0x2c build_ak-kit-fly-and-shoot-application/mbportevent.o
                0x00000000080067e0                eMBPEventPost
 .text.vMBPEventDelete
                0x000000000800680c       0x2c build_ak-kit-fly-and-shoot-application/mbportevent.o
                0x000000000800680c                vMBPEventDelete
 .text.vMBPAssert
                0x0000000008006838       0x1c build_ak-kit-fly-and-shoot-application/mbportother.o
                0x0000000008006838                vMBPAssert
 .text.vMBPEnterCritical
                0x0000000008006854        0x4 build_ak-kit-fly-and-shoot-application/mbportother.o
                0x0000000008006854                vMBPEnterCritical
 .text.vMBPExitCritical
                0x0000000008006858        0x4 build_ak-kit-fly-and-shoot-application/mbportother.o
                0x0000000008006858                vMBPExitCritical
 .text.eMBPSerialInit
                0x000000000800685c      0x144 build_ak-kit-fly-and-shoot-application/mbportserial.o
                0x000000000800685c                eMBPSerialInit
 .text.eMBPSerialClose
                0x00000000080069a0       0x58 build_ak-kit-fly-and-shoot-application/mbportserial.o
                0x00000000080069a0                eMBPSerialClose
 .text.eMBPSerialTxEnable
                0x00000000080069f8       0x70 build_ak-kit-fly-and-shoot-application/mbportserial.o
                0x00000000080069f8                eMBPSerialTxEnable
 .text.eMBPSerialRxEnable
                0x0000000008006a68       0x5c build_ak-kit-fly-and-shoot-application/mbportserial.o
                0x0000000008006a68                eMBPSerialRxEnable
 .text.vMBPUSART2ISR
                0x0000000008006ac4       0xec build_ak-kit-fly-and-shoot-application/mbportserial.o
                0x0000000008006ac4                vMBPUSART2ISR
 .text.eMBPTimerInit
                0x0000000008006bb0       0xec build_ak-kit-fly-and-shoot-application/mbporttimer.o
                0x0000000008006bb0                eMBPTimerInit
 .text.vMBPTimerClose
                0x0000000008006c9c       0x28 build_ak-kit-fly-and-shoot-application/mbporttimer.o
                0x0000000008006c9c                vMBPTimerClose
 .text.eMBPTimerStart
                0x0000000008006cc4       0x2c build_ak-kit-fly-and-shoot-application/mbporttimer.o
                0x0000000008006cc4                eMBPTimerStart
 .text.eMBPTimerStop
                0x0000000008006cf0       0x30 build_ak-kit-fly-and-shoot-application/mbporttimer.o
                0x0000000008006cf0                eMBPTimerStop
 .text.vMBPTimerISR
                0x0000000008006d20       0x58 build_ak-kit-fly-and-shoot-application/mbporttimer.o
                0x0000000008006d20                vMBPTimerISR
 .text.getModeBits
                0x0000000008006d78       0x30 build_ak-kit-fly-and-shoot-application/qrcode.o
 .text.bb_appendBits
                0x0000000008006da8       0x58 build_ak-kit-fly-and-shoot-application/qrcode.o
 .text.bb_setBit
                0x0000000008006e00       0x28 build_ak-kit-fly-and-shoot-application/qrcode.o
 .text.bb_getBit
                0x0000000008006e28       0x1a build_ak-kit-fly-and-shoot-application/qrcode.o
 *fill*         0x0000000008006e42        0x2 
 .text.applyMask
                0x0000000008006e44      0x110 build_ak-kit-fly-and-shoot-application/qrcode.o
 .text.setFunctionModule
                0x0000000008006f54       0x24 build_ak-kit-fly-and-shoot-application/qrcode.o
 .text.drawFinderPattern
                0x0000000008006f78       0x8a build_ak-kit-fly-and-shoot-application/qrcode.o
 .text.drawFormatBits
                0x0000000008007002      0x114 build_ak-kit-fly-and-shoot-application/qrcode.o
 *fill*         0x0000000008007116        0x2 
 .text.getAlphanumeric
                0x0000000008007118       0x34 build_ak-kit-fly-and-shoot-application/qrcode.o
 .text.qrcode_getBufferSize
                0x000000000800714c        0xe build_ak-kit-fly-and-shoot-application/qrcode.o
                0x000000000800714c                qrcode_getBufferSize
 *fill*         0x000000000800715a        0x2 
 .text.qrcode_initBytes
                0x000000000800715c      0x9e0 build_ak-kit-fly-and-shoot-application/qrcode.o
                0x000000000800715c                qrcode_initBytes
 .text.qrcode_initText
                0x0000000008007b3c       0x2e build_ak-kit-fly-and-shoot-application/qrcode.o
                0x0000000008007b3c                qrcode_initText
 .text.qrcode_getModule
                0x0000000008007b6a       0x28 build_ak-kit-fly-and-shoot-application/qrcode.o
                0x0000000008007b6a                qrcode_getModule
 .text.GPIO_Init
                0x0000000008007b92       0x78 build_ak-kit-fly-and-shoot-application/stm32l1xx_gpio.o
                0x0000000008007b92                GPIO_Init
 .text.GPIO_ReadInputDataBit
                0x0000000008007c0a        0xc build_ak-kit-fly-and-shoot-application/stm32l1xx_gpio.o
                0x0000000008007c0a                GPIO_ReadInputDataBit
 .text.GPIO_SetBits
                0x0000000008007c16        0x4 build_ak-kit-fly-and-shoot-application/stm32l1xx_gpio.o
                0x0000000008007c16                GPIO_SetBits
 .text.GPIO_ResetBits
                0x0000000008007c1a        0x4 build_ak-kit-fly-and-shoot-application/stm32l1xx_gpio.o
                0x0000000008007c1a                GPIO_ResetBits
 .text.GPIO_PinAFConfig
                0x0000000008007c1e       0x24 build_ak-kit-fly-and-shoot-application/stm32l1xx_gpio.o
                0x0000000008007c1e                GPIO_PinAFConfig
 *fill*         0x0000000008007c42        0x2 
 .text.RCC_HSICmd
                0x0000000008007c44        0xc build_ak-kit-fly-and-shoot-application/stm32l1xx_rcc.o
                0x0000000008007c44                RCC_HSICmd
 .text.RCC_GetClocksFreq
                0x0000000008007c50       0x9c build_ak-kit-fly-and-shoot-application/stm32l1xx_rcc.o
                0x0000000008007c50                RCC_GetClocksFreq
 .text.RCC_AHBPeriphClockCmd
                0x0000000008007cec       0x18 build_ak-kit-fly-and-shoot-application/stm32l1xx_rcc.o
                0x0000000008007cec                RCC_AHBPeriphClockCmd
 .text.RCC_APB2PeriphClockCmd
                0x0000000008007d04       0x18 build_ak-kit-fly-and-shoot-application/stm32l1xx_rcc.o
                0x0000000008007d04                RCC_APB2PeriphClockCmd
 .text.RCC_APB1PeriphClockCmd
                0x0000000008007d1c       0x18 build_ak-kit-fly-and-shoot-application/stm32l1xx_rcc.o
                0x0000000008007d1c                RCC_APB1PeriphClockCmd
 .text.RCC_APB2PeriphResetCmd
                0x0000000008007d34       0x18 build_ak-kit-fly-and-shoot-application/stm32l1xx_rcc.o
                0x0000000008007d34                RCC_APB2PeriphResetCmd
 .text.RCC_APB1PeriphResetCmd
                0x0000000008007d4c       0x18 build_ak-kit-fly-and-shoot-application/stm32l1xx_rcc.o
                0x0000000008007d4c                RCC_APB1PeriphResetCmd
 .text.RCC_GetFlagStatus
                0x0000000008007d64       0x20 build_ak-kit-fly-and-shoot-application/stm32l1xx_rcc.o
                0x0000000008007d64                RCC_GetFlagStatus
 .text.USART_DeInit
                0x0000000008007d84       0x9c build_ak-kit-fly-and-shoot-application/stm32l1xx_usart.o
                0x0000000008007d84                USART_DeInit
 .text.USART_Init
                0x0000000008007e20       0xa4 build_ak-kit-fly-and-shoot-application/stm32l1xx_usart.o
                0x0000000008007e20                USART_Init
 .text.USART_ClockInit
                0x0000000008007ec4       0x20 build_ak-kit-fly-and-shoot-application/stm32l1xx_usart.o
                0x0000000008007ec4                USART_ClockInit
 .text.USART_Cmd
                0x0000000008007ee4       0x18 build_ak-kit-fly-and-shoot-application/stm32l1xx_usart.o
                0x0000000008007ee4                USART_Cmd
 .text.USART_SendData
                0x0000000008007efc        0x8 build_ak-kit-fly-and-shoot-application/stm32l1xx_usart.o
                0x0000000008007efc                USART_SendData
 .text.USART_ReceiveData
                0x0000000008007f04        0x8 build_ak-kit-fly-and-shoot-application/stm32l1xx_usart.o
                0x0000000008007f04                USART_ReceiveData
 .text.USART_ITConfig
                0x0000000008007f0c       0x30 build_ak-kit-fly-and-shoot-application/stm32l1xx_usart.o
                0x0000000008007f0c                USART_ITConfig
 .text.USART_GetFlagStatus
                0x0000000008007f3c        0xc build_ak-kit-fly-and-shoot-application/stm32l1xx_usart.o
                0x0000000008007f3c                USART_GetFlagStatus
 .text.USART_GetITStatus
                0x0000000008007f48       0x3e build_ak-kit-fly-and-shoot-application/stm32l1xx_usart.o
                0x0000000008007f48                USART_GetITStatus
 .text.USART_ClearITPendingBit
                0x0000000008007f86        0xe build_ak-kit-fly-and-shoot-application/stm32l1xx_usart.o
                0x0000000008007f86                USART_ClearITPendingBit
 .text.SPI_I2S_DeInit
                0x0000000008007f94       0x64 build_ak-kit-fly-and-shoot-application/stm32l1xx_spi.o
                0x0000000008007f94                SPI_I2S_DeInit
 .text.SPI_Init
                0x0000000008007ff8       0x3e build_ak-kit-fly-and-shoot-application/stm32l1xx_spi.o
                0x0000000008007ff8                SPI_Init
 .text.SPI_Cmd  0x0000000008008036       0x18 build_ak-kit-fly-and-shoot-application/stm32l1xx_spi.o
                0x0000000008008036                SPI_Cmd
 .text.SPI_I2S_ReceiveData
                0x000000000800804e        0x6 build_ak-kit-fly-and-shoot-application/stm32l1xx_spi.o
                0x000000000800804e                SPI_I2S_ReceiveData
 .text.SPI_I2S_SendData
                0x0000000008008054        0x4 build_ak-kit-fly-and-shoot-application/stm32l1xx_spi.o
                0x0000000008008054                SPI_I2S_SendData
 .text.SPI_I2S_GetFlagStatus
                0x0000000008008058        0xc build_ak-kit-fly-and-shoot-application/stm32l1xx_spi.o
                0x0000000008008058                SPI_I2S_GetFlagStatus
 .text.NVIC_PriorityGroupConfig
                0x0000000008008064       0x14 build_ak-kit-fly-and-shoot-application/misc.o
                0x0000000008008064                NVIC_PriorityGroupConfig
 .text.NVIC_Init
                0x0000000008008078       0x58 build_ak-kit-fly-and-shoot-application/misc.o
                0x0000000008008078                NVIC_Init
 .text.EXTI_GetFlagStatus
                0x00000000080080d0       0x14 build_ak-kit-fly-and-shoot-application/stm32l1xx_exti.o
                0x00000000080080d0                EXTI_GetFlagStatus
 .text.EXTI_GetITStatus
                0x00000000080080e4        0x4 build_ak-kit-fly-and-shoot-application/stm32l1xx_exti.o
                0x00000000080080e4                EXTI_GetITStatus
 .text.EXTI_ClearITPendingBit
                0x00000000080080e8        0xc build_ak-kit-fly-and-shoot-application/stm32l1xx_exti.o
                0x00000000080080e8                EXTI_ClearITPendingBit
 .text.TIM_DeInit
                0x00000000080080f4       0xe4 build_ak-kit-fly-and-shoot-application/stm32l1xx_tim.o
                0x00000000080080f4                TIM_DeInit
 .text.TIM_TimeBaseInit
                0x00000000080081d8       0x58 build_ak-kit-fly-and-shoot-application/stm32l1xx_tim.o
                0x00000000080081d8                TIM_TimeBaseInit
 .text.TIM_ARRPreloadConfig
                0x0000000008008230       0x18 build_ak-kit-fly-and-shoot-application/stm32l1xx_tim.o
                0x0000000008008230                TIM_ARRPreloadConfig
 .text.TIM_Cmd  0x0000000008008248       0x18 build_ak-kit-fly-and-shoot-application/stm32l1xx_tim.o
                0x0000000008008248                TIM_Cmd
 .text.TIM_OC3Init
                0x0000000008008260       0x3c build_ak-kit-fly-and-shoot-application/stm32l1xx_tim.o
                0x0000000008008260                TIM_OC3Init
 .text.TIM_OC3PreloadConfig
                0x000000000800829c       0x10 build_ak-kit-fly-and-shoot-application/stm32l1xx_tim.o
                0x000000000800829c                TIM_OC3PreloadConfig
 .text.TIM_ITConfig
                0x00000000080082ac       0x12 build_ak-kit-fly-and-shoot-application/stm32l1xx_tim.o
                0x00000000080082ac                TIM_ITConfig
 .text.TIM_GetITStatus
                0x00000000080082be       0x16 build_ak-kit-fly-and-shoot-application/stm32l1xx_tim.o
                0x00000000080082be                TIM_GetITStatus
 .text.TIM_ClearITPendingBit
                0x00000000080082d4        0x8 build_ak-kit-fly-and-shoot-application/stm32l1xx_tim.o
                0x00000000080082d4                TIM_ClearITPendingBit
 .text.ADC_Init
                0x00000000080082dc       0x4c build_ak-kit-fly-and-shoot-application/stm32l1xx_adc.o
                0x00000000080082dc                ADC_Init
 .text.ADC_Cmd  0x0000000008008328       0x12 build_ak-kit-fly-and-shoot-application/stm32l1xx_adc.o
                0x0000000008008328                ADC_Cmd
 *fill*         0x000000000800833a        0x2 
 .text.ADC_TempSensorVrefintCmd
                0x000000000800833c       0x18 build_ak-kit-fly-and-shoot-application/stm32l1xx_adc.o
                0x000000000800833c                ADC_TempSensorVrefintCmd
 .text.ADC_RegularChannelConfig
                0x0000000008008354      0x104 build_ak-kit-fly-and-shoot-application/stm32l1xx_adc.o
                0x0000000008008354                ADC_RegularChannelConfig
 .text.ADC_SoftwareStartConv
                0x0000000008008458        0xa build_ak-kit-fly-and-shoot-application/stm32l1xx_adc.o
                0x0000000008008458                ADC_SoftwareStartConv
 .text.ADC_GetConversionValue
                0x0000000008008462        0x6 build_ak-kit-fly-and-shoot-application/stm32l1xx_adc.o
                0x0000000008008462                ADC_GetConversionValue
 .text.ADC_GetFlagStatus
                0x0000000008008468        0xc build_ak-kit-fly-and-shoot-application/stm32l1xx_adc.o
                0x0000000008008468                ADC_GetFlagStatus
 .text.PWR_UltraLowPowerCmd
                0x0000000008008474        0xc build_ak-kit-fly-and-shoot-application/stm32l1xx_pwr.o
                0x0000000008008474                PWR_UltraLowPowerCmd
 .text.PWR_EnterSTOPMode
                0x0000000008008480       0x34 build_ak-kit-fly-and-shoot-application/stm32l1xx_pwr.o
                0x0000000008008480                PWR_EnterSTOPMode
 .text.FLASH_Lock
                0x00000000080084b4       0x10 build_ak-kit-fly-and-shoot-application/stm32l1xx_flash.o
                0x00000000080084b4                FLASH_Lock
 .text.DATA_EEPROM_Unlock
                0x00000000080084c4       0x20 build_ak-kit-fly-and-shoot-application/stm32l1xx_flash.o
                0x00000000080084c4                DATA_EEPROM_Unlock
 .text.FLASH_Unlock
                0x00000000080084e4       0x2c build_ak-kit-fly-and-shoot-application/stm32l1xx_flash.o
                0x00000000080084e4                FLASH_Unlock
 .text.DATA_EEPROM_Lock
                0x0000000008008510       0x10 build_ak-kit-fly-and-shoot-application/stm32l1xx_flash.o
                0x0000000008008510                DATA_EEPROM_Lock
 .text.FLASH_OB_Unlock
                0x0000000008008520       0x2c build_ak-kit-fly-and-shoot-application/stm32l1xx_flash.o
                0x0000000008008520                FLASH_OB_Unlock
 .text.FLASH_OB_Launch
                0x000000000800854c       0x10 build_ak-kit-fly-and-shoot-application/stm32l1xx_flash.o
                0x000000000800854c                FLASH_OB_Launch
 .text.FLASH_OB_GetBOR
                0x000000000800855c       0x10 build_ak-kit-fly-and-shoot-application/stm32l1xx_flash.o
                0x000000000800855c                FLASH_OB_GetBOR
 .text.FLASH_ClearFlag
                0x000000000800856c        0xc build_ak-kit-fly-and-shoot-application/stm32l1xx_flash.o
                0x000000000800856c                FLASH_ClearFlag
 .text.FLASH_GetStatus
                0x0000000008008578       0x28 build_ak-kit-fly-and-shoot-application/stm32l1xx_flash.o
                0x0000000008008578                FLASH_GetStatus
 .text.FLASH_WaitForLastOperation
                0x00000000080085a0       0x3c build_ak-kit-fly-and-shoot-application/stm32l1xx_flash.o
                0x00000000080085a0                FLASH_WaitForLastOperation
 .text.FLASH_ErasePage
                0x00000000080085dc       0x44 build_ak-kit-fly-and-shoot-application/stm32l1xx_flash.o
                0x00000000080085dc                FLASH_ErasePage
 .text.FLASH_FastProgramWord
                0x0000000008008620       0x22 build_ak-kit-fly-and-shoot-application/stm32l1xx_flash.o
                0x0000000008008620                FLASH_FastProgramWord
 .text.DATA_EEPROM_EraseWord
                0x0000000008008642       0x16 build_ak-kit-fly-and-shoot-application/stm32l1xx_flash.o
                0x0000000008008642                DATA_EEPROM_EraseWord
 .text.DATA_EEPROM_FastProgramWord
                0x0000000008008658       0x30 build_ak-kit-fly-and-shoot-application/stm32l1xx_flash.o
                0x0000000008008658                DATA_EEPROM_FastProgramWord
 .text.DATA_EEPROM_ProgramByte
                0x0000000008008688       0x4c build_ak-kit-fly-and-shoot-application/stm32l1xx_flash.o
                0x0000000008008688                DATA_EEPROM_ProgramByte
 .text.FLASH_OB_BORConfig
                0x00000000080086d4       0x3c build_ak-kit-fly-and-shoot-application/stm32l1xx_flash.o
                0x00000000080086d4                FLASH_OB_BORConfig
 .text.IWDG_WriteAccessCmd
                0x0000000008008710        0xc build_ak-kit-fly-and-shoot-application/stm32l1xx_iwdg.o
                0x0000000008008710                IWDG_WriteAccessCmd
 .text.IWDG_SetPrescaler
                0x000000000800871c        0xc build_ak-kit-fly-and-shoot-application/stm32l1xx_iwdg.o
                0x000000000800871c                IWDG_SetPrescaler
 .text.IWDG_SetReload
                0x0000000008008728        0xc build_ak-kit-fly-and-shoot-application/stm32l1xx_iwdg.o
                0x0000000008008728                IWDG_SetReload
 .text.IWDG_ReloadCounter
                0x0000000008008734       0x10 build_ak-kit-fly-and-shoot-application/stm32l1xx_iwdg.o
                0x0000000008008734                IWDG_ReloadCounter
 .text.IWDG_Enable
                0x0000000008008744       0x10 build_ak-kit-fly-and-shoot-application/stm32l1xx_iwdg.o
                0x0000000008008744                IWDG_Enable
 .text.I2C_SendData
                0x0000000008008754        0x4 build_ak-kit-fly-and-shoot-application/stm32l1xx_i2c.o
                0x0000000008008754                I2C_SendData
 .text.I2C_CheckEvent
                0x0000000008008758       0x18 build_ak-kit-fly-and-shoot-application/stm32l1xx_i2c.o
                0x0000000008008758                I2C_CheckEvent
 .text.disable_interrupts
                0x0000000008008770       0x10 build_ak-kit-fly-and-shoot-application/platform.o
                0x0000000008008770                disable_interrupts
 .text.entry_critical
                0x0000000008008780       0x14 build_ak-kit-fly-and-shoot-application/platform.o
                0x0000000008008780                entry_critical
 .text.exit_critical
                0x0000000008008794       0x30 build_ak-kit-fly-and-shoot-application/platform.o
                0x0000000008008794                exit_critical
 .text.default_handler
                0x00000000080087c4       0x1c build_ak-kit-fly-and-shoot-application/system.o
                0x00000000080087c4                svc_handler
                0x00000000080087c4                default_handler
                0x00000000080087c4                dg_monitor_handler
                0x00000000080087c4                pendsv_handler
 .text.nmi_handler
                0x00000000080087e0       0x1c build_ak-kit-fly-and-shoot-application/system.o
                0x00000000080087e0                nmi_handler
 .text.hard_fault_handler
                0x00000000080087fc       0x1c build_ak-kit-fly-and-shoot-application/system.o
                0x00000000080087fc                hard_fault_handler
 .text.mem_manage_handler
                0x0000000008008818       0x1c build_ak-kit-fly-and-shoot-application/system.o
                0x0000000008008818                mem_manage_handler
 .text.bus_fault_handler
                0x0000000008008834       0x1c build_ak-kit-fly-and-shoot-application/system.o
                0x0000000008008834                bus_fault_handler
 .text.usage_fault_handler
                0x0000000008008850       0x1c build_ak-kit-fly-and-shoot-application/system.o
                0x0000000008008850                usage_fault_handler
 .text.systick_handler
                0x000000000800886c       0x40 build_ak-kit-fly-and-shoot-application/system.o
                0x000000000800886c                systick_handler
 .text.uart1_irq
                0x00000000080088ac       0x64 build_ak-kit-fly-and-shoot-application/system.o
                0x00000000080088ac                uart1_irq
 .text.exti_line1_irq
                0x0000000008008910       0x1c build_ak-kit-fly-and-shoot-application/system.o
                0x0000000008008910                exti_line1_irq
 .text.timer7_irq
                0x000000000800892c       0x24 build_ak-kit-fly-and-shoot-application/system.o
                0x000000000800892c                timer7_irq
 .text.sys_ctrl_delay
                0x0000000008008950        0xc build_ak-kit-fly-and-shoot-application/system.o
                0x0000000008008950                sys_ctrl_delay
 .text.sys_ctrl_millis
                0x000000000800895c       0x1c build_ak-kit-fly-and-shoot-application/system.o
                0x000000000800895c                sys_ctrl_millis
 .text._init    0x0000000008008978        0x2 build_ak-kit-fly-and-shoot-application/system.o
                0x0000000008008978                _init
 .text._fini    0x000000000800897a        0x2 build_ak-kit-fly-and-shoot-application/system.o
                0x000000000800897a                _fini
 .text.sys_stack_count_init
                0x000000000800897c       0x3c build_ak-kit-fly-and-shoot-application/system.o
                0x000000000800897c                sys_stack_count_init
 .text.reset_handler
                0x00000000080089b8       0xc8 build_ak-kit-fly-and-shoot-application/system.o
                0x00000000080089b8                reset_handler
 .text.sys_stack_usage
                0x0000000008008a80       0x20 build_ak-kit-fly-and-shoot-application/system.o
                0x0000000008008a80                sys_stack_usage
 .text.sys_stack_get_size
                0x0000000008008aa0        0xc build_ak-kit-fly-and-shoot-application/system.o
                0x0000000008008aa0                sys_stack_get_size
 .text.sys_ctrl_shell_put_char_block
                0x0000000008008aac       0x2c build_ak-kit-fly-and-shoot-application/sys_cfg.o
                0x0000000008008aac                sys_ctrl_shell_put_char_block
 .text.sys_cfg_clock
                0x0000000008008ad8       0x22 build_ak-kit-fly-and-shoot-application/sys_cfg.o
                0x0000000008008ad8                sys_cfg_clock
 *fill*         0x0000000008008afa        0x2 
 .text.sys_cfg_tick
                0x0000000008008afc       0x50 build_ak-kit-fly-and-shoot-application/sys_cfg.o
                0x0000000008008afc                sys_cfg_tick
 .text.sys_cfg_svc
                0x0000000008008b4c       0x30 build_ak-kit-fly-and-shoot-application/sys_cfg.o
                0x0000000008008b4c                sys_cfg_svc
 .text.sys_cfg_pendsv
                0x0000000008008b7c       0x34 build_ak-kit-fly-and-shoot-application/sys_cfg.o
                0x0000000008008b7c                sys_cfg_pendsv
 .text.sys_cfg_update_info
                0x0000000008008bb0      0x108 build_ak-kit-fly-and-shoot-application/sys_cfg.o
                0x0000000008008bb0                sys_cfg_update_info
 .text.sys_ctrl_shell_sw_to_block
                0x0000000008008cb8       0x38 build_ak-kit-fly-and-shoot-application/sys_cfg.o
                0x0000000008008cb8                sys_ctrl_shell_sw_to_block
 .text.sys_cfg_console
                0x0000000008008cf0       0xd8 build_ak-kit-fly-and-shoot-application/sys_cfg.o
                0x0000000008008cf0                sys_cfg_console
 .text.sys_ctrl_shell_get_char
                0x0000000008008dc8       0x34 build_ak-kit-fly-and-shoot-application/sys_cfg.o
                0x0000000008008dc8                sys_ctrl_shell_get_char
 .text.sys_ctrl_reset
                0x0000000008008dfc       0x20 build_ak-kit-fly-and-shoot-application/sys_cfg.o
                0x0000000008008dfc                sys_ctrl_reset
 .text.sys_ctrl_delay_us
                0x0000000008008e1c       0x58 build_ak-kit-fly-and-shoot-application/sys_cfg.o
                0x0000000008008e1c                sys_ctrl_delay_us
 .text.sys_ctrl_delay_ms
                0x0000000008008e74       0x1e build_ak-kit-fly-and-shoot-application/sys_cfg.o
                0x0000000008008e74                sys_ctrl_delay_ms
 *fill*         0x0000000008008e92        0x2 
 .text.sys_ctr_stop_mcu
                0x0000000008008e94       0xa8 build_ak-kit-fly-and-shoot-application/sys_cfg.o
                0x0000000008008e94                sys_ctr_stop_mcu
 .text.sys_ctrl_independent_watchdog_init
                0x0000000008008f3c       0x24 build_ak-kit-fly-and-shoot-application/sys_cfg.o
                0x0000000008008f3c                sys_ctrl_independent_watchdog_init
 .text.sys_ctrl_independent_watchdog_reset
                0x0000000008008f60       0x12 build_ak-kit-fly-and-shoot-application/sys_cfg.o
                0x0000000008008f60                sys_ctrl_independent_watchdog_reset
 *fill*         0x0000000008008f72        0x2 
 .text.sys_ctrl_soft_watchdog_init
                0x0000000008008f74       0x68 build_ak-kit-fly-and-shoot-application/sys_cfg.o
                0x0000000008008f74                sys_ctrl_soft_watchdog_init
 .text.sys_ctrl_soft_watchdog_reset
                0x0000000008008fdc       0x18 build_ak-kit-fly-and-shoot-application/sys_cfg.o
                0x0000000008008fdc                sys_ctrl_soft_watchdog_reset
 .text.sys_ctrl_soft_watchdog_increase_counter
                0x0000000008008ff4       0x40 build_ak-kit-fly-and-shoot-application/sys_cfg.o
                0x0000000008008ff4                sys_ctrl_soft_watchdog_increase_counter
 .text.sys_ctrl_get_firmware_info
                0x0000000008009034       0x40 build_ak-kit-fly-and-shoot-application/sys_cfg.o
                0x0000000008009034                sys_ctrl_get_firmware_info
 .text.task_irq_io_entry_trigger
                0x0000000008009074        0x2 build_ak-kit-fly-and-shoot-application/sys_cfg.o
                0x0000000008009074                task_irq_io_entry_trigger
 .text.task_irq_io_exit_trigger
                0x0000000008009076        0x2 build_ak-kit-fly-and-shoot-application/sys_cfg.o
                0x0000000008009076                task_irq_io_exit_trigger
 .text.io_button_mode_init
                0x0000000008009078       0x28 build_ak-kit-fly-and-shoot-application/io_cfg.o
                0x0000000008009078                io_button_mode_init
 .text.io_button_up_init
                0x00000000080090a0       0x28 build_ak-kit-fly-and-shoot-application/io_cfg.o
                0x00000000080090a0                io_button_up_init
 .text.io_button_down_init
                0x00000000080090c8       0x28 build_ak-kit-fly-and-shoot-application/io_cfg.o
                0x00000000080090c8                io_button_down_init
 .text.io_button_mode_read
                0x00000000080090f0        0xc build_ak-kit-fly-and-shoot-application/io_cfg.o
                0x00000000080090f0                io_button_mode_read
 .text.io_button_up_read
                0x00000000080090fc       0x10 build_ak-kit-fly-and-shoot-application/io_cfg.o
                0x00000000080090fc                io_button_up_read
 .text.io_button_down_read
                0x000000000800910c        0xc build_ak-kit-fly-and-shoot-application/io_cfg.o
                0x000000000800910c                io_button_down_read
 .text.led_life_init
                0x0000000008009118       0x28 build_ak-kit-fly-and-shoot-application/io_cfg.o
                0x0000000008009118                led_life_init
 .text.led_life_on
                0x0000000008009140       0x10 build_ak-kit-fly-and-shoot-application/io_cfg.o
                0x0000000008009140                led_life_on
 .text.led_life_off
                0x0000000008009150       0x10 build_ak-kit-fly-and-shoot-application/io_cfg.o
                0x0000000008009150                led_life_off
 .text.flash_io_ctrl_init
                0x0000000008009160       0x28 build_ak-kit-fly-and-shoot-application/io_cfg.o
                0x0000000008009160                flash_io_ctrl_init
 .text.flash_cs_low
                0x0000000008009188       0x10 build_ak-kit-fly-and-shoot-application/io_cfg.o
                0x0000000008009188                flash_cs_low
 .text.flash_cs_high
                0x0000000008009198       0x10 build_ak-kit-fly-and-shoot-application/io_cfg.o
                0x0000000008009198                flash_cs_high
 .text.flash_transfer
                0x00000000080091a8       0x98 build_ak-kit-fly-and-shoot-application/io_cfg.o
                0x00000000080091a8                flash_transfer
 .text.io_cfg_adc1
                0x0000000008009240       0x48 build_ak-kit-fly-and-shoot-application/io_cfg.o
                0x0000000008009240                io_cfg_adc1
 .text.adc_bat_io_cfg
                0x0000000008009288       0x2c build_ak-kit-fly-and-shoot-application/io_cfg.o
                0x0000000008009288                adc_bat_io_cfg
 *fill*         0x00000000080092b4        0x4 
 .text.sys_ctr_get_vbat_voltage
                0x00000000080092b8       0x90 build_ak-kit-fly-and-shoot-application/io_cfg.o
                0x00000000080092b8                sys_ctr_get_vbat_voltage
 .text.sys_ctr_get_mcu_temperature
                0x0000000008009348       0x6c build_ak-kit-fly-and-shoot-application/io_cfg.o
                0x0000000008009348                sys_ctr_get_mcu_temperature
 .text.ssd1306_clk_input_mode
                0x00000000080093b4       0x28 build_ak-kit-fly-and-shoot-application/io_cfg.o
                0x00000000080093b4                ssd1306_clk_input_mode
 .text.ssd1306_clk_output_mode
                0x00000000080093dc       0x28 build_ak-kit-fly-and-shoot-application/io_cfg.o
                0x00000000080093dc                ssd1306_clk_output_mode
 .text.ssd1306_clk_digital_write_low
                0x0000000008009404       0x10 build_ak-kit-fly-and-shoot-application/io_cfg.o
                0x0000000008009404                ssd1306_clk_digital_write_low
 .text.ssd1306_clk_digital_write_high
                0x0000000008009414       0x10 build_ak-kit-fly-and-shoot-application/io_cfg.o
                0x0000000008009414                ssd1306_clk_digital_write_high
 .text.ssd1306_data_input_mode
                0x0000000008009424       0x28 build_ak-kit-fly-and-shoot-application/io_cfg.o
                0x0000000008009424                ssd1306_data_input_mode
 .text.ssd1306_data_output_mode
                0x000000000800944c       0x28 build_ak-kit-fly-and-shoot-application/io_cfg.o
                0x000000000800944c                ssd1306_data_output_mode
 .text.ssd1306_data_digital_write_low
                0x0000000008009474       0x10 build_ak-kit-fly-and-shoot-application/io_cfg.o
                0x0000000008009474                ssd1306_data_digital_write_low
 .text.ssd1306_data_digital_write_high
                0x0000000008009484       0x10 build_ak-kit-fly-and-shoot-application/io_cfg.o
                0x0000000008009484                ssd1306_data_digital_write_high
 .text.ssd1306_res_input_mode
                0x0000000008009494       0x28 build_ak-kit-fly-and-shoot-application/io_cfg.o
                0x0000000008009494                ssd1306_res_input_mode
 .text.ssd1306_res_output_mode
                0x00000000080094bc       0x28 build_ak-kit-fly-and-shoot-application/io_cfg.o
                0x00000000080094bc                ssd1306_res_output_mode
 .text.ssd1306_res_digital_write_low
                0x00000000080094e4       0x10 build_ak-kit-fly-and-shoot-application/io_cfg.o
                0x00000000080094e4                ssd1306_res_digital_write_low
 .text.ssd1306_res_digital_write_high
                0x00000000080094f4       0x10 build_ak-kit-fly-and-shoot-application/io_cfg.o
                0x00000000080094f4                ssd1306_res_digital_write_high
 .text.io_eeprom_read
                0x0000000008009504       0x34 build_ak-kit-fly-and-shoot-application/io_cfg.o
                0x0000000008009504                io_eeprom_read
 .text.io_eeprom_write
                0x0000000008009538       0x48 build_ak-kit-fly-and-shoot-application/io_cfg.o
                0x0000000008009538                io_eeprom_write
 .text.io_eeprom_erase
                0x0000000008009580       0x4c build_ak-kit-fly-and-shoot-application/io_cfg.o
                0x0000000008009580                io_eeprom_erase
 .text.internal_flash_unlock
                0x00000000080095cc       0x12 build_ak-kit-fly-and-shoot-application/io_cfg.o
                0x00000000080095cc                internal_flash_unlock
 .text.internal_flash_lock
                0x00000000080095de        0x4 build_ak-kit-fly-and-shoot-application/io_cfg.o
                0x00000000080095de                internal_flash_lock
 .text.internal_flash_erase_pages_cal
                0x00000000080095e2       0x24 build_ak-kit-fly-and-shoot-application/io_cfg.o
                0x00000000080095e2                internal_flash_erase_pages_cal
 .text.internal_flash_write_cal
                0x0000000008009606       0x48 build_ak-kit-fly-and-shoot-application/io_cfg.o
                0x0000000008009606                internal_flash_write_cal
 *fill*         0x000000000800964e        0x2 
 .text.io_uart2_cfg
                0x0000000008009650       0xbc build_ak-kit-fly-and-shoot-application/io_cfg.o
                0x0000000008009650                io_uart2_cfg
 .text.io_uart_rs485_cfg
                0x000000000800970c       0x78 build_ak-kit-fly-and-shoot-application/io_cfg.o
                0x000000000800970c                io_uart_rs485_cfg
 .text.io_rs485_dir_mode_output
                0x0000000008009784       0x30 build_ak-kit-fly-and-shoot-application/io_cfg.o
                0x0000000008009784                io_rs485_dir_mode_output
 .text.io_rs485_dir_low
                0x00000000080097b4        0xc build_ak-kit-fly-and-shoot-application/io_cfg.o
                0x00000000080097b4                io_rs485_dir_low
 .text.io_rs485_dir_high
                0x00000000080097c0        0xc build_ak-kit-fly-and-shoot-application/io_cfg.o
                0x00000000080097c0                io_rs485_dir_high
 .text.SystemInit
                0x00000000080097cc      0x114 build_ak-kit-fly-and-shoot-application/system_stm32l1xx.o
                0x00000000080097cc                SystemInit
 .text.SystemCoreClockUpdate
                0x00000000080098e0       0x88 build_ak-kit-fly-and-shoot-application/system_stm32l1xx.o
                0x00000000080098e0                SystemCoreClockUpdate
 .text._ZL13view_scr_idlev
                0x0000000008009968       0x34 build_ak-kit-fly-and-shoot-application/scr_idle.o
 .text._ZN4ballC2Ev
                0x000000000800999c       0x5e build_ak-kit-fly-and-shoot-application/scr_idle.o
                0x000000000800999c                ball::ball()
                0x000000000800999c                ball::ball()
 *fill*         0x00000000080099fa        0x2 
 .text._ZNSt6vectorI4ballSaIS0_EE17_M_realloc_insertIJRKS0_EEEvN9__gnu_cxx17__normal_iteratorIPS0_S2_EEDpOT_
                0x00000000080099fc      0x110 build_ak-kit-fly-and-shoot-application/scr_idle.o
                0x00000000080099fc                void std::vector<ball, std::allocator<ball> >::_M_realloc_insert<ball const&>(__gnu_cxx::__normal_iterator<ball*, std::vector<ball, std::allocator<ball> > >, ball const&)
 .text._ZNSt6vectorI4ballSaIS0_EE9push_backERKS0_
                0x0000000008009b0c       0x2c build_ak-kit-fly-and-shoot-application/scr_idle.o
                0x0000000008009b0c                std::vector<ball, std::allocator<ball> >::push_back(ball const&)
 .text._Z15scr_idle_handleP8ak_msg_t
                0x0000000008009b38      0x1b4 build_ak-kit-fly-and-shoot-application/scr_idle.o
                0x0000000008009b38                scr_idle_handle(ak_msg_t*)
 .text.startup._GLOBAL__sub_I_dyn_view_idle
                0x0000000008009cec       0x10 build_ak-kit-fly-and-shoot-application/scr_idle.o
 .text.exit._GLOBAL__sub_D_dyn_view_idle
                0x0000000008009cfc       0x10 build_ak-kit-fly-and-shoot-application/scr_idle.o
 .text._ZL19view_scr_fs_startupv
                0x0000000008009d0c       0x94 build_ak-kit-fly-and-shoot-application/scr_startup.o
 .text._Z15fs_init_settingv
                0x0000000008009da0       0x14 build_ak-kit-fly-and-shoot-application/scr_startup.o
                0x0000000008009da0                fs_init_setting()
 .text._Z26task_scr_fs_startup_handleP8ak_msg_t
                0x0000000008009db4       0xe4 build_ak-kit-fly-and-shoot-application/scr_startup.o
                0x0000000008009db4                task_scr_fs_startup_handle(ak_msg_t*)
 .text._ZL21fs_switch_option_menu16fs_option_menu_tP8ak_msg_t.isra.0
                0x0000000008009e98       0x22 build_ak-kit-fly-and-shoot-application/scr_menu.o
 *fill*         0x0000000008009eba        0x2 
 .text._Z12fs_view_menuv
                0x0000000008009ebc       0xd4 build_ak-kit-fly-and-shoot-application/scr_menu.o
                0x0000000008009ebc                fs_view_menu()
 .text._ZL16view_scr_fs_menuv
                0x0000000008009f90        0x4 build_ak-kit-fly-and-shoot-application/scr_menu.o
 .text._Z23fs_view_scr_menu_switch16fs_option_menu_t
                0x0000000008009f94       0x88 build_ak-kit-fly-and-shoot-application/scr_menu.o
                0x0000000008009f94                fs_view_scr_menu_switch(fs_option_menu_t)
 .text._Z24task_scr_fs_menu_handlerP8ak_msg_t
                0x000000000800a01c       0xa4 build_ak-kit-fly-and-shoot-application/scr_menu.o
                0x000000000800a01c                task_scr_fs_menu_handler(ak_msg_t*)
 .text._Z18fs_game_view_planev
                0x000000000800a0c0       0x38 build_ak-kit-fly-and-shoot-application/scr_game_on.o
                0x000000000800a0c0                fs_game_view_plane()
 .text._Z19fs_game_view_misslev
                0x000000000800a0f8       0x4c build_ak-kit-fly-and-shoot-application/scr_game_on.o
                0x000000000800a0f8                fs_game_view_missle()
 .text._Z17fs_game_view_wallv
                0x000000000800a144       0x60 build_ak-kit-fly-and-shoot-application/scr_game_on.o
                0x000000000800a144                fs_game_view_wall()
 .text._Z22fs_game_view_explosionv
                0x000000000800a1a4       0x48 build_ak-kit-fly-and-shoot-application/scr_game_on.o
                0x000000000800a1a4                fs_game_view_explosion()
 .text._Z21fs_game_view_obstaclev
                0x000000000800a1ec       0x5c build_ak-kit-fly-and-shoot-application/scr_game_on.o
                0x000000000800a1ec                fs_game_view_obstacle()
 .text._Z22fs_game_view_infor_flyv
                0x000000000800a248       0x70 build_ak-kit-fly-and-shoot-application/scr_game_on.o
                0x000000000800a248                fs_game_view_infor_fly()
 .text._ZL19view_scr_fs_game_onv
                0x000000000800a2b8       0x1e build_ak-kit-fly-and-shoot-application/scr_game_on.o
 *fill*         0x000000000800a2d6        0x2 
 .text._Z26task_scr_fs_game_on_handleP8ak_msg_t
                0x000000000800a2d8       0xa0 build_ak-kit-fly-and-shoot-application/scr_game_on.o
                0x000000000800a2d8                task_scr_fs_game_on_handle(ak_msg_t*)
 .text._ZL21view_scr_fs_game_overv
                0x000000000800a378       0x78 build_ak-kit-fly-and-shoot-application/scr_game_over.o
 .text._Z23fs_write_history_eppromv
                0x000000000800a3f0       0x34 build_ak-kit-fly-and-shoot-application/scr_game_over.o
                0x000000000800a3f0                fs_write_history_epprom()
 .text._Z28task_scr_fs_game_over_handleP8ak_msg_t
                0x000000000800a424      0x11c build_ak-kit-fly-and-shoot-application/scr_game_over.o
                0x000000000800a424                task_scr_fs_game_over_handle(ak_msg_t*)
 .text._Z27task_scr_fs_tutorial_handleP8ak_msg_t
                0x000000000800a540       0x58 build_ak-kit-fly-and-shoot-application/scr_tutorial.o
                0x000000000800a540                task_scr_fs_tutorial_handle(ak_msg_t*)
 .text._ZL20view_scr_fs_tutorialv
                0x000000000800a598       0x90 build_ak-kit-fly-and-shoot-application/scr_tutorial.o
 .text._ZL19view_scr_fs_settingv
                0x000000000800a628      0x12c build_ak-kit-fly-and-shoot-application/scr_setting.o
 .text._ZL24fs_switch_option_setting19fs_option_setting_tP8ak_msg_t.isra.0
                0x000000000800a754       0x22 build_ak-kit-fly-and-shoot-application/scr_setting.o
 *fill*         0x000000000800a776        0x2 
 .text._Z26task_scr_fs_setting_handleP8ak_msg_t
                0x000000000800a778       0xd4 build_ak-kit-fly-and-shoot-application/scr_setting.o
                0x000000000800a778                task_scr_fs_setting_handle(ak_msg_t*)
 .text._ZL19view_scr_fs_historyv
                0x000000000800a84c       0xa8 build_ak-kit-fly-and-shoot-application/scr_history.o
 .text._Z26task_scr_fs_history_handleP8ak_msg_t
                0x000000000800a8f4       0xdc build_ak-kit-fly-and-shoot-application/scr_history.o
                0x000000000800a8f4                task_scr_fs_history_handle(ak_msg_t*)
 .text._Z19task_fs_plane_hanleP8ak_msg_t
                0x000000000800a9d0      0x140 build_ak-kit-fly-and-shoot-application/fs_plane.o
                0x000000000800a9d0                task_fs_plane_hanle(ak_msg_t*)
 .text._ZNSt6vectorI17fs_missile_info_tSaIS0_EE17_M_realloc_insertIJRKS0_EEEvN9__gnu_cxx17__normal_iteratorIPS0_S2_EEDpOT_
                0x000000000800ab10       0xb4 build_ak-kit-fly-and-shoot-application/fs_missile.o
                0x000000000800ab10                void std::vector<fs_missile_info_t, std::allocator<fs_missile_info_t> >::_M_realloc_insert<fs_missile_info_t const&>(__gnu_cxx::__normal_iterator<fs_missile_info_t*, std::vector<fs_missile_info_t, std::allocator<fs_missile_info_t> > >, fs_missile_info_t const&)
 .text._ZNSt6vectorI17fs_missile_info_tSaIS0_EE8_M_eraseEN9__gnu_cxx17__normal_iteratorIPS0_S2_EE
                0x000000000800abc4       0x22 build_ak-kit-fly-and-shoot-application/fs_missile.o
                0x000000000800abc4                std::vector<fs_missile_info_t, std::allocator<fs_missile_info_t> >::_M_erase(__gnu_cxx::__normal_iterator<fs_missile_info_t*, std::vector<fs_missile_info_t, std::allocator<fs_missile_info_t> > >)
 *fill*         0x000000000800abe6        0x2 
 .text._Z21task_fs_missle_handleP8ak_msg_t
                0x000000000800abe8      0x1b8 build_ak-kit-fly-and-shoot-application/fs_missile.o
                0x000000000800abe8                task_fs_missle_handle(ak_msg_t*)
 .text.startup._GLOBAL__sub_I_fs_vec_missile
                0x000000000800ada0       0x10 build_ak-kit-fly-and-shoot-application/fs_missile.o
 .text.exit._GLOBAL__sub_D_fs_vec_missile
                0x000000000800adb0       0x10 build_ak-kit-fly-and-shoot-application/fs_missile.o
 .text._ZNSt12_Vector_baseIhSaIhEE11_M_allocateEj.isra.0
                0x000000000800adc0       0x16 build_ak-kit-fly-and-shoot-application/fs_tunnel_wall.o
 *fill*         0x000000000800add6        0x2 
 .text._ZNSt6vectorIhSaIhEEC2ESt16initializer_listIhERKS0_
                0x000000000800add8       0x44 build_ak-kit-fly-and-shoot-application/fs_tunnel_wall.o
                0x000000000800add8                std::vector<unsigned char, std::allocator<unsigned char> >::vector(std::initializer_list<unsigned char>, std::allocator<unsigned char> const&)
                0x000000000800add8                std::vector<unsigned char, std::allocator<unsigned char> >::vector(std::initializer_list<unsigned char>, std::allocator<unsigned char> const&)
 .text._ZNSt6vectorIhSaIhEE9push_backERKh
                0x000000000800ae1c       0x88 build_ak-kit-fly-and-shoot-application/fs_tunnel_wall.o
                0x000000000800ae1c                std::vector<unsigned char, std::allocator<unsigned char> >::push_back(unsigned char const&)
 .text._ZNSt6vectorI14fs_wall_info_tSaIS0_EE17_M_realloc_insertIJRKS0_EEEvN9__gnu_cxx17__normal_iteratorIPS0_S2_EEDpOT_
                0x000000000800aea4       0x9c build_ak-kit-fly-and-shoot-application/fs_tunnel_wall.o
                0x000000000800aea4                void std::vector<fs_wall_info_t, std::allocator<fs_wall_info_t> >::_M_realloc_insert<fs_wall_info_t const&>(__gnu_cxx::__normal_iterator<fs_wall_info_t*, std::vector<fs_wall_info_t, std::allocator<fs_wall_info_t> > >, fs_wall_info_t const&)
 .text._ZNSt6vectorIhSaIhEE8_M_eraseEN9__gnu_cxx17__normal_iteratorIPhS1_EE
                0x000000000800af40       0x22 build_ak-kit-fly-and-shoot-application/fs_tunnel_wall.o
                0x000000000800af40                std::vector<unsigned char, std::allocator<unsigned char> >::_M_erase(__gnu_cxx::__normal_iterator<unsigned char*, std::vector<unsigned char, std::allocator<unsigned char> > >)
 *fill*         0x000000000800af62        0x2 
 .text._Z19task_fs_wall_handleP8ak_msg_t
                0x000000000800af64       0xdc build_ak-kit-fly-and-shoot-application/fs_tunnel_wall.o
                0x000000000800af64                task_fs_wall_handle(ak_msg_t*)
 .text.startup._GLOBAL__sub_I_fs_vec_wall
                0x000000000800b040       0xe4 build_ak-kit-fly-and-shoot-application/fs_tunnel_wall.o
 .text.exit._GLOBAL__sub_D_fs_vec_wall
                0x000000000800b124       0x38 build_ak-kit-fly-and-shoot-application/fs_tunnel_wall.o
 .text._ZNSt6vectorI19fs_explosion_info_tSaIS0_EE17_M_realloc_insertIJRKS0_EEEvN9__gnu_cxx17__normal_iteratorIPS0_S2_EEDpOT_
                0x000000000800b15c       0xac build_ak-kit-fly-and-shoot-application/fs_explosion.o
                0x000000000800b15c                void std::vector<fs_explosion_info_t, std::allocator<fs_explosion_info_t> >::_M_realloc_insert<fs_explosion_info_t const&>(__gnu_cxx::__normal_iterator<fs_explosion_info_t*, std::vector<fs_explosion_info_t, std::allocator<fs_explosion_info_t> > >, fs_explosion_info_t const&)
 .text._Z24task_fs_explosion_handleP8ak_msg_t
                0x000000000800b208       0xa8 build_ak-kit-fly-and-shoot-application/fs_explosion.o
                0x000000000800b208                task_fs_explosion_handle(ak_msg_t*)
 .text.startup._GLOBAL__sub_I_fs_vec_explosion
                0x000000000800b2b0       0x10 build_ak-kit-fly-and-shoot-application/fs_explosion.o
 .text.exit._GLOBAL__sub_D_fs_vec_explosion
                0x000000000800b2c0       0x10 build_ak-kit-fly-and-shoot-application/fs_explosion.o
 .text._ZNSt6vectorI18fs_obstacle_info_tSaIS0_EE17_M_realloc_insertIJRKS0_EEEvN9__gnu_cxx17__normal_iteratorIPS0_S2_EEDpOT_
                0x000000000800b2d0       0xa8 build_ak-kit-fly-and-shoot-application/fs_obstacle.o
                0x000000000800b2d0                void std::vector<fs_obstacle_info_t, std::allocator<fs_obstacle_info_t> >::_M_realloc_insert<fs_obstacle_info_t const&>(__gnu_cxx::__normal_iterator<fs_obstacle_info_t*, std::vector<fs_obstacle_info_t, std::allocator<fs_obstacle_info_t> > >, fs_obstacle_info_t const&)
 .text._Z23task_fs_obstacle_handleP8ak_msg_t
                0x000000000800b378      0x120 build_ak-kit-fly-and-shoot-application/fs_obstacle.o
                0x000000000800b378                task_fs_obstacle_handle(ak_msg_t*)
 .text.startup._GLOBAL__sub_I_fs_vec_obstacle
                0x000000000800b498       0x10 build_ak-kit-fly-and-shoot-application/fs_obstacle.o
 .text.exit._GLOBAL__sub_D_fs_vec_obstacle
                0x000000000800b4a8       0x10 build_ak-kit-fly-and-shoot-application/fs_obstacle.o
 .text._Z11task_systemP8ak_msg_t
                0x000000000800b4b8       0x44 build_ak-kit-fly-and-shoot-application/task_system.o
                0x000000000800b4b8                task_system(ak_msg_t*)
 .text.main_app
                0x000000000800b4fc      0x284 build_ak-kit-fly-and-shoot-application/app.o
                0x000000000800b4fc                main_app
 .text._Z19task_polling_zigbeev
                0x000000000800b780        0x2 build_ak-kit-fly-and-shoot-application/app.o
                0x000000000800b780                task_polling_zigbee()
 *fill*         0x000000000800b782        0x2 
 .text._Z20task_polling_consolev
                0x000000000800b784       0xd8 build_ak-kit-fly-and-shoot-application/app.o
                0x000000000800b784                task_polling_console()
 .text.sys_irq_timer_10ms
                0x000000000800b85c       0x24 build_ak-kit-fly-and-shoot-application/app.o
                0x000000000800b85c                sys_irq_timer_10ms
 .text._ZL19str_parser_get_attrh
                0x000000000800b880       0x1c build_ak-kit-fly-and-shoot-application/shell.o
 .text._Z9shell_sttPh
                0x000000000800b89c        0x4 build_ak-kit-fly-and-shoot-application/shell.o
                0x000000000800b89c                shell_stt(unsigned char*)
 .text._Z9shell_psvPh
                0x000000000800b8a0       0x14 build_ak-kit-fly-and-shoot-application/shell.o
                0x000000000800b8a0                shell_psv(unsigned char*)
 .text._Z11shell_resetPh
                0x000000000800b8b4       0x10 build_ak-kit-fly-and-shoot-application/shell.o
                0x000000000800b8b4                shell_reset(unsigned char*)
 .text._Z10shell_helpPh
                0x000000000800b8c4       0x30 build_ak-kit-fly-and-shoot-application/shell.o
                0x000000000800b8c4                shell_help(unsigned char*)
 .text._Z9shell_verPh
                0x000000000800b8f4      0x118 build_ak-kit-fly-and-shoot-application/shell.o
                0x000000000800b8f4                shell_ver(unsigned char*)
 .text._Z12shell_rebootPh
                0x000000000800ba0c       0x10 build_ak-kit-fly-and-shoot-application/shell.o
                0x000000000800ba0c                shell_reboot(unsigned char*)
 .text._ZL10str_parserPc
                0x000000000800ba1c       0x60 build_ak-kit-fly-and-shoot-application/shell.o
 .text._Z11shell_fatalPh
                0x000000000800ba7c      0x2f4 build_ak-kit-fly-and-shoot-application/shell.o
                0x000000000800ba7c                shell_fatal(unsigned char*)
 .text._Z11shell_flashPh
                0x000000000800bd70      0x150 build_ak-kit-fly-and-shoot-application/shell.o
                0x000000000800bd70                shell_flash(unsigned char*)
 .text._Z9shell_epsPh
                0x000000000800bec0       0xd0 build_ak-kit-fly-and-shoot-application/shell.o
                0x000000000800bec0                shell_eps(unsigned char*)
 .text._Z9shell_ramPh
                0x000000000800bf90      0x20c build_ak-kit-fly-and-shoot-application/shell.o
                0x000000000800bf90                shell_ram(unsigned char*)
 .text._Z10shell_bootPh
                0x000000000800c19c       0xdc build_ak-kit-fly-and-shoot-application/shell.o
                0x000000000800c19c                shell_boot(unsigned char*)
 .text._Z9shell_fwuPh
                0x000000000800c278       0x34 build_ak-kit-fly-and-shoot-application/shell.o
                0x000000000800c278                shell_fwu(unsigned char*)
 .text._Z12shell_buzzerPh
                0x000000000800c2ac       0x88 build_ak-kit-fly-and-shoot-application/shell.o
                0x000000000800c2ac                shell_buzzer(unsigned char*)
 .text._Z12shell_modbusPh
                0x000000000800c334       0x28 build_ak-kit-fly-and-shoot-application/shell.o
                0x000000000800c334                shell_modbus(unsigned char*)
 .text._Z9shell_dbgPh
                0x000000000800c35c       0x38 build_ak-kit-fly-and-shoot-application/shell.o
                0x000000000800c35c                shell_dbg(unsigned char*)
 .text._Z9shell_epiPh
                0x000000000800c394        0x4 build_ak-kit-fly-and-shoot-application/shell.o
                0x000000000800c394                shell_epi(unsigned char*)
 .text._Z9shell_lcdPh
                0x000000000800c398      0x15c build_ak-kit-fly-and-shoot-application/shell.o
                0x000000000800c398                shell_lcd(unsigned char*)
 .text._Z17btn_mode_callbackPv
                0x000000000800c4f4       0x4c build_ak-kit-fly-and-shoot-application/app_bsp.o
                0x000000000800c4f4                btn_mode_callback(void*)
 .text._Z15btn_up_callbackPv
                0x000000000800c540       0x34 build_ak-kit-fly-and-shoot-application/app_bsp.o
                0x000000000800c540                btn_up_callback(void*)
 .text._Z17btn_down_callbackPv
                0x000000000800c574       0x38 build_ak-kit-fly-and-shoot-application/app_bsp.o
                0x000000000800c574                btn_down_callback(void*)
 .text.sys_irq_shell
                0x000000000800c5ac       0x2c build_ak-kit-fly-and-shoot-application/task_shell.o
                0x000000000800c5ac                sys_irq_shell
 .text._Z10task_shellP8ak_msg_t
                0x000000000800c5d8       0x7c build_ak-kit-fly-and-shoot-application/task_shell.o
                0x000000000800c5d8                task_shell(ak_msg_t*)
 .text._Z9task_lifeP8ak_msg_t
                0x000000000800c654       0x20 build_ak-kit-fly-and-shoot-application/task_life.o
                0x000000000800c654                task_life(ak_msg_t*)
 .text._Z7task_fwP8ak_msg_t
                0x000000000800c674      0x490 build_ak-kit-fly-and-shoot-application/task_fw.o
                0x000000000800c674                task_fw(ak_msg_t*)
 .text._Z12task_displayP8ak_msg_t
                0x000000000800cb04        0x4 build_ak-kit-fly-and-shoot-application/task_display.o
                0x000000000800cb04                task_display(ak_msg_t*)
 .text._Z7task_ifP8ak_msg_t
                0x000000000800cb08       0x98 build_ak-kit-fly-and-shoot-application/task_if.o
                0x000000000800cb08                task_if(ak_msg_t*)
 .text._Z12task_uart_ifP8ak_msg_t
                0x000000000800cba0       0xc0 build_ak-kit-fly-and-shoot-application/task_uart_if.o
                0x000000000800cba0                task_uart_if(ak_msg_t*)
 .text._Z8task_dbgP8ak_msg_t
                0x000000000800cc60        0x2 build_ak-kit-fly-and-shoot-application/task_dbg.o
                0x000000000800cc60                task_dbg(ak_msg_t*)
 .text._ZL19view_render_dynamicPv
                0x000000000800cc62        0xa build_ak-kit-fly-and-shoot-application/view_render.o
 .text._Z22view_render_display_onv
                0x000000000800cc6c        0xc build_ak-kit-fly-and-shoot-application/view_render.o
                0x000000000800cc6c                view_render_display_on()
 .text.startup._GLOBAL__sub_I_view_render
                0x000000000800cc78        0xc build_ak-kit-fly-and-shoot-application/view_render.o
 .text.exit._GLOBAL__sub_D_view_render
                0x000000000800cc84        0xc build_ak-kit-fly-and-shoot-application/view_render.o
 .text._Z18view_render_screenP13view_screen_t
                0x000000000800cc90       0x68 build_ak-kit-fly-and-shoot-application/view_render.o
                0x000000000800cc90                view_render_screen(view_screen_t*)
 .text._ZL21view_render_rectanglePv
                0x000000000800ccf8       0xe8 build_ak-kit-fly-and-shoot-application/view_render.o
 .text._Z12scr_mng_ctorP9scr_mng_tPFvP8ak_msg_tEP13view_screen_t
                0x000000000800cde0       0x20 build_ak-kit-fly-and-shoot-application/screen_manager.o
                0x000000000800cde0                scr_mng_ctor(scr_mng_t*, void (*)(ak_msg_t*), view_screen_t*)
 .text._Z16scr_mng_dispatchP8ak_msg_t
                0x000000000800ce00       0x48 build_ak-kit-fly-and-shoot-application/screen_manager.o
                0x000000000800ce00                scr_mng_dispatch(ak_msg_t*)
 .text._Z12scr_mng_tranPFvP8ak_msg_tEP13view_screen_t
                0x000000000800ce48       0x44 build_ak-kit-fly-and-shoot-application/screen_manager.o
                0x000000000800ce48                scr_mng_tran(void (*)(ak_msg_t*), view_screen_t*)
 .text._ZN12Adafruit_GFX8drawLineEsssst
                0x000000000800ce8c       0xbe build_ak-kit-fly-and-shoot-application/Adafruit_GFX.o
                0x000000000800ce8c                Adafruit_GFX::drawLine(short, short, short, short, unsigned short)
 .text._ZN12Adafruit_GFX8drawRectEsssst
                0x000000000800cf4a       0x68 build_ak-kit-fly-and-shoot-application/Adafruit_GFX.o
                0x000000000800cf4a                Adafruit_GFX::drawRect(short, short, short, short, unsigned short)
 .text._ZN12Adafruit_GFX13drawFastVLineEssst
                0x000000000800cfb2       0x1c build_ak-kit-fly-and-shoot-application/Adafruit_GFX.o
                0x000000000800cfb2                Adafruit_GFX::drawFastVLine(short, short, short, unsigned short)
 .text._ZN12Adafruit_GFX13drawFastHLineEssst
                0x000000000800cfce       0x1a build_ak-kit-fly-and-shoot-application/Adafruit_GFX.o
                0x000000000800cfce                Adafruit_GFX::drawFastHLine(short, short, short, unsigned short)
 .text._ZN12Adafruit_GFX8fillRectEsssst
                0x000000000800cfe8       0x38 build_ak-kit-fly-and-shoot-application/Adafruit_GFX.o
                0x000000000800cfe8                Adafruit_GFX::fillRect(short, short, short, short, unsigned short)
 .text._ZN12Adafruit_GFX10fillScreenEt
                0x000000000800d020       0x1c build_ak-kit-fly-and-shoot-application/Adafruit_GFX.o
                0x000000000800d020                Adafruit_GFX::fillScreen(unsigned short)
 .text._ZN12Adafruit_GFXC2Ess
                0x000000000800d03c       0x28 build_ak-kit-fly-and-shoot-application/Adafruit_GFX.o
                0x000000000800d03c                Adafruit_GFX::Adafruit_GFX(short, short)
                0x000000000800d03c                Adafruit_GFX::Adafruit_GFX(short, short)
 .text._ZN12Adafruit_GFX10drawCircleEssst
                0x000000000800d064      0x172 build_ak-kit-fly-and-shoot-application/Adafruit_GFX.o
                0x000000000800d064                Adafruit_GFX::drawCircle(short, short, short, unsigned short)
 .text._ZN12Adafruit_GFX16drawCircleHelperEsssht
                0x000000000800d1d6      0x17a build_ak-kit-fly-and-shoot-application/Adafruit_GFX.o
                0x000000000800d1d6                Adafruit_GFX::drawCircleHelper(short, short, short, unsigned char, unsigned short)
 .text._ZN12Adafruit_GFX16fillCircleHelperEssshst
                0x000000000800d350      0x124 build_ak-kit-fly-and-shoot-application/Adafruit_GFX.o
                0x000000000800d350                Adafruit_GFX::fillCircleHelper(short, short, short, unsigned char, short, unsigned short)
 .text._ZN12Adafruit_GFX13drawRoundRectEssssst
                0x000000000800d474      0x10e build_ak-kit-fly-and-shoot-application/Adafruit_GFX.o
                0x000000000800d474                Adafruit_GFX::drawRoundRect(short, short, short, short, short, unsigned short)
 .text._ZN12Adafruit_GFX13fillRoundRectEssssst
                0x000000000800d582       0x88 build_ak-kit-fly-and-shoot-application/Adafruit_GFX.o
                0x000000000800d582                Adafruit_GFX::fillRoundRect(short, short, short, short, short, unsigned short)
 .text._ZN12Adafruit_GFX10drawBitmapEssPKhsst
                0x000000000800d60a       0x92 build_ak-kit-fly-and-shoot-application/Adafruit_GFX.o
                0x000000000800d60a                Adafruit_GFX::drawBitmap(short, short, unsigned char const*, short, short, unsigned short)
 .text._ZN12Adafruit_GFX8drawCharEsshtth
                0x000000000800d69c      0x108 build_ak-kit-fly-and-shoot-application/Adafruit_GFX.o
                0x000000000800d69c                Adafruit_GFX::drawChar(short, short, unsigned char, unsigned short, unsigned short, unsigned char)
 .text._ZN12Adafruit_GFX5writeEh
                0x000000000800d7a4       0x64 build_ak-kit-fly-and-shoot-application/Adafruit_GFX.o
                0x000000000800d7a4                Adafruit_GFX::write(unsigned char)
 .text._ZN12Adafruit_GFX9setCursorEss
                0x000000000800d808        0x6 build_ak-kit-fly-and-shoot-application/Adafruit_GFX.o
                0x000000000800d808                Adafruit_GFX::setCursor(short, short)
 .text._ZN12Adafruit_GFX11setTextSizeEh
                0x000000000800d80e        0xa build_ak-kit-fly-and-shoot-application/Adafruit_GFX.o
                0x000000000800d80e                Adafruit_GFX::setTextSize(unsigned char)
 .text._ZN12Adafruit_GFX12setTextColorEt
                0x000000000800d818        0x6 build_ak-kit-fly-and-shoot-application/Adafruit_GFX.o
                0x000000000800d818                Adafruit_GFX::setTextColor(unsigned short)
 .text._ZN12Adafruit_GFX5widthEv
                0x000000000800d81e        0x6 build_ak-kit-fly-and-shoot-application/Adafruit_GFX.o
                0x000000000800d81e                Adafruit_GFX::width()
 .text._ZN12Adafruit_GFX6heightEv
                0x000000000800d824        0x6 build_ak-kit-fly-and-shoot-application/Adafruit_GFX.o
                0x000000000800d824                Adafruit_GFX::height()
 .text._ZN19Adafruit_ssd1306syp9updateRowEii
                0x000000000800d82a       0x1e build_ak-kit-fly-and-shoot-application/Adafruit_ssd1306syp.o
                0x000000000800d82a                Adafruit_ssd1306syp::updateRow(int, int)
 .text._ZN19Adafruit_ssd1306syp9drawPixelEsst
                0x000000000800d848       0x52 build_ak-kit-fly-and-shoot-application/Adafruit_ssd1306syp.o
                0x000000000800d848                Adafruit_ssd1306syp::drawPixel(short, short, unsigned short)
 *fill*         0x000000000800d89a        0x2 
 .text._ZN19Adafruit_ssd1306sypC2Ev
                0x000000000800d89c       0x24 build_ak-kit-fly-and-shoot-application/Adafruit_ssd1306syp.o
                0x000000000800d89c                Adafruit_ssd1306syp::Adafruit_ssd1306syp()
                0x000000000800d89c                Adafruit_ssd1306syp::Adafruit_ssd1306syp()
 .text._ZN19Adafruit_ssd1306sypD2Ev
                0x000000000800d8c0        0x2 build_ak-kit-fly-and-shoot-application/Adafruit_ssd1306syp.o
                0x000000000800d8c0                Adafruit_ssd1306syp::~Adafruit_ssd1306syp()
                0x000000000800d8c0                Adafruit_ssd1306syp::~Adafruit_ssd1306syp()
 .text._ZN19Adafruit_ssd1306syp5clearEb
                0x000000000800d8c2       0x22 build_ak-kit-fly-and-shoot-application/Adafruit_ssd1306syp.o
                0x000000000800d8c2                Adafruit_ssd1306syp::clear(bool)
 .text._ZN19Adafruit_ssd1306syp9writeByteEh
                0x000000000800d8e4       0x54 build_ak-kit-fly-and-shoot-application/Adafruit_ssd1306syp.o
                0x000000000800d8e4                Adafruit_ssd1306syp::writeByte(unsigned char)
 .text._ZN19Adafruit_ssd1306syp8startIICEv
                0x000000000800d938       0x2c build_ak-kit-fly-and-shoot-application/Adafruit_ssd1306syp.o
                0x000000000800d938                Adafruit_ssd1306syp::startIIC()
 .text._ZN19Adafruit_ssd1306syp7stopIICEv
                0x000000000800d964       0x2c build_ak-kit-fly-and-shoot-application/Adafruit_ssd1306syp.o
                0x000000000800d964                Adafruit_ssd1306syp::stopIIC()
 .text._ZN19Adafruit_ssd1306syp12writeCommandEh
                0x000000000800d990       0x2c build_ak-kit-fly-and-shoot-application/Adafruit_ssd1306syp.o
                0x000000000800d990                Adafruit_ssd1306syp::writeCommand(unsigned char)
 .text._ZN19Adafruit_ssd1306syp10initializeEv
                0x000000000800d9bc       0xf4 build_ak-kit-fly-and-shoot-application/Adafruit_ssd1306syp.o
                0x000000000800d9bc                Adafruit_ssd1306syp::initialize()
 .text._ZN19Adafruit_ssd1306syp10display_onEv
                0x000000000800dab0        0x6 build_ak-kit-fly-and-shoot-application/Adafruit_ssd1306syp.o
                0x000000000800dab0                Adafruit_ssd1306syp::display_on()
 .text._ZN19Adafruit_ssd1306syp11display_offEv
                0x000000000800dab6        0x6 build_ak-kit-fly-and-shoot-application/Adafruit_ssd1306syp.o
                0x000000000800dab6                Adafruit_ssd1306syp::display_off()
 .text._ZN19Adafruit_ssd1306syp17startDataSequenceEv
                0x000000000800dabc       0x1c build_ak-kit-fly-and-shoot-application/Adafruit_ssd1306syp.o
                0x000000000800dabc                Adafruit_ssd1306syp::startDataSequence()
 .text._ZN19Adafruit_ssd1306syp6updateEv
                0x000000000800dad8       0x70 build_ak-kit-fly-and-shoot-application/Adafruit_ssd1306syp.o
                0x000000000800dad8                Adafruit_ssd1306syp::update()
 .text._ZN19Adafruit_ssd1306syp9updateRowEi
                0x000000000800db48       0x6c build_ak-kit-fly-and-shoot-application/Adafruit_ssd1306syp.o
                0x000000000800db48                Adafruit_ssd1306syp::updateRow(int)
 .text.eeprom_read
                0x000000000800dbb4        0x4 build_ak-kit-fly-and-shoot-application/eeprom.o
                0x000000000800dbb4                eeprom_read
 .text.eeprom_write
                0x000000000800dbb8        0x4 build_ak-kit-fly-and-shoot-application/eeprom.o
                0x000000000800dbb8                eeprom_write
 .text.eeprom_erase
                0x000000000800dbbc        0x4 build_ak-kit-fly-and-shoot-application/eeprom.o
                0x000000000800dbbc                eeprom_erase
 .text._ZL19link_hal_write_byteh
                0x000000000800dbc0        0x2 build_ak-kit-fly-and-shoot-application/link_hal.o
 .text._ZL17link_hal_rev_byteh
                0x000000000800dbc2        0x4 build_ak-kit-fly-and-shoot-application/link_hal.o
 *fill*         0x000000000800dbc6        0x2 
 .text._Z23link_hal_reg_write_bytePFhhE
                0x000000000800dbc8       0x28 build_ak-kit-fly-and-shoot-application/link_hal.o
                0x000000000800dbc8                link_hal_reg_write_byte(unsigned char (*)(unsigned char))
 .text._Z21link_hal_reg_rev_bytePFhhE
                0x000000000800dbf0       0x28 build_ak-kit-fly-and-shoot-application/link_hal.o
                0x000000000800dbf0                link_hal_reg_rev_byte(unsigned char (*)(unsigned char))
 .text._ZL21fsm_link_state_handleP8ak_msg_t
                0x000000000800dc18      0x2b0 build_ak-kit-fly-and-shoot-application/link.o
 .text._ZL19fsm_link_state_initP8ak_msg_t
                0x000000000800dec8       0x80 build_ak-kit-fly-and-shoot-application/link.o
 .text._Z9task_linkP8ak_msg_t
                0x000000000800df48        0xc build_ak-kit-fly-and-shoot-application/link.o
                0x000000000800df48                task_link(ak_msg_t*)
 .text._Z23link_init_state_machinev
                0x000000000800df54       0x2c build_ak-kit-fly-and-shoot-application/link.o
                0x000000000800df54                link_init_state_machine()
 .text._ZL23link_mac_frame_send_reqv
                0x000000000800df80       0x3c build_ak-kit-fly-and-shoot-application/link_mac.o
 .text._ZL23link_mac_frame_send_endv
                0x000000000800dfbc       0x34 build_ak-kit-fly-and-shoot-application/link_mac.o
 .text._ZL28link_mac_frame_cals_checksumP16link_mac_frame_t.constprop.0
                0x000000000800dff0       0x38 build_ak-kit-fly-and-shoot-application/link_mac.o
 .text._Z25fsm_link_mac_state_handleP8ak_msg_t
                0x000000000800e028      0x2b8 build_ak-kit-fly-and-shoot-application/link_mac.o
                0x000000000800e028                fsm_link_mac_state_handle(ak_msg_t*)
 .text._Z13task_link_macP8ak_msg_t
                0x000000000800e2e0        0xc build_ak-kit-fly-and-shoot-application/link_mac.o
                0x000000000800e2e0                task_link_mac(ak_msg_t*)
 .text._Z23fsm_link_mac_state_initP8ak_msg_t
                0x000000000800e2ec       0x88 build_ak-kit-fly-and-shoot-application/link_mac.o
                0x000000000800e2ec                fsm_link_mac_state_init(ak_msg_t*)
 .text._ZL26link_phy_frame_write_blockPhm
                0x000000000800e374       0x1c build_ak-kit-fly-and-shoot-application/link_phy.o
 .text._ZL20link_phy_frame_writeP16link_phy_frame_t
                0x000000000800e390       0x1c build_ak-kit-fly-and-shoot-application/link_phy.o
 .text._ZL28link_phy_frame_cals_checksumP16link_phy_frame_t
                0x000000000800e3ac       0x38 build_ak-kit-fly-and-shoot-application/link_phy.o
 .text._ZL25link_phy_frame_write_byteh
                0x000000000800e3e4        0xc build_ak-kit-fly-and-shoot-application/link_phy.o
 .text._ZL26ac_link_phy_frame_rev_byteh