/home/tuan/toolchain_AK/gcc-arm-none-eabi-10.3-2021.10-x86_64-linux/gcc-arm-none-eabi-10.3-2021.10/arm-none-eabi/include/c++/10.3.1/bits/vector.tcc:426:7:) [with _Args = {const fs_missile_info_t&}; _Tp = fs_missile_info_t; _Alloc = std::allocator<fs_missile_info_t>]	40	static
/home/tuan/toolchain_AK/gcc-arm-none-eabi-10.3-2021.10-x86_64-linux/gcc-arm-none-eabi-10.3-2021.10/arm-none-eabi/include/c++/10.3.1/bits/vector.tcc:171:5:std::vector<_Tp, _Alloc>::iterator std::vector<_Tp, _Alloc>::_M_erase(std::vector<_Tp, _Alloc>::iterator) [with _Tp = fs_missile_info_t; _Alloc = std::allocator<fs_missile_info_t>]	8	static
sources/app/game/fs_game/fs_missile.cpp:113:6:void task_fs_missle_handle(ak_msg_t*)	48	static
sources/app/game/fs_game/fs_missile.cpp:140:1:cpp)	0	static
sources/app/game/fs_game/fs_missile.cpp:140:1:cpp)	0	static
