sources/platform/stm32l/io_cfg.c:27:6:io_button_mode_init	16	static
sources/platform/stm32l/io_cfg.c:40:6:io_button_up_init	16	static
sources/platform/stm32l/io_cfg.c:53:6:io_button_down_init	16	static
sources/platform/stm32l/io_cfg.c:66:9:io_button_mode_read	0	static
sources/platform/stm32l/io_cfg.c:70:9:io_button_up_read	0	static
sources/platform/stm32l/io_cfg.c:74:9:io_button_down_read	0	static
sources/platform/stm32l/io_cfg.c:81:6:led_life_init	16	static
sources/platform/stm32l/io_cfg.c:94:6:led_life_on	0	static
sources/platform/stm32l/io_cfg.c:98:6:led_life_off	0	static
sources/platform/stm32l/io_cfg.c:105:6:nrf24l01_io_ctrl_init	40	static
sources/platform/stm32l/io_cfg.c:156:6:nrf24l01_spi_ctrl_init	40	static
sources/platform/stm32l/io_cfg.c:208:6:nrf24l01_ce_low	0	static
sources/platform/stm32l/io_cfg.c:212:6:nrf24l01_ce_high	0	static
sources/platform/stm32l/io_cfg.c:216:6:nrf24l01_csn_low	0	static
sources/platform/stm32l/io_cfg.c:220:6:nrf24l01_csn_high	0	static
sources/platform/stm32l/io_cfg.c:254:6:flash_io_ctrl_init	16	static
sources/platform/stm32l/io_cfg.c:267:6:flash_cs_low	0	static
sources/platform/stm32l/io_cfg.c:271:6:flash_cs_high	0	static
sources/platform/stm32l/io_cfg.c:275:9:flash_transfer	24	static
sources/platform/stm32l/io_cfg.c:224:9:nrf24l01_spi_rw	0	static
sources/platform/stm32l/io_cfg.c:309:6:io_cfg_adc1	32	static
sources/platform/stm32l/io_cfg.c:325:6:adc_bat_io_cfg	16	static
sources/platform/stm32l/io_cfg.c:335:10:adc_bat_io_read	8	static
sources/platform/stm32l/io_cfg.c:344:10:sys_ctr_get_vbat_voltage	16	static
sources/platform/stm32l/io_cfg.c:366:10:sys_ctr_get_mcu_temperature	8	static
sources/platform/stm32l/io_cfg.c:393:6:ssd1306_clk_input_mode	16	static
sources/platform/stm32l/io_cfg.c:405:6:ssd1306_clk_output_mode	16	static
sources/platform/stm32l/io_cfg.c:418:6:ssd1306_clk_digital_write_low	0	static
sources/platform/stm32l/io_cfg.c:422:6:ssd1306_clk_digital_write_high	0	static
sources/platform/stm32l/io_cfg.c:426:5:ssd1306_clk_digital_read	8	static
sources/platform/stm32l/io_cfg.c:430:6:ssd1306_data_input_mode	16	static
sources/platform/stm32l/io_cfg.c:442:6:ssd1306_data_output_mode	16	static
sources/platform/stm32l/io_cfg.c:453:6:ssd1306_data_digital_write_low	0	static
sources/platform/stm32l/io_cfg.c:457:6:ssd1306_data_digital_write_high	0	static
sources/platform/stm32l/io_cfg.c:461:5:ssd1306_data_digital_read	8	static
sources/platform/stm32l/io_cfg.c:466:6:ssd1306_res_input_mode	16	static
sources/platform/stm32l/io_cfg.c:478:6:ssd1306_res_output_mode	16	static
sources/platform/stm32l/io_cfg.c:489:6:ssd1306_res_digital_write_low	0	static
sources/platform/stm32l/io_cfg.c:493:6:ssd1306_res_digital_write_high	0	static
sources/platform/stm32l/io_cfg.c:497:5:ssd1306_res_digital_read	8	static
sources/platform/stm32l/io_cfg.c:506:9:io_eeprom_read	16	static
sources/platform/stm32l/io_cfg.c:522:9:io_eeprom_write	24	static
sources/platform/stm32l/io_cfg.c:552:9:io_eeprom_erase	16	static
sources/platform/stm32l/io_cfg.c:585:6:internal_flash_unlock	8	static
sources/platform/stm32l/io_cfg.c:591:6:internal_flash_lock	0	static
sources/platform/stm32l/io_cfg.c:595:6:internal_flash_erase_pages_cal	16	static
sources/platform/stm32l/io_cfg.c:610:9:internal_flash_write_cal	32	static
sources/platform/stm32l/io_cfg.c:634:6:io_uart2_cfg	48	static
sources/platform/stm32l/io_cfg.c:686:6:io_uart2_putc	8	static
sources/platform/stm32l/io_cfg.c:697:9:io_uart2_getc	16	static
sources/platform/stm32l/io_cfg.c:709:6:io_uart_rs485_cfg	24	static
sources/platform/stm32l/io_cfg.c:748:6:io_rs485_dir_mode_output	16	static
sources/platform/stm32l/io_cfg.c:759:6:io_rs485_dir_low	0	static
sources/platform/stm32l/io_cfg.c:763:6:io_rs485_dir_high	0	static
