sources/networks/net/link/link_phy.cpp:115:6:void link_phy_frame_write_block(uint8_t*, uint32_t)	16	static
sources/networks/net/link/link_phy.cpp:122:6:void link_phy_frame_write(link_phy_frame_t*)	8	static
sources/networks/net/link/link_phy.cpp:132:9:uint8_t link_phy_frame_cals_checksum(link_phy_frame_t*)	8	static
sources/networks/net/link/link_phy.cpp:327:9:uint8_t link_phy_frame_write_byte(uint8_t)	8	static
sources/networks/net/link/link_phy.cpp:337:9:uint8_t ac_link_phy_frame_rev_byte(uint8_t)	16	static
sources/networks/net/link/link_phy.cpp:467:6:void link_phy_frame_send()	8	static
sources/networks/net/link/link_phy.cpp:186:6:void fsm_link_phy_state_handle(ak_msg_t*)	80	static
sources/networks/net/link/link_phy.cpp:103:6:void task_link_phy(ak_msg_t*)	0	static
sources/networks/net/link/link_phy.cpp:149:6:void fsm_link_phy_state_init(ak_msg_t*)	8	static
sources/networks/net/link/link_phy.cpp:319:6:void link_phy_max_retry_set(uint8_t)	0	static
sources/networks/net/link/link_phy.cpp:323:9:uint8_t link_phy_max_retry_get()	0	static
sources/networks/net/link/link_phy.cpp:332:10:uint32_t link_phy_get_send_frame_to()	0	static
