sources/ak/src/message.c:279:6:free_common_msg	8	static
sources/ak/src/message.c:202:6:free_pure_msg	8	static
sources/ak/src/message.c:358:6:free_dynamic_msg	8	static
sources/ak/src/message.c:41:6:msg_init	8	static
sources/ak/src/message.c:76:6:msg_force_free	8	static
sources/ak/src/message.c:98:6:msg_inc_ref_count	8	static
sources/ak/src/message.c:107:6:msg_dec_ref_count	8	static
sources/ak/src/message.c:47:6:msg_free	8	static
sources/ak/src/message.c:116:7:ak_malloc	16	static
sources/ak/src/message.c:135:6:ak_free	0	static
sources/ak/src/message.c:165:10:get_pure_msg_pool_used	0	static
sources/ak/src/message.c:169:10:get_pure_msg_pool_used_max	0	static
sources/ak/src/message.c:173:11:get_pure_msg	8	static
sources/ak/src/message.c:240:10:get_common_msg_pool_used	0	static
sources/ak/src/message.c:244:10:get_common_msg_pool_used_max	0	static
sources/ak/src/message.c:248:11:get_common_msg	8	static
sources/ak/src/message.c:291:9:set_data_common_msg	16	static
sources/ak/src/message.c:306:10:get_data_common_msg	8	static
sources/ak/src/message.c:315:9:get_data_len_common_msg	8	static
sources/ak/src/message.c:350:10:get_dynamic_msg_pool_used	0	static
sources/ak/src/message.c:354:10:get_dynamic_msg_pool_used_max	0	static
sources/ak/src/message.c:372:11:get_dynamic_msg	8	static
sources/ak/src/message.c:404:9:set_data_dynamic_msg	16	static
sources/ak/src/message.c:416:10:get_data_dynamic_msg	8	static
sources/ak/src/message.c:424:10:get_data_len_dynamic_msg	0	static
sources/ak/src/message.c:431:6:msg_dbg_dum	32	static
