sources/app/game/screens/scr_game_on.cpp:57:6:void fs_game_view_plane()	24	static
sources/app/game/screens/scr_game_on.cpp:66:6:void fs_game_view_missle()	40	static
sources/app/game/screens/scr_game_on.cpp:80:6:void fs_game_view_wall()	40	static
sources/app/game/screens/scr_game_on.cpp:92:6:void fs_game_view_explosion()	40	static
sources/app/game/screens/scr_game_on.cpp:102:6:void fs_game_view_obstacle()	40	static
sources/app/game/screens/scr_game_on.cpp:115:6:void fs_game_view_infor_fly()	8	static
sources/app/game/screens/scr_game_on.cpp:125:6:void view_scr_fs_game_on()	8	static
sources/app/game/screens/scr_game_on.cpp:139:6:void task_scr_fs_game_on_handle(ak_msg_t*)	8	static
