sources/platform/stm32l/Libraries/STM32L1xx_StdPeriph_Driver/src/stm32l1xx_i2c.c:124:6:I2C_DeInit	8	static
sources/platform/stm32l/Libraries/STM32L1xx_StdPeriph_Driver/src/stm32l1xx_i2c.c:155:6:I2C_Init	32	static
sources/platform/stm32l/Libraries/STM32L1xx_StdPeriph_Driver/src/stm32l1xx_i2c.c:264:6:I2C_StructInit	0	static
sources/platform/stm32l/Libraries/STM32L1xx_StdPeriph_Driver/src/stm32l1xx_i2c.c:288:6:I2C_Cmd	0	static
sources/platform/stm32l/Libraries/STM32L1xx_StdPeriph_Driver/src/stm32l1xx_i2c.c:312:6:I2C_GenerateSTART	0	static
sources/platform/stm32l/Libraries/STM32L1xx_StdPeriph_Driver/src/stm32l1xx_i2c.c:336:6:I2C_GenerateSTOP	0	static
sources/platform/stm32l/Libraries/STM32L1xx_StdPeriph_Driver/src/stm32l1xx_i2c.c:360:6:I2C_AcknowledgeConfig	0	static
sources/platform/stm32l/Libraries/STM32L1xx_StdPeriph_Driver/src/stm32l1xx_i2c.c:383:6:I2C_OwnAddress2Config	0	static
sources/platform/stm32l/Libraries/STM32L1xx_StdPeriph_Driver/src/stm32l1xx_i2c.c:410:6:I2C_DualAddressCmd	0	static
sources/platform/stm32l/Libraries/STM32L1xx_StdPeriph_Driver/src/stm32l1xx_i2c.c:434:6:I2C_GeneralCallCmd	0	static
sources/platform/stm32l/Libraries/STM32L1xx_StdPeriph_Driver/src/stm32l1xx_i2c.c:458:6:I2C_SoftwareResetCmd	0	static
sources/platform/stm32l/Libraries/STM32L1xx_StdPeriph_Driver/src/stm32l1xx_i2c.c:484:6:I2C_SMBusAlertConfig	0	static
sources/platform/stm32l/Libraries/STM32L1xx_StdPeriph_Driver/src/stm32l1xx_i2c.c:508:6:I2C_ARPCmd	0	static
sources/platform/stm32l/Libraries/STM32L1xx_StdPeriph_Driver/src/stm32l1xx_i2c.c:532:6:I2C_StretchClockCmd	0	static
sources/platform/stm32l/Libraries/STM32L1xx_StdPeriph_Driver/src/stm32l1xx_i2c.c:558:6:I2C_FastModeDutyCycleConfig	0	static
sources/platform/stm32l/Libraries/STM32L1xx_StdPeriph_Driver/src/stm32l1xx_i2c.c:585:6:I2C_Send7bitAddress	0	static
sources/platform/stm32l/Libraries/STM32L1xx_StdPeriph_Driver/src/stm32l1xx_i2c.c:627:6:I2C_SendData	0	static
sources/platform/stm32l/Libraries/STM32L1xx_StdPeriph_Driver/src/stm32l1xx_i2c.c:640:9:I2C_ReceiveData	0	static
sources/platform/stm32l/Libraries/STM32L1xx_StdPeriph_Driver/src/stm32l1xx_i2c.c:668:6:I2C_NACKPositionConfig	0	static
sources/platform/stm32l/Libraries/STM32L1xx_StdPeriph_Driver/src/stm32l1xx_i2c.c:710:6:I2C_TransmitPEC	0	static
sources/platform/stm32l/Libraries/STM32L1xx_StdPeriph_Driver/src/stm32l1xx_i2c.c:739:6:I2C_PECPositionConfig	0	static
sources/platform/stm32l/Libraries/STM32L1xx_StdPeriph_Driver/src/stm32l1xx_i2c.c:763:6:I2C_CalculatePEC	0	static
sources/platform/stm32l/Libraries/STM32L1xx_StdPeriph_Driver/src/stm32l1xx_i2c.c:785:9:I2C_GetPEC	0	static
sources/platform/stm32l/Libraries/STM32L1xx_StdPeriph_Driver/src/stm32l1xx_i2c.c:817:6:I2C_DMACmd	0	static
sources/platform/stm32l/Libraries/STM32L1xx_StdPeriph_Driver/src/stm32l1xx_i2c.c:841:6:I2C_DMALastTransferCmd	0	static
sources/platform/stm32l/Libraries/STM32L1xx_StdPeriph_Driver/src/stm32l1xx_i2c.c:974:10:I2C_ReadRegister	8	static
sources/platform/stm32l/Libraries/STM32L1xx_StdPeriph_Driver/src/stm32l1xx_i2c.c:1001:6:I2C_ITConfig	0	static
sources/platform/stm32l/Libraries/STM32L1xx_StdPeriph_Driver/src/stm32l1xx_i2c.c:1058:13:I2C_CheckEvent	0	static
sources/platform/stm32l/Libraries/STM32L1xx_StdPeriph_Driver/src/stm32l1xx_i2c.c:1106:10:I2C_GetLastEvent	0	static
sources/platform/stm32l/Libraries/STM32L1xx_StdPeriph_Driver/src/stm32l1xx_i2c.c:1161:12:I2C_GetFlagStatus	8	static
sources/platform/stm32l/Libraries/STM32L1xx_StdPeriph_Driver/src/stm32l1xx_i2c.c:1238:6:I2C_ClearFlag	0	static
sources/platform/stm32l/Libraries/STM32L1xx_StdPeriph_Driver/src/stm32l1xx_i2c.c:1272:10:I2C_GetITStatus	0	static
sources/platform/stm32l/Libraries/STM32L1xx_StdPeriph_Driver/src/stm32l1xx_i2c.c:1333:6:I2C_ClearITPendingBit	0	static
