sources/platform/stm32l/Libraries/STM32L1xx_StdPeriph_Driver/src/stm32l1xx_flash.c:189:6:FLASH_SetLatency	0	static
sources/platform/stm32l/Libraries/STM32L1xx_StdPeriph_Driver/src/stm32l1xx_flash.c:213:6:FLASH_PrefetchBufferCmd	0	static
sources/platform/stm32l/Libraries/STM32L1xx_StdPeriph_Driver/src/stm32l1xx_flash.c:240:6:FLASH_ReadAccess64Cmd	0	static
sources/platform/stm32l/Libraries/STM32L1xx_StdPeriph_Driver/src/stm32l1xx_flash.c:262:6:FLASH_SLEEPPowerDownCmd	0	static
sources/platform/stm32l/Libraries/STM32L1xx_StdPeriph_Driver/src/stm32l1xx_flash.c:331:6:FLASH_Lock	0	static
sources/platform/stm32l/Libraries/STM32L1xx_StdPeriph_Driver/src/stm32l1xx_flash.c:458:6:DATA_EEPROM_Unlock	0	static
sources/platform/stm32l/Libraries/STM32L1xx_StdPeriph_Driver/src/stm32l1xx_flash.c:313:6:FLASH_Unlock	8	static
sources/platform/stm32l/Libraries/STM32L1xx_StdPeriph_Driver/src/stm32l1xx_flash.c:473:6:DATA_EEPROM_Lock	0	static
sources/platform/stm32l/Libraries/STM32L1xx_StdPeriph_Driver/src/stm32l1xx_flash.c:485:6:DATA_EEPROM_FixedTimeProgramCmd	0	static
sources/platform/stm32l/Libraries/STM32L1xx_StdPeriph_Driver/src/stm32l1xx_flash.c:999:6:FLASH_OB_Unlock	8	static
sources/platform/stm32l/Libraries/STM32L1xx_StdPeriph_Driver/src/stm32l1xx_flash.c:1017:6:FLASH_OB_Lock	0	static
sources/platform/stm32l/Libraries/STM32L1xx_StdPeriph_Driver/src/stm32l1xx_flash.c:1028:6:FLASH_OB_Launch	0	static
sources/platform/stm32l/Libraries/STM32L1xx_StdPeriph_Driver/src/stm32l1xx_flash.c:1633:9:FLASH_OB_GetUser	0	static
sources/platform/stm32l/Libraries/STM32L1xx_StdPeriph_Driver/src/stm32l1xx_flash.c:1646:10:FLASH_OB_GetWRP	0	static
sources/platform/stm32l/Libraries/STM32L1xx_StdPeriph_Driver/src/stm32l1xx_flash.c:1661:10:FLASH_OB_GetWRP1	0	static
sources/platform/stm32l/Libraries/STM32L1xx_StdPeriph_Driver/src/stm32l1xx_flash.c:1675:10:FLASH_OB_GetWRP2	0	static
sources/platform/stm32l/Libraries/STM32L1xx_StdPeriph_Driver/src/stm32l1xx_flash.c:1689:10:FLASH_OB_GetWRP3	0	static
sources/platform/stm32l/Libraries/STM32L1xx_StdPeriph_Driver/src/stm32l1xx_flash.c:1700:12:FLASH_OB_GetRDP	0	static
sources/platform/stm32l/Libraries/STM32L1xx_StdPeriph_Driver/src/stm32l1xx_flash.c:1721:12:FLASH_OB_GetSPRMOD	0	static
sources/platform/stm32l/Libraries/STM32L1xx_StdPeriph_Driver/src/stm32l1xx_flash.c:1745:9:FLASH_OB_GetBOR	0	static
sources/platform/stm32l/Libraries/STM32L1xx_StdPeriph_Driver/src/stm32l1xx_flash.c:1776:6:FLASH_ITConfig	0	static
sources/platform/stm32l/Libraries/STM32L1xx_StdPeriph_Driver/src/stm32l1xx_flash.c:1810:12:FLASH_GetFlagStatus	0	static
sources/platform/stm32l/Libraries/STM32L1xx_StdPeriph_Driver/src/stm32l1xx_flash.c:1842:6:FLASH_ClearFlag	0	static
sources/platform/stm32l/Libraries/STM32L1xx_StdPeriph_Driver/src/stm32l1xx_flash.c:1857:14:FLASH_GetStatus	0	static
sources/platform/stm32l/Libraries/STM32L1xx_StdPeriph_Driver/src/stm32l1xx_flash.c:1894:14:FLASH_WaitForLastOperation	16	static
sources/platform/stm32l/Libraries/STM32L1xx_StdPeriph_Driver/src/stm32l1xx_flash.c:349:14:FLASH_ErasePage	16	static
sources/platform/stm32l/Libraries/STM32L1xx_StdPeriph_Driver/src/stm32l1xx_flash.c:394:14:FLASH_FastProgramWord	16	static
sources/platform/stm32l/Libraries/STM32L1xx_StdPeriph_Driver/src/stm32l1xx_flash.c:904:14:DATA_EEPROM_ProgramWord	0	static
sources/platform/stm32l/Libraries/STM32L1xx_StdPeriph_Driver/src/stm32l1xx_flash.c:513:14:DATA_EEPROM_EraseByte	8	static
sources/platform/stm32l/Libraries/STM32L1xx_StdPeriph_Driver/src/stm32l1xx_flash.c:546:14:DATA_EEPROM_EraseHalfWord	8	static
sources/platform/stm32l/Libraries/STM32L1xx_StdPeriph_Driver/src/stm32l1xx_flash.c:579:14:DATA_EEPROM_EraseWord	8	static
sources/platform/stm32l/Libraries/STM32L1xx_StdPeriph_Driver/src/stm32l1xx_flash.c:742:14:DATA_EEPROM_FastProgramWord	16	static
sources/platform/stm32l/Libraries/STM32L1xx_StdPeriph_Driver/src/stm32l1xx_flash.c:612:14:DATA_EEPROM_FastProgramByte	16	static
sources/platform/stm32l/Libraries/STM32L1xx_StdPeriph_Driver/src/stm32l1xx_flash.c:673:14:DATA_EEPROM_FastProgramHalfWord	16	static
sources/platform/stm32l/Libraries/STM32L1xx_StdPeriph_Driver/src/stm32l1xx_flash.c:781:14:DATA_EEPROM_ProgramByte	16	static
sources/platform/stm32l/Libraries/STM32L1xx_StdPeriph_Driver/src/stm32l1xx_flash.c:839:14:DATA_EEPROM_ProgramHalfWord	16	static
sources/platform/stm32l/Libraries/STM32L1xx_StdPeriph_Driver/src/stm32l1xx_flash.c:1047:14:FLASH_OB_WRPConfig	16	static
sources/platform/stm32l/Libraries/STM32L1xx_StdPeriph_Driver/src/stm32l1xx_flash.c:1108:14:FLASH_OB_WRP1Config	16	static
sources/platform/stm32l/Libraries/STM32L1xx_StdPeriph_Driver/src/stm32l1xx_flash.c:1168:14:FLASH_OB_WRP2Config	16	static
sources/platform/stm32l/Libraries/STM32L1xx_StdPeriph_Driver/src/stm32l1xx_flash.c:1228:14:FLASH_OB_WRP3Config	16	static
sources/platform/stm32l/Libraries/STM32L1xx_StdPeriph_Driver/src/stm32l1xx_flash.c:1289:14:FLASH_OB_RDPConfig	8	static
sources/platform/stm32l/Libraries/STM32L1xx_StdPeriph_Driver/src/stm32l1xx_flash.c:1329:14:FLASH_OB_PCROPConfig	16	static
sources/platform/stm32l/Libraries/STM32L1xx_StdPeriph_Driver/src/stm32l1xx_flash.c:1391:14:FLASH_OB_PCROP1Config	16	static
sources/platform/stm32l/Libraries/STM32L1xx_StdPeriph_Driver/src/stm32l1xx_flash.c:1448:14:FLASH_OB_PCROPSelectionConfig	8	static
sources/platform/stm32l/Libraries/STM32L1xx_StdPeriph_Driver/src/stm32l1xx_flash.c:1501:14:FLASH_OB_UserConfig	24	static
sources/platform/stm32l/Libraries/STM32L1xx_StdPeriph_Driver/src/stm32l1xx_flash.c:1548:14:FLASH_OB_BORConfig	16	static
sources/platform/stm32l/Libraries/STM32L1xx_StdPeriph_Driver/src/stm32l1xx_flash.c:1597:14:FLASH_OB_BootConfig	16	static
