sources/platform/stm32l/sys_cfg.c:229:6:sys_ctrl_shell_put_char_block	8	static
sources/platform/stm32l/sys_cfg.c:211:6:sys_ctrl_shell_put_char	16	static
sources/platform/stm32l/sys_cfg.c:42:6:sys_cfg_clock	8	static
sources/platform/stm32l/sys_cfg.c:53:6:sys_cfg_tick	24	static
sources/platform/stm32l/sys_cfg.c:129:6:sys_cfg_svc	16	static
sources/platform/stm32l/sys_cfg.c:140:6:sys_cfg_pendsv	16	static
sources/platform/stm32l/sys_cfg.c:151:6:sys_cfg_update_info	48	static
sources/platform/stm32l/sys_cfg.c:240:6:sys_ctrl_shell_sw_to_block	8	static
sources/platform/stm32l/sys_cfg.c:73:6:sys_cfg_console	48	static
sources/platform/stm32l/sys_cfg.c:251:6:sys_ctrl_shell_sw_to_nonblock	8	static
sources/platform/stm32l/sys_cfg.c:258:9:sys_ctrl_shell_get_char	16	static
sources/platform/stm32l/sys_cfg.c:269:6:sys_ctrl_reset	0	static
sources/platform/stm32l/sys_cfg.c:273:6:sys_ctrl_delay_us	32	static
sources/platform/stm32l/sys_cfg.c:296:6:sys_ctrl_delay_ms	16	static
sources/platform/stm32l/sys_cfg.c:324:6:sys_ctr_sleep_wait_for_irq	0	static
sources/platform/stm32l/sys_cfg.c:328:6:sys_ctr_stop_mcu	16	static
sources/platform/stm32l/sys_cfg.c:382:10:sys_ctr_get_exception_number	8	static
sources/platform/stm32l/sys_cfg.c:387:6:sys_ctr_restart_app	0	static
sources/platform/stm32l/sys_cfg.c:393:6:sys_cfg_restore_app	16	static
sources/platform/stm32l/sys_cfg.c:415:6:sys_ctrl_independent_watchdog_init	8	static
sources/platform/stm32l/sys_cfg.c:423:6:sys_ctrl_independent_watchdog_reset	8	static
sources/platform/stm32l/sys_cfg.c:432:6:sys_ctrl_soft_watchdog_init	32	static
sources/platform/stm32l/sys_cfg.c:456:6:sys_ctrl_soft_watchdog_reset	8	static
sources/platform/stm32l/sys_cfg.c:462:6:sys_ctrl_soft_watchdog_enable	8	static
sources/platform/stm32l/sys_cfg.c:468:6:sys_ctrl_soft_watchdog_disable	8	static
sources/platform/stm32l/sys_cfg.c:474:6:sys_ctrl_soft_watchdog_increase_counter	8	static
sources/platform/stm32l/sys_cfg.c:482:6:sys_ctrl_get_firmware_info	12	static
sources/platform/stm32l/sys_cfg.c:500:6:task_irq_io_entry_trigger	0	static
sources/platform/stm32l/sys_cfg.c:506:6:task_irq_io_exit_trigger	0	static
