sources/platform/stm32l/system.c:234:6:default_handler	8	static
sources/platform/stm32l/system.c:324:6:nmi_handler	8	static
sources/platform/stm32l/system.c:328:6:hard_fault_handler	8	static
sources/platform/stm32l/system.c:332:6:mem_manage_handler	8	static
sources/platform/stm32l/system.c:336:6:bus_fault_handler	8	static
sources/platform/stm32l/system.c:340:6:usage_fault_handler	8	static
sources/platform/stm32l/system.c:347:6:systick_handler	8	static
sources/platform/stm32l/system.c:402:6:uart1_irq	8	static
sources/platform/stm32l/system.c:429:6:exti_line1_irq	8	static
sources/platform/stm32l/system.c:462:6:timer7_irq	8	static
sources/platform/stm32l/system.c:191:1:sys_ctrl_delay	0	static
sources/platform/stm32l/system.c:201:10:sys_ctrl_micros	8	static
sources/platform/stm32l/system.c:215:10:sys_ctrl_millis	16	static
sources/platform/stm32l/system.c:223:6:_init	0	static
sources/platform/stm32l/system.c:227:6:_fini	0	static
sources/platform/stm32l/system.c:294:10:sys_stack_count_init	16	static
sources/platform/stm32l/system.c:238:6:reset_handler	16	static
sources/platform/stm32l/system.c:309:10:sys_stack_usage	0	static
sources/platform/stm32l/system.c:317:10:sys_stack_get_size	0	static
sources/platform/stm32l/system.c:375:6:svc_exe	16	static
sources/platform/stm32l/system.c:423:6:uart2_irq	8	static
sources/platform/stm32l/system.c:442:6:exti_line15_irq	8	static
sources/platform/stm32l/system.c:452:6:timer6_irq	8	static
sources/platform/stm32l/system.c:469:6:timer4_irq	8	static
