sources/ak/src/task.c:57:16:task_irq_io_entry_trigger	0	static
sources/ak/src/task.c:64:16:task_irq_io_exit_trigger	0	static
sources/ak/src/task.c:70:6:task_create	8	static
sources/ak/src/task.c:84:6:task_polling_create	8	static
sources/ak/src/task.c:98:6:task_post	16	static
sources/ak/src/task.c:137:9:task_remove_msg	32	static
sources/ak/src/task.c:208:6:task_post_pure_msg	16	static
sources/ak/src/task.c:214:6:task_post_common_msg	24	static
sources/ak/src/task.c:221:6:task_post_dynamic_msg	24	static
sources/ak/src/task.c:228:6:task_entry_interrupt	8	static
sources/ak/src/task.c:246:6:task_exit_interrupt	8	static
sources/ak/src/task.c:256:5:task_init	8	static
sources/ak/src/task.c:310:6:task_polling_set_ability	16	static
sources/ak/src/task.c:334:6:task_polling_run	8	static
sources/ak/src/task.c:281:5:task_run	16	static
sources/ak/src/task.c:454:6:task_pri_queue_dump	32	static
sources/ak/src/task.c:491:11:task_self	0	static
sources/ak/src/task.c:495:11:get_current_task_id	0	static
sources/ak/src/task.c:499:9:get_current_task_info	0	static
sources/ak/src/task.c:503:11:get_current_active_object	0	static
